Product: MDK-ARM Standard 5.10
Component: ARM Compiler 5.04 update 1 (build 49)
Tool: armlink [5040049]

==============================================================================

Section Cross References

    adc.o(i.HAL_ADC_MspDeInit) refers to stm32f4xx_hal_gpio.o(i.HAL_GPIO_DeInit) for HAL_GPIO_DeInit
    adc.o(i.HAL_ADC_MspDeInit) refers to stm32f4xx_hal_cortex.o(i.HAL_NVIC_DisableIRQ) for HAL_NVIC_DisableIRQ
    adc.o(i.HAL_ADC_MspInit) refers to stm32f4xx_hal_gpio.o(i.HAL_GPIO_Init) for HAL_GPIO_Init
    adc.o(i.HAL_ADC_MspInit) refers to stm32f4xx_hal_cortex.o(i.HAL_NVIC_SetPriority) for HAL_NVIC_SetPriority
    adc.o(i.HAL_ADC_MspInit) refers to stm32f4xx_hal_cortex.o(i.HAL_NVIC_EnableIRQ) for HAL_NVIC_EnableIRQ
    adc.o(i.MX_ADC3_Init) refers to stm32f4xx_hal_adc.o(i.HAL_ADC_Init) for HAL_ADC_Init
    adc.o(i.MX_ADC3_Init) refers to stm32f4xx_hal_adc.o(i.HAL_ADC_ConfigChannel) for HAL_ADC_ConfigChannel
    adc.o(i.MX_ADC3_Init) refers to adc.o(.bss) for .bss
    dma.o(i.MX_DMA_Init) refers to stm32f4xx_hal_cortex.o(i.HAL_NVIC_SetPriority) for HAL_NVIC_SetPriority
    dma.o(i.MX_DMA_Init) refers to stm32f4xx_hal_cortex.o(i.HAL_NVIC_EnableIRQ) for HAL_NVIC_EnableIRQ
    gpio.o(i.MX_GPIO_Init) refers to stm32f4xx_hal_gpio.o(i.HAL_GPIO_Init) for HAL_GPIO_Init
    i2c.o(i.HAL_I2C_MspDeInit) refers to stm32f4xx_hal_gpio.o(i.HAL_GPIO_DeInit) for HAL_GPIO_DeInit
    i2c.o(i.HAL_I2C_MspDeInit) refers to stm32f4xx_hal_cortex.o(i.HAL_NVIC_DisableIRQ) for HAL_NVIC_DisableIRQ
    i2c.o(i.HAL_I2C_MspInit) refers to stm32f4xx_hal_gpio.o(i.HAL_GPIO_Init) for HAL_GPIO_Init
    i2c.o(i.HAL_I2C_MspInit) refers to stm32f4xx_hal_cortex.o(i.HAL_NVIC_SetPriority) for HAL_NVIC_SetPriority
    i2c.o(i.HAL_I2C_MspInit) refers to stm32f4xx_hal_cortex.o(i.HAL_NVIC_EnableIRQ) for HAL_NVIC_EnableIRQ
    i2c.o(i.MX_I2C1_Init) refers to stm32f4xx_hal_i2c.o(i.HAL_I2C_Init) for HAL_I2C_Init
    i2c.o(i.MX_I2C1_Init) refers to i2c.o(.bss) for .bss
    i2s.o(i.HAL_I2S_MspDeInit) refers to stm32f4xx_hal_gpio.o(i.HAL_GPIO_DeInit) for HAL_GPIO_DeInit
    i2s.o(i.HAL_I2S_MspDeInit) refers to stm32f4xx_hal_dma.o(i.HAL_DMA_DeInit) for HAL_DMA_DeInit
    i2s.o(i.HAL_I2S_MspInit) refers to stm32f4xx_hal_gpio.o(i.HAL_GPIO_Init) for HAL_GPIO_Init
    i2s.o(i.HAL_I2S_MspInit) refers to stm32f4xx_hal_dma.o(i.HAL_DMA_Init) for HAL_DMA_Init
    i2s.o(i.HAL_I2S_MspInit) refers to i2s.o(.bss) for .bss
    i2s.o(i.MX_I2S3_Init) refers to stm32f4xx_hal_i2s_ex.o(i.HAL_I2S_Init) for HAL_I2S_Init
    i2s.o(i.MX_I2S3_Init) refers to i2s.o(.bss) for .bss
    main.o(i.SystemClock_Config) refers to stm32f4xx_hal_rcc.o(i.HAL_RCC_OscConfig) for HAL_RCC_OscConfig
    main.o(i.SystemClock_Config) refers to stm32f4xx_hal_rcc.o(i.HAL_RCC_ClockConfig) for HAL_RCC_ClockConfig
    main.o(i.Write7Seg) refers to stm32f4xx_hal_gpio.o(i.HAL_GPIO_WritePin) for HAL_GPIO_WritePin
    main.o(i.main) refers to stm32f4xx_hal.o(i.HAL_Init) for HAL_Init
    main.o(i.main) refers to main.o(i.SystemClock_Config) for SystemClock_Config
    main.o(i.main) refers to gpio.o(i.MX_GPIO_Init) for MX_GPIO_Init
    main.o(i.main) refers to dma.o(i.MX_DMA_Init) for MX_DMA_Init
    main.o(i.main) refers to i2c.o(i.MX_I2C1_Init) for MX_I2C1_Init
    main.o(i.main) refers to i2s.o(i.MX_I2S3_Init) for MX_I2S3_Init
    main.o(i.main) refers to rng.o(i.MX_RNG_Init) for MX_RNG_Init
    main.o(i.main) refers to spi.o(i.MX_SPI1_Init) for MX_SPI1_Init
    main.o(i.main) refers to spi.o(i.MX_SPI2_Init) for MX_SPI2_Init
    main.o(i.main) refers to stm32f4xx_hal_gpio.o(i.HAL_GPIO_WritePin) for HAL_GPIO_WritePin
    main.o(i.main) refers to waveplayer.o(i.StartAudio) for StartAudio
    rng.o(i.HAL_RNG_MspDeInit) refers to stm32f4xx_hal_cortex.o(i.HAL_NVIC_DisableIRQ) for HAL_NVIC_DisableIRQ
    rng.o(i.HAL_RNG_MspInit) refers to stm32f4xx_hal_cortex.o(i.HAL_NVIC_SetPriority) for HAL_NVIC_SetPriority
    rng.o(i.HAL_RNG_MspInit) refers to stm32f4xx_hal_cortex.o(i.HAL_NVIC_EnableIRQ) for HAL_NVIC_EnableIRQ
    rng.o(i.MX_RNG_Init) refers to stm32f4xx_hal_rng.o(i.HAL_RNG_Init) for HAL_RNG_Init
    rng.o(i.MX_RNG_Init) refers to rng.o(.bss) for .bss
    spi.o(i.HAL_SPI_MspDeInit) refers to stm32f4xx_hal_gpio.o(i.HAL_GPIO_DeInit) for HAL_GPIO_DeInit
    spi.o(i.HAL_SPI_MspDeInit) refers to stm32f4xx_hal_cortex.o(i.HAL_NVIC_DisableIRQ) for HAL_NVIC_DisableIRQ
    spi.o(i.HAL_SPI_MspInit) refers to stm32f4xx_hal_gpio.o(i.HAL_GPIO_Init) for HAL_GPIO_Init
    spi.o(i.HAL_SPI_MspInit) refers to stm32f4xx_hal_cortex.o(i.HAL_NVIC_SetPriority) for HAL_NVIC_SetPriority
    spi.o(i.HAL_SPI_MspInit) refers to stm32f4xx_hal_cortex.o(i.HAL_NVIC_EnableIRQ) for HAL_NVIC_EnableIRQ
    spi.o(i.MX_SPI1_Init) refers to stm32f4xx_hal_spi.o(i.HAL_SPI_Init) for HAL_SPI_Init
    spi.o(i.MX_SPI1_Init) refers to spi.o(.bss) for .bss
    spi.o(i.MX_SPI2_Init) refers to stm32f4xx_hal_spi.o(i.HAL_SPI_Init) for HAL_SPI_Init
[...]
    i.HAL_TIMEx_BreakCallback                0x0800425a   Section        0  stm32f4xx_hal_tim_ex.o(i.HAL_TIMEx_BreakCallback)
    i.HAL_TIMEx_CommutationCallback          0x0800425c   Section        0  stm32f4xx_hal_tim_ex.o(i.HAL_TIMEx_CommutationCallback)
    i.HAL_TIM_IC_CaptureCallback             0x0800425e   Section        0  stm32f4xx_hal_tim.o(i.HAL_TIM_IC_CaptureCallback)
    i.HAL_TIM_IRQHandler                     0x08004260   Section        0  stm32f4xx_hal_tim.o(i.HAL_TIM_IRQHandler)
    i.HAL_TIM_OC_DelayElapsedCallback        0x080043c6   Section        0  stm32f4xx_hal_tim.o(i.HAL_TIM_OC_DelayElapsedCallback)
    i.HAL_TIM_PWM_PulseFinishedCallback      0x080043c8   Section        0  stm32f4xx_hal_tim.o(i.HAL_TIM_PWM_PulseFinishedCallback)
    i.HAL_TIM_PeriodElapsedCallback          0x080043ca   Section        0  stm32f4xx_hal_tim.o(i.HAL_TIM_PeriodElapsedCallback)
    i.HAL_TIM_TriggerCallback                0x080043cc   Section        0  stm32f4xx_hal_tim.o(i.HAL_TIM_TriggerCallback)
    i.HAL_UART_ErrorCallback                 0x080043ce   Section        0  stm32f4xx_hal_uart.o(i.HAL_UART_ErrorCallback)
    i.HAL_UART_IRQHandler                    0x080043d0   Section        0  stm32f4xx_hal_uart.o(i.HAL_UART_IRQHandler)
    i.HAL_UART_RxCpltCallback                0x080044da   Section        0  stm32f4xx_hal_uart.o(i.HAL_UART_RxCpltCallback)
    i.HAL_UART_TxCpltCallback                0x080044dc   Section        0  stm32f4xx_hal_uart.o(i.HAL_UART_TxCpltCallback)
    i.HASH_RNG_IRQHandler                    0x080044e0   Section        0  stm32f4xx_it.o(i.HASH_RNG_IRQHandler)
    i.I2C1_ER_IRQHandler                     0x080044ec   Section        0  stm32f4xx_it.o(i.I2C1_ER_IRQHandler)
    i.I2C1_EV_IRQHandler                     0x080044f8   Section        0  stm32f4xx_it.o(i.I2C1_EV_IRQHandler)
    i.I2C_MasterReceive_BTF                  0x08004504   Section        0  stm32f4xx_hal_i2c.o(i.I2C_MasterReceive_BTF)
    I2C_MasterReceive_BTF                    0x08004505   Thumb Code   160  stm32f4xx_hal_i2c.o(i.I2C_MasterReceive_BTF)
    i.I2C_MasterReceive_RXNE                 0x080045a8   Section        0  stm32f4xx_hal_i2c.o(i.I2C_MasterReceive_RXNE)
    I2C_MasterReceive_RXNE                   0x080045a9   Thumb Code   132  stm32f4xx_hal_i2c.o(i.I2C_MasterReceive_RXNE)
    i.I2C_MasterRequestWrite                 0x08004630   Section        0  stm32f4xx_hal_i2c.o(i.I2C_MasterRequestWrite)
    I2C_MasterRequestWrite                   0x08004631   Thumb Code   112  stm32f4xx_hal_i2c.o(i.I2C_MasterRequestWrite)
    i.I2C_MasterTransmit_BTF                 0x080046a4   Section        0  stm32f4xx_hal_i2c.o(i.I2C_MasterTransmit_BTF)
    I2C_MasterTransmit_BTF                   0x080046a5   Thumb Code    94  stm32f4xx_hal_i2c.o(i.I2C_MasterTransmit_BTF)
    i.I2C_WaitOnFlagUntilTimeout             0x08004708   Section        0  stm32f4xx_hal_i2c.o(i.I2C_WaitOnFlagUntilTimeout)
    I2C_WaitOnFlagUntilTimeout               0x08004709   Thumb Code   138  stm32f4xx_hal_i2c.o(i.I2C_WaitOnFlagUntilTimeout)
    i.I2C_WaitOnMasterAddressFlagUntilTimeout 0x08004794   Section        0  stm32f4xx_hal_i2c.o(i.I2C_WaitOnMasterAddressFlagUntilTimeout)
    I2C_WaitOnMasterAddressFlagUntilTimeout  0x08004795   Thumb Code   136  stm32f4xx_hal_i2c.o(i.I2C_WaitOnMasterAddressFlagUntilTimeout)
    i.I2S_DMAError                           0x0800481c   Section        0  stm32f4xx_hal_i2s.o(i.I2S_DMAError)
    i.I2S_DMARxCplt                          0x0800483c   Section        0  stm32f4xx_hal_i2s_ex.o(i.I2S_DMARxCplt)
    i.I2S_DMARxHalfCplt                      0x080048a4   Section        0  stm32f4xx_hal_i2s.o(i.I2S_DMARxHalfCplt)
    i.I2S_DMATxCplt                          0x080048b0   Section        0  stm32f4xx_hal_i2s_ex.o(i.I2S_DMATxCplt)
    i.I2S_DMATxHalfCplt                      0x08004914   Section        0  stm32f4xx_hal_i2s.o(i.I2S_DMATxHalfCplt)
    i.I2S_GetInputClock                      0x08004920   Section        0  stm32f4xx_hal_i2s_ex.o(i.I2S_GetInputClock)
    i.KSprocess                              0x08004978   Section        0  waveplayer.o(i.KSprocess)
    i.MX_DMA_Init                            0x080049c4   Section        0  dma.o(i.MX_DMA_Init)
    i.MX_GPIO_Init                           0x08004a00   Section        0  gpio.o(i.MX_GPIO_Init)
    i.MX_I2C1_Init                           0x08004b24   Section        0  i2c.o(i.MX_I2C1_Init)
    i.MX_I2S3_Init                           0x08004b54   Section        0  i2s.o(i.MX_I2S3_Init)
    i.MX_RNG_Init                            0x08004b80   Section        0  rng.o(i.MX_RNG_Init)
    i.MX_SPI1_Init                           0x08004b94   Section        0  spi.o(i.MX_SPI1_Init)
    i.MX_SPI2_Init                           0x08004bc4   Section        0  spi.o(i.MX_SPI2_Init)
    i.MemManage_Handler                      0x08004bf4   Section        0  stm32f4xx_it.o(i.MemManage_Handler)
    i.MtoF                                   0x08004bf8   Section        0  waveplayer.o(i.MtoF)
    i.NMI_Handler                            0x08004c28   Section        0  stm32f4xx_it.o(i.NMI_Handler)
    i.NVIC_SetPriority                       0x08004c2c   Section        0  stm32f4xx_hal_cortex.o(i.NVIC_SetPriority)
    NVIC_SetPriority                         0x08004c2d   Thumb Code    32  stm32f4xx_hal_cortex.o(i.NVIC_SetPriority)
    i.OTG_FS_IRQHandler                      0x08004c4c   Section        0  stm32f4xx_it.o(i.OTG_FS_IRQHandler)
    i.PCD_WriteEmptyTxFifo                   0x08004c58   Section        0  stm32f4xx_hal_pcd.o(i.PCD_WriteEmptyTxFifo)
    PCD_WriteEmptyTxFifo                     0x08004c59   Thumb Code   150  stm32f4xx_hal_pcd.o(i.PCD_WriteEmptyTxFifo)
    i.RCC_IRQHandler                         0x08004cee   Section        0  stm32f4xx_it.o(i.RCC_IRQHandler)
    i.SPI1_IRQHandler                        0x08004cf0   Section        0  stm32f4xx_it.o(i.SPI1_IRQHandler)
    i.SPI2_IRQHandler                        0x08004cfc   Section        0  stm32f4xx_it.o(i.SPI2_IRQHandler)
    i.SPI_WaitOnFlagUntilTimeout             0x08004d08   Section        0  stm32f4xx_hal_spi.o(i.SPI_WaitOnFlagUntilTimeout)
    SPI_WaitOnFlagUntilTimeout               0x08004d09   Thumb Code   158  stm32f4xx_hal_spi.o(i.SPI_WaitOnFlagUntilTimeout)
    i.StartAudio                             0x08004da8   Section        0  waveplayer.o(i.StartAudio)
    i.SysTick_Handler                        0x08004de0   Section        0  stm32f4xx_it.o(i.SysTick_Handler)
    i.SystemClock_Config                     0x08004df0   Section        0  main.o(i.SystemClock_Config)
    i.SystemInit                             0x08004e64   Section        0  system_stm32f4xx.o(i.SystemInit)
    i.TIM1_BRK_TIM9_IRQHandler               0x08004eb8   Section        0  stm32f4xx_it.o(i.TIM1_BRK_TIM9_IRQHandler)
    i.TIM1_CC_IRQHandler                     0x08004ec4   Section        0  stm32f4xx_it.o(i.TIM1_CC_IRQHandler)
    i.TIM1_TRG_COM_TIM11_IRQHandler          0x08004ed0   Section        0  stm32f4xx_it.o(i.TIM1_TRG_COM_TIM11_IRQHandler)
    i.TIM1_UP_TIM10_IRQHandler               0x08004edc   Section        0  stm32f4xx_it.o(i.TIM1_UP_TIM10_IRQHandler)
    i.UART5_IRQHandler                       0x08004ee8   Section        0  stm32f4xx_it.o(i.UART5_IRQHandler)
    i.UART_Receive_IT                        0x08004ef4   Section        0  stm32f4xx_hal_uart.o(i.UART_Receive_IT)
    UART_Receive_IT                          0x08004ef5   Thumb Code   168  stm32f4xx_hal_uart.o(i.UART_Receive_IT)
    i.UART_Transmit_IT                       0x08004f9c   Section        0  stm32f4xx_hal_uart.o(i.UART_Transmit_IT)
    UART_Transmit_IT                         0x08004f9d   Thumb Code   102  stm32f4xx_hal_uart.o(i.UART_Transmit_IT)
    i.USBD_ClrClassConfig                    0x08005002   Section        0  usbd_core.o(i.USBD_ClrClassConfig)
    i.USBD_CtlContinueRx                     0x08005010   Section        0  usbd_ioreq.o(i.USBD_CtlContinueRx)
    i.USBD_CtlContinueSendData               0x08005020   Section        0  usbd_ioreq.o(i.USBD_CtlContinueSendData)
    i.USBD_CtlError                          0x08005030   Section        0  usbd_ctlreq.o(i.USBD_CtlError)
    i.USBD_CtlReceiveStatus                  0x08005046   Section        0  usbd_ioreq.o(i.USBD_CtlReceiveStatus)
    i.USBD_CtlSendData                       0x0800505c   Section        0  usbd_ioreq.o(i.USBD_CtlSendData)
    i.USBD_CtlSendStatus                     0x08005076   Section        0  usbd_ioreq.o(i.USBD_CtlSendStatus)
    i.USBD_GetDescriptor                     0x0800508c   Section        0  usbd_ctlreq.o(i.USBD_GetDescriptor)
    USBD_GetDescriptor                       0x0800508d   Thumb Code   224  usbd_ctlreq.o(i.USBD_GetDescriptor)
    i.USBD_LL_ClearStallEP                   0x0800516c   Section        0  usbd_conf.o(i.USBD_LL_ClearStallEP)
    i.USBD_LL_DataInStage                    0x0800517a   Section        0  usbd_core.o(i.USBD_LL_DataInStage)
    i.USBD_LL_DataOutStage                   0x08005224   Section        0  usbd_core.o(i.USBD_LL_DataOutStage)
    i.USBD_LL_DevConnected                   0x0800528e   Section        0  usbd_core.o(i.USBD_LL_DevConnected)
    i.USBD_LL_DevDisconnected                0x08005292   Section        0  usbd_core.o(i.USBD_LL_DevDisconnected)
    i.USBD_LL_IsStallEP                      0x080052a8   Section        0  usbd_conf.o(i.USBD_LL_IsStallEP)
    i.USBD_LL_IsoINIncomplete                0x080052c8   Section        0  usbd_core.o(i.USBD_LL_IsoINIncomplete)
    i.USBD_LL_IsoOUTIncomplete               0x080052cc   Section        0  usbd_core.o(i.USBD_LL_IsoOUTIncomplete)
    i.USBD_LL_OpenEP                         0x080052d0   Section        0  usbd_conf.o(i.USBD_LL_OpenEP)
    i.USBD_LL_PrepareReceive                 0x080052e4   Section        0  usbd_conf.o(i.USBD_LL_PrepareReceive)
    i.USBD_LL_Reset                          0x080052f2   Section        0  usbd_core.o(i.USBD_LL_Reset)
    i.USBD_LL_Resume                         0x08005330   Section        0  usbd_core.o(i.USBD_LL_Resume)
    i.USBD_LL_SOF                            0x0800533c   Section        0  usbd_core.o(i.USBD_LL_SOF)
    i.USBD_LL_SetSpeed                       0x08005354   Section        0  usbd_core.o(i.USBD_LL_SetSpeed)
    i.USBD_LL_SetUSBAddress                  0x0800535a   Section        0  usbd_conf.o(i.USBD_LL_SetUSBAddress)
    i.USBD_LL_SetupStage                     0x08005368   Section        0  usbd_core.o(i.USBD_LL_SetupStage)
    i.USBD_LL_StallEP                        0x080053c2   Section        0  usbd_conf.o(i.USBD_LL_StallEP)
    i.USBD_LL_Suspend                        0x080053d0   Section        0  usbd_core.o(i.USBD_LL_Suspend)
    i.USBD_LL_Transmit                       0x080053e2   Section        0  usbd_conf.o(i.USBD_LL_Transmit)
    i.USBD_ParseSetupRequest                 0x080053f0   Section        0  usbd_ctlreq.o(i.USBD_ParseSetupRequest)
    i.USBD_SetClassConfig                    0x08005418   Section        0  usbd_core.o(i.USBD_SetClassConfig)
    i.USBD_SetConfig                         0x08005430   Section        0  usbd_ctlreq.o(i.USBD_SetConfig)
    USBD_SetConfig                           0x08005431   Thumb Code   110  usbd_ctlreq.o(i.USBD_SetConfig)
    i.USBD_StdDevReq                         0x080054a4   Section        0  usbd_ctlreq.o(i.USBD_StdDevReq)
    i.USBD_StdEPReq                          0x08005596   Section        0  usbd_ctlreq.o(i.USBD_StdEPReq)
    i.USBD_StdItfReq                         0x08005672   Section        0  usbd_ctlreq.o(i.USBD_StdItfReq)
    i.USB_ActivateEndpoint                   0x080056a8   Section        0  stm32f4xx_ll_usb.o(i.USB_ActivateEndpoint)
    i.USB_ActivateSetup                      0x08005728   Section        0  stm32f4xx_ll_usb.o(i.USB_ActivateSetup)
    i.USB_EP0StartXfer                       0x0800575c   Section        0  stm32f4xx_ll_usb.o(i.USB_EP0StartXfer)
    i.USB_EP0_OutStart                       0x0800589c   Section        0  stm32f4xx_ll_usb.o(i.USB_EP0_OutStart)
    i.USB_EPClearStall                       0x080058da   Section        0  stm32f4xx_ll_usb.o(i.USB_EPClearStall)
    i.USB_EPSetStall                         0x0800593e   Section        0  stm32f4xx_ll_usb.o(i.USB_EPSetStall)
    i.USB_EPStartXfer                        0x0800599c   Section        0  stm32f4xx_ll_usb.o(i.USB_EPStartXfer)
    i.USB_FlushTxFifo                        0x08005bb8   Section        0  stm32f4xx_ll_usb.o(i.USB_FlushTxFifo)
    i.USB_GetDevSpeed                        0x08005bdc   Section        0  stm32f4xx_ll_usb.o(i.USB_GetDevSpeed)
    i.USB_GetMode                            0x08005c18   Section        0  stm32f4xx_ll_usb.o(i.USB_GetMode)
    i.USB_ReadDevAllInEpInterrupt            0x08005c20   Section        0  stm32f4xx_ll_usb.o(i.USB_ReadDevAllInEpInterrupt)
    i.USB_ReadDevAllOutEpInterrupt           0x08005c2e   Section        0  stm32f4xx_ll_usb.o(i.USB_ReadDevAllOutEpInterrupt)
    i.USB_ReadDevInEPInterrupt               0x08005c3c   Section        0  stm32f4xx_ll_usb.o(i.USB_ReadDevInEPInterrupt)
    i.USB_ReadDevOutEPInterrupt              0x08005c5a   Section        0  stm32f4xx_ll_usb.o(i.USB_ReadDevOutEPInterrupt)
    i.USB_ReadInterrupts                     0x08005c6a   Section        0  stm32f4xx_ll_usb.o(i.USB_ReadInterrupts)
    i.USB_ReadPacket                         0x08005c72   Section        0  stm32f4xx_ll_usb.o(i.USB_ReadPacket)
    i.USB_SetDevAddress                      0x08005c92   Section        0  stm32f4xx_ll_usb.o(i.USB_SetDevAddress)
    i.USB_WritePacket                        0x08005cb4   Section        0  stm32f4xx_ll_usb.o(i.USB_WritePacket)
    i.UsageFault_Handler                     0x08005cdc   Section        0  stm32f4xx_it.o(i.UsageFault_Handler)
    i.__ARM_fpclassifyf                      0x08005cde   Section        0  fpclassifyf.o(i.__ARM_fpclassifyf)
    i.__hardfp_powf                          0x08005d08   Section        0  powf.o(i.__hardfp_powf)
    i.__mathlib_flt_underflow                0x08006334   Section        0  funder.o(i.__mathlib_flt_underflow)
    i.__scatterload_copy                     0x08006344   Section       14  handlers.o(i.__scatterload_copy)
    i.__scatterload_null                     0x08006352   Section        2  handlers.o(i.__scatterload_null)
    i.__scatterload_zeroinit                 0x08006354   Section       14  handlers.o(i.__scatterload_zeroinit)
    i.__set_errno                            0x08006364   Section        0  errno.o(i.__set_errno)
    i.adc_env_detector                       0x08006370   Section        0  waveplayer.o(i.adc_env_detector)
    i.assert_failed                          0x080063dc   Section        0  main.o(i.assert_failed)
    i.fillBufferWithInputProcess             0x080063e0   Section        0  waveplayer.o(i.fillBufferWithInputProcess)
    i.getADC_Raw                             0x080064b0   Section        0  waveplayer.o(i.getADC_Raw)
    i.highpass                               0x080065b8   Section        0  waveplayer.o(i.highpass)
    i.highpass2                              0x080065e4   Section        0  waveplayer.o(i.highpass2)
    i.initScalars                            0x08006610   Section        0  waveplayer.o(i.initScalars)
    i.interpolateDelay                       0x0800666c   Section        0  waveplayer.o(i.interpolateDelay)
    i.interpolateFeedback                    0x080066f4   Section        0  waveplayer.o(i.interpolateFeedback)
    i.main                                   0x080067ac   Section        0  main.o(i.main)
    i.myProcess                              0x080067fc   Section        0  waveplayer.o(i.myProcess)
    i.nextOut                                0x080069b4   Section        0  waveplayer.o(i.nextOut)
    i.readExternalADC                        0x08006a18   Section        0  waveplayer.o(i.readExternalADC)
    i.setDelay                               0x08006a80   Section        0  waveplayer.o(i.setDelay)
    i.setRamp                                0x08006ad0   Section        0  waveplayer.o(i.setRamp)
    i.thresholdCheck                         0x08006b28   Section        0  waveplayer.o(i.thresholdCheck)
    i.tick                                   0x08006b64   Section        0  waveplayer.o(i.tick)
    i.updatePhase                            0x08006be8   Section        0  waveplayer.o(i.updatePhase)
    i.wavetableSynth                         0x08006c18   Section        0  waveplayer.o(i.wavetableSynth)
    i.whiteNoise                             0x08006c8c   Section        0  waveplayer.o(i.whiteNoise)
    .constdata                               0x08006cc8   Section     4096  sinewave.o(.constdata)
    .constdata                               0x08007cc8   Section       16  stm32f4xx_hal_rcc.o(.constdata)
    .constdata                               0x08007cd8   Section      320  powf.o(.constdata)
    table                                    0x08007cd8   Data         128  powf.o(.constdata)
    powersof2to1over16top                    0x08007d58   Data          64  powf.o(.constdata)
    powersof2to1over16bot                    0x08007d98   Data          64  powf.o(.constdata)
    powersof2to1over16all                    0x08007dd8   Data          64  powf.o(.constdata)
    .data                                    0x20000000   Section      184  waveplayer.o(.data)
    .data                                    0x200000b8   Section       20  system_stm32f4xx.o(.data)
    .data                                    0x200000cc   Section        4  stm32f4xx_hal.o(.data)
    uwTick                                   0x200000cc   Data           4  stm32f4xx_hal.o(.data)
    .data                                    0x200000d0   Section        1  usbd_ctlreq.o(.data)
    cfgidx                                   0x200000d0   Data           1  usbd_ctlreq.o(.data)
    .data                                    0x200000d4   Section        4  errno.o(.data)
    _errno                                   0x200000d4   Data           4  errno.o(.data)
    .bss                                     0x200000d8   Section       68  adc.o(.bss)
    .bss                                     0x2000011c   Section       60  i2c.o(.bss)
    .bss                                     0x20000158   Section      228  i2s.o(.bss)
    .bss                                     0x2000023c   Section       20  main.o(.bss)
    .bss                                     0x20000250   Section       20  main.o(.bss)
    .bss                                     0x20000264   Section       12  rng.o(.bss)
    .bss                                     0x20000270   Section      176  spi.o(.bss)
    .bss                                     0x20000320   Section       60  tim.o(.bss)
    .bss                                     0x2000035c   Section       64  usart.o(.bss)
    .bss                                     0x2000039c   Section      948  usbd_conf.o(.bss)
    .bss                                     0x20000750   Section    66620  waveplayer.o(.bss)
    STACK                                    0x20010b90   Section     1024  startup_stm32f405xx.o(STACK)

    Global Symbols

    Symbol Name                              Value     Ov Type        Size  Object(Section)

    BuildAttributes$$THM_ISAv4$E$P$D$K$B$S$7EM$VFPi3$EXTD16$VFPS$VFMA$PE$A:L22UL41UL21$X:L11$S22US41US21$IEEE1$IW$USESV6$~STKCKD$USESV7$~SHL$OTIME$ROPI$IEEEX$EBA8$MICROLIB$REQ8$PRES8$EABIv2 0x00000000   Number         0  anon$$obj.o ABSOLUTE
    __ARM_use_no_argv                        0x00000000   Number         0  main.o ABSOLUTE
    __cpp_initialize__aeabi_                  - Undefined Weak Reference
    __cxa_finalize                            - Undefined Weak Reference
    __decompress                              - Undefined Weak Reference
    _clock_init                               - Undefined Weak Reference
    _microlib_exit                            - Undefined Weak Reference
    __Vectors_Size                           0x00000188   Number         0  startup_stm32f405xx.o ABSOLUTE
    __Vectors                                0x08000000   Data           4  startup_stm32f405xx.o(RESET)
    __Vectors_End                            0x08000188   Data           0  startup_stm32f405xx.o(RESET)
    __main                                   0x08000189   Thumb Code     0  entry.o(.ARM.Collect$$$$00000000)
    _main_stk                                0x08000189   Thumb Code     0  entry2.o(.ARM.Collect$$$$00000001)
    _main_scatterload                        0x0800018d   Thumb Code     0  entry5.o(.ARM.Collect$$$$00000004)
    __main_after_scatterload                 0x08000191   Thumb Code     0  entry5.o(.ARM.Collect$$$$00000004)
    _main_clock                              0x08000191   Thumb Code     0  entry7b.o(.ARM.Collect$$$$00000008)
    _main_cpp_init                           0x08000191   Thumb Code     0  entry8b.o(.ARM.Collect$$$$0000000A)
    _main_init                               0x08000191   Thumb Code     0  entry9a.o(.ARM.Collect$$$$0000000B)
    __rt_final_cpp                           0x08000199   Thumb Code     0  entry10a.o(.ARM.Collect$$$$0000000D)
    __rt_final_exit                          0x08000199   Thumb Code     0  entry11a.o(.ARM.Collect$$$$0000000F)
    Reset_Handler                            0x0800019d   Thumb Code     8  startup_stm32f405xx.o(.text)
    HardFault_Handler                        0x080001a7   Thumb Code     2  startup_stm32f405xx.o(.text)
    SVC_Handler                              0x080001af   Thumb Code     2  startup_stm32f405xx.o(.text)
    PendSV_Handler                           0x080001b3   Thumb Code     2  startup_stm32f405xx.o(.text)
    CAN1_RX0_IRQHandler                      0x080001b7   Thumb Code     0  startup_stm32f405xx.o(.text)
    CAN1_RX1_IRQHandler                      0x080001b7   Thumb Code     0  startup_stm32f405xx.o(.text)
    CAN1_SCE_IRQHandler                      0x080001b7   Thumb Code     0  startup_stm32f405xx.o(.text)
    CAN1_TX_IRQHandler                       0x080001b7   Thumb Code     0  startup_stm32f405xx.o(.text)
    CAN2_RX0_IRQHandler                      0x080001b7   Thumb Code     0  startup_stm32f405xx.o(.text)
    CAN2_RX1_IRQHandler                      0x080001b7   Thumb Code     0  startup_stm32f405xx.o(.text)
    CAN2_SCE_IRQHandler                      0x080001b7   Thumb Code     0  startup_stm32f405xx.o(.text)
    CAN2_TX_IRQHandler                       0x080001b7   Thumb Code     0  startup_stm32f405xx.o(.text)
    DMA1_Stream1_IRQHandler                  0x080001b7   Thumb Code     0  startup_stm32f405xx.o(.text)
    DMA1_Stream2_IRQHandler                  0x080001b7   Thumb Code     0  startup_stm32f405xx.o(.text)
    DMA1_Stream3_IRQHandler                  0x080001b7   Thumb Code     0  startup_stm32f405xx.o(.text)
    DMA1_Stream4_IRQHandler                  0x080001b7   Thumb Code     0  startup_stm32f405xx.o(.text)
    DMA1_Stream5_IRQHandler                  0x080001b7   Thumb Code     0  startup_stm32f405xx.o(.text)
    DMA1_Stream6_IRQHandler                  0x080001b7   Thumb Code     0  startup_stm32f405xx.o(.text)
    DMA2_Stream0_IRQHandler                  0x080001b7   Thumb Code     0  startup_stm32f405xx.o(.text)
    DMA2_Stream1_IRQHandler                  0x080001b7   Thumb Code     0  startup_stm32f405xx.o(.text)
    DMA2_Stream2_IRQHandler                  0x080001b7   Thumb Code     0  startup_stm32f405xx.o(.text)
    DMA2_Stream3_IRQHandler                  0x080001b7   Thumb Code     0  startup_stm32f405xx.o(.text)
    DMA2_Stream4_IRQHandler                  0x080001b7   Thumb Code     0  startup_stm32f405xx.o(.text)
    DMA2_Stream5_IRQHandler                  0x080001b7   Thumb Code     0  startup_stm32f405xx.o(.text)
    DMA2_Stream6_IRQHandler                  0x080001b7   Thumb Code     0  startup_stm32f405xx.o(.text)
    DMA2_Stream7_IRQHandler                  0x080001b7   Thumb Code     0  startup_stm32f405xx.o(.text)
    EXTI0_IRQHandler                         0x080001b7   Thumb Code     0  startup_stm32f405xx.o(.text)
    EXTI15_10_IRQHandler                     0x080001b7   Thumb Code     0  startup_stm32f405xx.o(.text)
    EXTI1_IRQHandler                         0x080001b7   Thumb Code     0  startup_stm32f405xx.o(.text)
    EXTI2_IRQHandler                         0x080001b7   Thumb Code     0  startup_stm32f405xx.o(.text)
    EXTI3_IRQHandler                         0x080001b7   Thumb Code     0  startup_stm32f405xx.o(.text)
    EXTI4_IRQHandler                         0x080001b7   Thumb Code     0  startup_stm32f405xx.o(.text)
    EXTI9_5_IRQHandler                       0x080001b7   Thumb Code     0  startup_stm32f405xx.o(.text)
    FLASH_IRQHandler                         0x080001b7   Thumb Code     0  startup_stm32f405xx.o(.text)
    FMC_IRQHandler                           0x080001b7   Thumb Code     0  startup_stm32f405xx.o(.text)
    FPU_IRQHandler                           0x080001b7   Thumb Code     0  startup_stm32f405xx.o(.text)
    I2C2_ER_IRQHandler                       0x080001b7   Thumb Code     0  startup_stm32f405xx.o(.text)
    I2C2_EV_IRQHandler                       0x080001b7   Thumb Code     0  startup_stm32f405xx.o(.text)
    I2C3_ER_IRQHandler                       0x080001b7   Thumb Code     0  startup_stm32f405xx.o(.text)
    I2C3_EV_IRQHandler                       0x080001b7   Thumb Code     0  startup_stm32f405xx.o(.text)
    OTG_FS_WKUP_IRQHandler                   0x080001b7   Thumb Code     0  startup_stm32f405xx.o(.text)
    OTG_HS_EP1_IN_IRQHandler                 0x080001b7   Thumb Code     0  startup_stm32f405xx.o(.text)
    OTG_HS_EP1_OUT_IRQHandler                0x080001b7   Thumb Code     0  startup_stm32f405xx.o(.text)
    OTG_HS_IRQHandler                        0x080001b7   Thumb Code     0  startup_stm32f405xx.o(.text)
    OTG_HS_WKUP_IRQHandler                   0x080001b7   Thumb Code     0  startup_stm32f405xx.o(.text)
    PVD_IRQHandler                           0x080001b7   Thumb Code     0  startup_stm32f405xx.o(.text)
    RTC_Alarm_IRQHandler                     0x080001b7   Thumb Code     0  startup_stm32f405xx.o(.text)
    RTC_WKUP_IRQHandler                      0x080001b7   Thumb Code     0  startup_stm32f405xx.o(.text)
    SDIO_IRQHandler                          0x080001b7   Thumb Code     0  startup_stm32f405xx.o(.text)
    SPI3_IRQHandler                          0x080001b7   Thumb Code     0  startup_stm32f405xx.o(.text)
    TAMP_STAMP_IRQHandler                    0x080001b7   Thumb Code     0  startup_stm32f405xx.o(.text)
    TIM2_IRQHandler                          0x080001b7   Thumb Code     0  startup_stm32f405xx.o(.text)
    TIM3_IRQHandler                          0x080001b7   Thumb Code     0  startup_stm32f405xx.o(.text)
    TIM4_IRQHandler                          0x080001b7   Thumb Code     0  startup_stm32f405xx.o(.text)
    TIM5_IRQHandler                          0x080001b7   Thumb Code     0  startup_stm32f405xx.o(.text)
    TIM6_DAC_IRQHandler                      0x080001b7   Thumb Code     0  startup_stm32f405xx.o(.text)
    TIM7_IRQHandler                          0x080001b7   Thumb Code     0  startup_stm32f405xx.o(.text)
    TIM8_BRK_TIM12_IRQHandler                0x080001b7   Thumb Code     0  startup_stm32f405xx.o(.text)
    TIM8_CC_IRQHandler                       0x080001b7   Thumb Code     0  startup_stm32f405xx.o(.text)
    TIM8_TRG_COM_TIM14_IRQHandler            0x080001b7   Thumb Code     0  startup_stm32f405xx.o(.text)
    TIM8_UP_TIM13_IRQHandler                 0x080001b7   Thumb Code     0  startup_stm32f405xx.o(.text)
    UART4_IRQHandler                         0x080001b7   Thumb Code     0  startup_stm32f405xx.o(.text)
    USART1_IRQHandler                        0x080001b7   Thumb Code     0  startup_stm32f405xx.o(.text)
    USART2_IRQHandler                        0x080001b7   Thumb Code     0  startup_stm32f405xx.o(.text)
    USART3_IRQHandler                        0x080001b7   Thumb Code     0  startup_stm32f405xx.o(.text)
    USART6_IRQHandler                        0x080001b7   Thumb Code     0  startup_stm32f405xx.o(.text)
    WWDG_IRQHandler                          0x080001b7   Thumb Code     0  startup_stm32f405xx.o(.text)
    __I$use$fp                               0x080001c1   Thumb Code     0  iusefp.o(.text)
    __aeabi_dadd                             0x080001c1   Thumb Code   322  dadd.o(.text)
    __aeabi_dsub                             0x08000303   Thumb Code     6  dadd.o(.text)
    __aeabi_drsub                            0x08000309   Thumb Code     6  dadd.o(.text)
    __aeabi_f2d                              0x0800030f   Thumb Code    38  f2d.o(.text)
    __aeabi_d2f                              0x08000335   Thumb Code    56  d2f.o(.text)
    __scatterload                            0x0800036d   Thumb Code    28  init.o(.text)
    __scatterload_rt2                        0x0800036d   Thumb Code     0  init.o(.text)
    __aeabi_llsl                             0x08000391   Thumb Code    30  llshl.o(.text)
    _ll_shift_l                              0x08000391   Thumb Code     0  llshl.o(.text)
    __aeabi_lasr                             0x080003af   Thumb Code    36  llsshr.o(.text)
    _ll_sshift_r                             0x080003af   Thumb Code     0  llsshr.o(.text)
    _float_round                             0x080003d3   Thumb Code    18  fepilogue.o(.text)
    _float_epilogue                          0x080003e5   Thumb Code    92  fepilogue.o(.text)
    _double_round                            0x08000441   Thumb Code    26  depilogue.o(.text)
    _double_epilogue                         0x0800045b   Thumb Code   156  depilogue.o(.text)
    __aeabi_llsr                             0x080004f7   Thumb Code    32  llushr.o(.text)
    _ll_ushift_r                             0x080004f7   Thumb Code     0  llushr.o(.text)
    ADC_IRQHandler                           0x08000519   Thumb Code     6  stm32f4xx_it.o(i.ADC_IRQHandler)
    AudioCodec_init                          0x08000525   Thumb Code   266  waveplayer.o(i.AudioCodec_init)
    BusFault_Handler                         0x08000639   Thumb Code     2  stm32f4xx_it.o(i.BusFault_Handler)
    DMA1_Stream0_IRQHandler                  0x0800063d   Thumb Code     6  stm32f4xx_it.o(i.DMA1_Stream0_IRQHandler)
    DMA1_Stream7_IRQHandler                  0x08000649   Thumb Code     6  stm32f4xx_it.o(i.DMA1_Stream7_IRQHandler)
    DebugMon_Handler                         0x0800067d   Thumb Code     2  stm32f4xx_it.o(i.DebugMon_Handler)
    FastTanh2Like4Term                       0x0800067f   Thumb Code    62  waveplayer.o(i.FastTanh2Like4Term)
    HAL_ADCEx_InjectedConvCpltCallback       0x080006bd   Thumb Code     2  stm32f4xx_hal_adc_ex.o(i.HAL_ADCEx_InjectedConvCpltCallback)
    HAL_ADC_ConvCpltCallback                 0x080006bf   Thumb Code     2  stm32f4xx_hal_adc.o(i.HAL_ADC_ConvCpltCallback)
    HAL_ADC_ErrorCallback                    0x080006c1   Thumb Code     2  stm32f4xx_hal_adc.o(i.HAL_ADC_ErrorCallback)
    HAL_ADC_IRQHandler                       0x080006c5   Thumb Code   346  stm32f4xx_hal_adc.o(i.HAL_ADC_IRQHandler)
    HAL_ADC_LevelOutOfWindowCallback         0x0800085d   Thumb Code     2  stm32f4xx_hal_adc.o(i.HAL_ADC_LevelOutOfWindowCallback)
    HAL_DMA_IRQHandler                       0x08000861   Thumb Code  3940  stm32f4xx_hal_dma.o(i.HAL_DMA_IRQHandler)
    HAL_DMA_Init                             0x080017cd   Thumb Code   566  stm32f4xx_hal_dma.o(i.HAL_DMA_Init)
    HAL_DMA_Start_IT                         0x08001a4d   Thumb Code   144  stm32f4xx_hal_dma.o(i.HAL_DMA_Start_IT)
    HAL_Delay                                0x08001b19   Thumb Code    22  stm32f4xx_hal.o(i.HAL_Delay)
    HAL_GPIO_Init                            0x08001b31   Thumb Code   644  stm32f4xx_hal_gpio.o(i.HAL_GPIO_Init)
    HAL_GPIO_WritePin                        0x08001e39   Thumb Code    46  stm32f4xx_hal_gpio.o(i.HAL_GPIO_WritePin)
    HAL_GetTick                              0x08001ea5   Thumb Code     6  stm32f4xx_hal.o(i.HAL_GetTick)
    HAL_I2C_ER_IRQHandler                    0x08001eb1   Thumb Code   232  stm32f4xx_hal_i2c.o(i.HAL_I2C_ER_IRQHandler)
    HAL_I2C_EV_IRQHandler                    0x08001f9d   Thumb Code   380  stm32f4xx_hal_i2c.o(i.HAL_I2C_EV_IRQHandler)
    HAL_I2C_ErrorCallback                    0x0800211d   Thumb Code     2  stm32f4xx_hal_i2c.o(i.HAL_I2C_ErrorCallback)
    HAL_I2C_Init                             0x08002121   Thumb Code   422  stm32f4xx_hal_i2c.o(i.HAL_I2C_Init)
    HAL_I2C_MasterRxCpltCallback             0x0800231d   Thumb Code     2  stm32f4xx_hal_i2c.o(i.HAL_I2C_MasterRxCpltCallback)
    HAL_I2C_MasterTxCpltCallback             0x0800231f   Thumb Code     2  stm32f4xx_hal_i2c.o(i.HAL_I2C_MasterTxCpltCallback)
    HAL_I2C_Master_Transmit                  0x08002321   Thumb Code   210  stm32f4xx_hal_i2c.o(i.HAL_I2C_Master_Transmit)
    HAL_I2C_MemRxCpltCallback                0x080023fd   Thumb Code     2  stm32f4xx_hal_i2c.o(i.HAL_I2C_MemRxCpltCallback)
    HAL_I2C_MemTxCpltCallback                0x080023ff   Thumb Code     2  stm32f4xx_hal_i2c.o(i.HAL_I2C_MemTxCpltCallback)
    HAL_I2C_MspInit                          0x08002401   Thumb Code    94  i2c.o(i.HAL_I2C_MspInit)
    HAL_I2C_SlaveRxCpltCallback              0x0800246d   Thumb Code     2  stm32f4xx_hal_i2c.o(i.HAL_I2C_SlaveRxCpltCallback)
    HAL_I2C_SlaveTxCpltCallback              0x0800246f   Thumb Code     2  stm32f4xx_hal_i2c.o(i.HAL_I2C_SlaveTxCpltCallback)
    HAL_I2SEx_TransmitReceive_DMA            0x08002471   Thumb Code   444  stm32f4xx_hal_i2s_ex.o(i.HAL_I2SEx_TransmitReceive_DMA)
    HAL_I2S_ErrorCallback                    0x08002649   Thumb Code     2  stm32f4xx_hal_i2s.o(i.HAL_I2S_ErrorCallback)
    HAL_I2S_Init                             0x0800264d   Thumb Code   522  stm32f4xx_hal_i2s_ex.o(i.HAL_I2S_Init)
    HAL_I2S_MspInit                          0x080028a5   Thumb Code   222  i2s.o(i.HAL_I2S_MspInit)
    HAL_I2S_RxCpltCallback                   0x080029a1   Thumb Code     2  waveplayer.o(i.HAL_I2S_RxCpltCallback)
    HAL_I2S_RxHalfCpltCallback               0x080029a3   Thumb Code     2  waveplayer.o(i.HAL_I2S_RxHalfCpltCallback)
    HAL_I2S_TxCpltCallback                   0x080029a5   Thumb Code     6  waveplayer.o(i.HAL_I2S_TxCpltCallback)
    HAL_I2S_TxHalfCpltCallback               0x080029ab   Thumb Code     6  waveplayer.o(i.HAL_I2S_TxHalfCpltCallback)
    HAL_IncTick                              0x080029b1   Thumb Code    10  stm32f4xx_hal.o(i.HAL_IncTick)
    HAL_Init                                 0x080029c1   Thumb Code    48  stm32f4xx_hal.o(i.HAL_Init)
    HAL_InitTick                             0x080029f5   Thumb Code    34  stm32f4xx_hal.o(i.HAL_InitTick)
    HAL_MspInit                              0x08002a17   Thumb Code     2  stm32f4xx_hal.o(i.HAL_MspInit)
    HAL_NVIC_EnableIRQ                       0x08002a19   Thumb Code    36  stm32f4xx_hal_cortex.o(i.HAL_NVIC_EnableIRQ)
    HAL_NVIC_SetPriority                     0x08002a7d   Thumb Code    94  stm32f4xx_hal_cortex.o(i.HAL_NVIC_SetPriority)
    HAL_NVIC_SetPriorityGrouping             0x08002b21   Thumb Code    58  stm32f4xx_hal_cortex.o(i.HAL_NVIC_SetPriorityGrouping)
    HAL_PCD_ConnectCallback                  0x08002ba5   Thumb Code     8  usbd_conf.o(i.HAL_PCD_ConnectCallback)
    HAL_PCD_DataInStageCallback              0x08002bad   Thumb Code    18  usbd_conf.o(i.HAL_PCD_DataInStageCallback)
    HAL_PCD_DataOutStageCallback             0x08002bbf   Thumb Code    20  usbd_conf.o(i.HAL_PCD_DataOutStageCallback)
    HAL_PCD_DisconnectCallback               0x08002bd3   Thumb Code     8  usbd_conf.o(i.HAL_PCD_DisconnectCallback)
    HAL_PCD_EP_ClrStall                      0x08002bdb   Thumb Code    80  stm32f4xx_hal_pcd.o(i.HAL_PCD_EP_ClrStall)
    HAL_PCD_EP_Open                          0x08002c2b   Thumb Code    84  stm32f4xx_hal_pcd.o(i.HAL_PCD_EP_Open)
    HAL_PCD_EP_Receive                       0x08002c81   Thumb Code    94  stm32f4xx_hal_pcd.o(i.HAL_PCD_EP_Receive)
    HAL_PCD_EP_SetStall                      0x08002cdf   Thumb Code    96  stm32f4xx_hal_pcd.o(i.HAL_PCD_EP_SetStall)
    HAL_PCD_EP_Transmit                      0x08002d3f   Thumb Code    86  stm32f4xx_hal_pcd.o(i.HAL_PCD_EP_Transmit)
    HAL_PCD_IRQHandler                       0x08002d95   Thumb Code   996  stm32f4xx_hal_pcd.o(i.HAL_PCD_IRQHandler)
    HAL_PCD_ISOINIncompleteCallback          0x08003179   Thumb Code     8  usbd_conf.o(i.HAL_PCD_ISOINIncompleteCallback)
    HAL_PCD_ISOOUTIncompleteCallback         0x08003181   Thumb Code     8  usbd_conf.o(i.HAL_PCD_ISOOUTIncompleteCallback)
    HAL_PCD_ResetCallback                    0x08003189   Thumb Code    32  usbd_conf.o(i.HAL_PCD_ResetCallback)
    HAL_PCD_ResumeCallback                   0x080031a9   Thumb Code     8  usbd_conf.o(i.HAL_PCD_ResumeCallback)
    HAL_PCD_SOFCallback                      0x080031b1   Thumb Code     8  usbd_conf.o(i.HAL_PCD_SOFCallback)
    HAL_PCD_SetAddress                       0x080031b9   Thumb Code    36  stm32f4xx_hal_pcd.o(i.HAL_PCD_SetAddress)
    HAL_PCD_SetupStageCallback               0x080031dd   Thumb Code    14  usbd_conf.o(i.HAL_PCD_SetupStageCallback)
    HAL_PCD_SuspendCallback                  0x080031ed   Thumb Code    44  usbd_conf.o(i.HAL_PCD_SuspendCallback)
    HAL_RCC_CSSCallback                      0x0800321d   Thumb Code     2  stm32f4xx_hal_rcc.o(i.HAL_RCC_CSSCallback)
    HAL_RCC_ClockConfig                      0x08003221   Thumb Code   798  stm32f4xx_hal_rcc.o(i.HAL_RCC_ClockConfig)
    HAL_RCC_GetHCLKFreq                      0x08003585   Thumb Code    38  stm32f4xx_hal_rcc.o(i.HAL_RCC_GetHCLKFreq)
    HAL_RCC_GetPCLK1Freq                     0x080035b9   Thumb Code    36  stm32f4xx_hal_rcc.o(i.HAL_RCC_GetPCLK1Freq)
    HAL_RCC_GetSysClockFreq                  0x080035e5   Thumb Code   104  stm32f4xx_hal_rcc.o(i.HAL_RCC_GetSysClockFreq)
    HAL_RCC_NMI_IRQHandler                   0x08003655   Thumb Code    24  stm32f4xx_hal_rcc.o(i.HAL_RCC_NMI_IRQHandler)
    HAL_RCC_OscConfig                        0x08003671   Thumb Code  1130  stm32f4xx_hal_rcc.o(i.HAL_RCC_OscConfig)
    HAL_RNG_ErrorCallback                    0x08003adb   Thumb Code     2  stm32f4xx_hal_rng.o(i.HAL_RNG_ErrorCallback)
    HAL_RNG_GenerateRandomNumber             0x08003add   Thumb Code   106  stm32f4xx_hal_rng.o(i.HAL_RNG_GenerateRandomNumber)
    HAL_RNG_IRQHandler                       0x08003b47   Thumb Code    82  stm32f4xx_hal_rng.o(i.HAL_RNG_IRQHandler)
    HAL_RNG_Init                             0x08003b99   Thumb Code    62  stm32f4xx_hal_rng.o(i.HAL_RNG_Init)
    HAL_RNG_MspInit                          0x08003bd9   Thumb Code    42  rng.o(i.HAL_RNG_MspInit)
    HAL_RNG_ReadyDataCallback                0x08003c0d   Thumb Code     2  stm32f4xx_hal_rng.o(i.HAL_RNG_ReadyDataCallback)
    HAL_SPI_ErrorCallback                    0x08003c0f   Thumb Code     2  stm32f4xx_hal_spi.o(i.HAL_SPI_ErrorCallback)
    HAL_SPI_IRQHandler                       0x08003c11   Thumb Code   188  stm32f4xx_hal_spi.o(i.HAL_SPI_IRQHandler)
    HAL_SPI_Init                             0x08003ccd   Thumb Code   360  stm32f4xx_hal_spi.o(i.HAL_SPI_Init)
    HAL_SPI_MspInit                          0x08003e71   Thumb Code   160  spi.o(i.HAL_SPI_MspInit)
    HAL_SPI_TransmitReceive                  0x08003f29   Thumb Code   708  stm32f4xx_hal_spi.o(i.HAL_SPI_TransmitReceive)
    HAL_SYSTICK_Callback                     0x08004229   Thumb Code     2  stm32f4xx_hal_cortex.o(i.HAL_SYSTICK_Callback)
    HAL_SYSTICK_Config                       0x0800422b   Thumb Code    40  stm32f4xx_hal_cortex.o(i.HAL_SYSTICK_Config)
    HAL_SYSTICK_IRQHandler                   0x08004253   Thumb Code     8  stm32f4xx_hal_cortex.o(i.HAL_SYSTICK_IRQHandler)
    HAL_TIMEx_BreakCallback                  0x0800425b   Thumb Code     2  stm32f4xx_hal_tim_ex.o(i.HAL_TIMEx_BreakCallback)
    HAL_TIMEx_CommutationCallback            0x0800425d   Thumb Code     2  stm32f4xx_hal_tim_ex.o(i.HAL_TIMEx_CommutationCallback)
    HAL_TIM_IC_CaptureCallback               0x0800425f   Thumb Code     2  stm32f4xx_hal_tim.o(i.HAL_TIM_IC_CaptureCallback)
    HAL_TIM_IRQHandler                       0x08004261   Thumb Code   358  stm32f4xx_hal_tim.o(i.HAL_TIM_IRQHandler)
    HAL_TIM_OC_DelayElapsedCallback          0x080043c7   Thumb Code     2  stm32f4xx_hal_tim.o(i.HAL_TIM_OC_DelayElapsedCallback)
    HAL_TIM_PWM_PulseFinishedCallback        0x080043c9   Thumb Code     2  stm32f4xx_hal_tim.o(i.HAL_TIM_PWM_PulseFinishedCallback)
    HAL_TIM_PeriodElapsedCallback            0x080043cb   Thumb Code     2  stm32f4xx_hal_tim.o(i.HAL_TIM_PeriodElapsedCallback)
    HAL_TIM_TriggerCallback                  0x080043cd   Thumb Code     2  stm32f4xx_hal_tim.o(i.HAL_TIM_TriggerCallback)
    HAL_UART_ErrorCallback                   0x080043cf   Thumb Code     2  stm32f4xx_hal_uart.o(i.HAL_UART_ErrorCallback)
    HAL_UART_IRQHandler                      0x080043d1   Thumb Code   266  stm32f4xx_hal_uart.o(i.HAL_UART_IRQHandler)
    HAL_UART_RxCpltCallback                  0x080044db   Thumb Code     2  stm32f4xx_hal_uart.o(i.HAL_UART_RxCpltCallback)
    HAL_UART_TxCpltCallback                  0x080044dd   Thumb Code     2  stm32f4xx_hal_uart.o(i.HAL_UART_TxCpltCallback)
    HASH_RNG_IRQHandler                      0x080044e1   Thumb Code     6  stm32f4xx_it.o(i.HASH_RNG_IRQHandler)
    I2C1_ER_IRQHandler                       0x080044ed   Thumb Code     6  stm32f4xx_it.o(i.I2C1_ER_IRQHandler)
    I2C1_EV_IRQHandler                       0x080044f9   Thumb Code     6  stm32f4xx_it.o(i.I2C1_EV_IRQHandler)
    I2S_DMAError                             0x0800481d   Thumb Code    30  stm32f4xx_hal_i2s.o(i.I2S_DMAError)
    I2S_DMARxCplt                            0x0800483d   Thumb Code    94  stm32f4xx_hal_i2s_ex.o(i.I2S_DMARxCplt)
    I2S_DMARxHalfCplt                        0x080048a5   Thumb Code    10  stm32f4xx_hal_i2s.o(i.I2S_DMARxHalfCplt)
    I2S_DMATxCplt                            0x080048b1   Thumb Code    92  stm32f4xx_hal_i2s_ex.o(i.I2S_DMATxCplt)
    I2S_DMATxHalfCplt                        0x08004915   Thumb Code    10  stm32f4xx_hal_i2s.o(i.I2S_DMATxHalfCplt)
    I2S_GetInputClock                        0x08004921   Thumb Code    66  stm32f4xx_hal_i2s_ex.o(i.I2S_GetInputClock)
    KSprocess                                0x08004979   Thumb Code    66  waveplayer.o(i.KSprocess)
    MX_DMA_Init                              0x080049c5   Thumb Code    56  dma.o(i.MX_DMA_Init)
    MX_GPIO_Init                             0x08004a01   Thumb Code   276  gpio.o(i.MX_GPIO_Init)
    MX_I2C1_Init                             0x08004b25   Thumb Code    34  i2c.o(i.MX_I2C1_Init)
    MX_I2S3_Init                             0x08004b55   Thumb Code    36  i2s.o(i.MX_I2S3_Init)
    MX_RNG_Init                              0x08004b81   Thumb Code    12  rng.o(i.MX_RNG_Init)
    MX_SPI1_Init                             0x08004b95   Thumb Code    40  spi.o(i.MX_SPI1_Init)
    MX_SPI2_Init                             0x08004bc5   Thumb Code    40  spi.o(i.MX_SPI2_Init)
    MemManage_Handler                        0x08004bf5   Thumb Code     2  stm32f4xx_it.o(i.MemManage_Handler)
    MtoF                                     0x08004bf9   Thumb Code    36  waveplayer.o(i.MtoF)
    NMI_Handler                              0x08004c29   Thumb Code     4  stm32f4xx_it.o(i.NMI_Handler)
    OTG_FS_IRQHandler                        0x08004c4d   Thumb Code     6  stm32f4xx_it.o(i.OTG_FS_IRQHandler)
    RCC_IRQHandler                           0x08004cef   Thumb Code     2  stm32f4xx_it.o(i.RCC_IRQHandler)
    SPI1_IRQHandler                          0x08004cf1   Thumb Code     6  stm32f4xx_it.o(i.SPI1_IRQHandler)
    SPI2_IRQHandler                          0x08004cfd   Thumb Code     6  stm32f4xx_it.o(i.SPI2_IRQHandler)
    StartAudio                               0x08004da9   Thumb Code    44  waveplayer.o(i.StartAudio)
    SysTick_Handler                          0x08004de1   Thumb Code    14  stm32f4xx_it.o(i.SysTick_Handler)
    SystemClock_Config                       0x08004df1   Thumb Code   106  main.o(i.SystemClock_Config)
    SystemInit                               0x08004e65   Thumb Code    66  system_stm32f4xx.o(i.SystemInit)
    TIM1_BRK_TIM9_IRQHandler                 0x08004eb9   Thumb Code     6  stm32f4xx_it.o(i.TIM1_BRK_TIM9_IRQHandler)
    TIM1_CC_IRQHandler                       0x08004ec5   Thumb Code     6  stm32f4xx_it.o(i.TIM1_CC_IRQHandler)
    TIM1_TRG_COM_TIM11_IRQHandler            0x08004ed1   Thumb Code     6  stm32f4xx_it.o(i.TIM1_TRG_COM_TIM11_IRQHandler)
    TIM1_UP_TIM10_IRQHandler                 0x08004edd   Thumb Code     6  stm32f4xx_it.o(i.TIM1_UP_TIM10_IRQHandler)
    UART5_IRQHandler                         0x08004ee9   Thumb Code     6  stm32f4xx_it.o(i.UART5_IRQHandler)
    USBD_ClrClassConfig                      0x08005003   Thumb Code    14  usbd_core.o(i.USBD_ClrClassConfig)
    USBD_CtlContinueRx                       0x08005011   Thumb Code    16  usbd_ioreq.o(i.USBD_CtlContinueRx)
    USBD_CtlContinueSendData                 0x08005021   Thumb Code    16  usbd_ioreq.o(i.USBD_CtlContinueSendData)
    USBD_CtlError                            0x08005031   Thumb Code    22  usbd_ctlreq.o(i.USBD_CtlError)
    USBD_CtlReceiveStatus                    0x08005047   Thumb Code    22  usbd_ioreq.o(i.USBD_CtlReceiveStatus)
    USBD_CtlSendData                         0x0800505d   Thumb Code    26  usbd_ioreq.o(i.USBD_CtlSendData)
    USBD_CtlSendStatus                       0x08005077   Thumb Code    22  usbd_ioreq.o(i.USBD_CtlSendStatus)
    USBD_LL_ClearStallEP                     0x0800516d   Thumb Code    14  usbd_conf.o(i.USBD_LL_ClearStallEP)
    USBD_LL_DataInStage                      0x0800517b   Thumb Code   170  usbd_core.o(i.USBD_LL_DataInStage)
    USBD_LL_DataOutStage                     0x08005225   Thumb Code   106  usbd_core.o(i.USBD_LL_DataOutStage)
    USBD_LL_DevConnected                     0x0800528f   Thumb Code     4  usbd_core.o(i.USBD_LL_DevConnected)
    USBD_LL_DevDisconnected                  0x08005293   Thumb Code    22  usbd_core.o(i.USBD_LL_DevDisconnected)
    USBD_LL_IsStallEP                        0x080052a9   Thumb Code    32  usbd_conf.o(i.USBD_LL_IsStallEP)
    USBD_LL_IsoINIncomplete                  0x080052c9   Thumb Code     4  usbd_core.o(i.USBD_LL_IsoINIncomplete)
    USBD_LL_IsoOUTIncomplete                 0x080052cd   Thumb Code     4  usbd_core.o(i.USBD_LL_IsoOUTIncomplete)
    USBD_LL_OpenEP                           0x080052d1   Thumb Code    20  usbd_conf.o(i.USBD_LL_OpenEP)
    USBD_LL_PrepareReceive                   0x080052e5   Thumb Code    14  usbd_conf.o(i.USBD_LL_PrepareReceive)
    USBD_LL_Reset                            0x080052f3   Thumb Code    62  usbd_core.o(i.USBD_LL_Reset)
    USBD_LL_Resume                           0x08005331   Thumb Code    12  usbd_core.o(i.USBD_LL_Resume)
    USBD_LL_SOF                              0x0800533d   Thumb Code    24  usbd_core.o(i.USBD_LL_SOF)
    USBD_LL_SetSpeed                         0x08005355   Thumb Code     6  usbd_core.o(i.USBD_LL_SetSpeed)
    USBD_LL_SetUSBAddress                    0x0800535b   Thumb Code    14  usbd_conf.o(i.USBD_LL_SetUSBAddress)
    USBD_LL_SetupStage                       0x08005369   Thumb Code    90  usbd_core.o(i.USBD_LL_SetupStage)
    USBD_LL_StallEP                          0x080053c3   Thumb Code    14  usbd_conf.o(i.USBD_LL_StallEP)
    USBD_LL_Suspend                          0x080053d1   Thumb Code    18  usbd_core.o(i.USBD_LL_Suspend)
    USBD_LL_Transmit                         0x080053e3   Thumb Code    14  usbd_conf.o(i.USBD_LL_Transmit)
    USBD_ParseSetupRequest                   0x080053f1   Thumb Code    40  usbd_ctlreq.o(i.USBD_ParseSetupRequest)
    USBD_SetClassConfig                      0x08005419   Thumb Code    22  usbd_core.o(i.USBD_SetClassConfig)
    USBD_StdDevReq                           0x080054a5   Thumb Code   242  usbd_ctlreq.o(i.USBD_StdDevReq)
    USBD_StdEPReq                            0x08005597   Thumb Code   220  usbd_ctlreq.o(i.USBD_StdEPReq)
    USBD_StdItfReq                           0x08005673   Thumb Code    52  usbd_ctlreq.o(i.USBD_StdItfReq)
    USB_ActivateEndpoint                     0x080056a9   Thumb Code   122  stm32f4xx_ll_usb.o(i.USB_ActivateEndpoint)
    USB_ActivateSetup                        0x08005729   Thumb Code    52  stm32f4xx_ll_usb.o(i.USB_ActivateSetup)
    USB_EP0StartXfer                         0x0800575d   Thumb Code   316  stm32f4xx_ll_usb.o(i.USB_EP0StartXfer)
    USB_EP0_OutStart                         0x0800589d   Thumb Code    62  stm32f4xx_ll_usb.o(i.USB_EP0_OutStart)
    USB_EPClearStall                         0x080058db   Thumb Code   100  stm32f4xx_ll_usb.o(i.USB_EPClearStall)
    USB_EPSetStall                           0x0800593f   Thumb Code    94  stm32f4xx_ll_usb.o(i.USB_EPSetStall)
    USB_EPStartXfer                          0x0800599d   Thumb Code   534  stm32f4xx_ll_usb.o(i.USB_EPStartXfer)
    USB_FlushTxFifo                          0x08005bb9   Thumb Code    32  stm32f4xx_ll_usb.o(i.USB_FlushTxFifo)
    USB_GetDevSpeed                          0x08005bdd   Thumb Code    60  stm32f4xx_ll_usb.o(i.USB_GetDevSpeed)
    USB_GetMode                              0x08005c19   Thumb Code     8  stm32f4xx_ll_usb.o(i.USB_GetMode)
    USB_ReadDevAllInEpInterrupt              0x08005c21   Thumb Code    14  stm32f4xx_ll_usb.o(i.USB_ReadDevAllInEpInterrupt)
    USB_ReadDevAllOutEpInterrupt             0x08005c2f   Thumb Code    14  stm32f4xx_ll_usb.o(i.USB_ReadDevAllOutEpInterrupt)
    USB_ReadDevInEPInterrupt                 0x08005c3d   Thumb Code    30  stm32f4xx_ll_usb.o(i.USB_ReadDevInEPInterrupt)
    USB_ReadDevOutEPInterrupt                0x08005c5b   Thumb Code    16  stm32f4xx_ll_usb.o(i.USB_ReadDevOutEPInterrupt)
    USB_ReadInterrupts                       0x08005c6b   Thumb Code     8  stm32f4xx_ll_usb.o(i.USB_ReadInterrupts)
    USB_ReadPacket                           0x08005c73   Thumb Code    32  stm32f4xx_ll_usb.o(i.USB_ReadPacket)
    USB_SetDevAddress                        0x08005c93   Thumb Code    34  stm32f4xx_ll_usb.o(i.USB_SetDevAddress)
    USB_WritePacket                          0x08005cb5   Thumb Code    40  stm32f4xx_ll_usb.o(i.USB_WritePacket)
    UsageFault_Handler                       0x08005cdd   Thumb Code     2  stm32f4xx_it.o(i.UsageFault_Handler)
    __ARM_fpclassifyf                        0x08005cdf   Thumb Code    38  fpclassifyf.o(i.__ARM_fpclassifyf)
    __hardfp_powf                            0x08005d09   Thumb Code  1542  powf.o(i.__hardfp_powf)
    __mathlib_powf                           0x08005d09   Thumb Code     0  powf.o(i.__hardfp_powf)
    __mathlib_flt_underflow                  0x08006335   Thumb Code    10  funder.o(i.__mathlib_flt_underflow)
    __scatterload_copy                       0x08006345   Thumb Code    14  handlers.o(i.__scatterload_copy)
    __scatterload_null                       0x08006353   Thumb Code     2  handlers.o(i.__scatterload_null)
    __scatterload_zeroinit                   0x08006355   Thumb Code    14  handlers.o(i.__scatterload_zeroinit)
    __set_errno                              0x08006365   Thumb Code     6  errno.o(i.__set_errno)
    adc_env_detector                         0x08006371   Thumb Code    92  waveplayer.o(i.adc_env_detector)
    assert_failed                            0x080063dd   Thumb Code     2  main.o(i.assert_failed)
    fillBufferWithInputProcess               0x080063e1   Thumb Code   192  waveplayer.o(i.fillBufferWithInputProcess)
    getADC_Raw                               0x080064b1   Thumb Code   236  waveplayer.o(i.getADC_Raw)
    highpass                                 0x080065b9   Thumb Code    40  waveplayer.o(i.highpass)
    highpass2                                0x080065e5   Thumb Code    40  waveplayer.o(i.highpass2)
    initScalars                              0x08006611   Thumb Code    70  waveplayer.o(i.initScalars)
    interpolateDelay                         0x0800666d   Thumb Code   110  waveplayer.o(i.interpolateDelay)
    interpolateFeedback                      0x080066f5   Thumb Code   148  waveplayer.o(i.interpolateFeedback)
    main                                     0x080067ad   Thumb Code    74  main.o(i.main)
    myProcess                                0x080067fd   Thumb Code   392  waveplayer.o(i.myProcess)
    nextOut                                  0x080069b5   Thumb Code    92  waveplayer.o(i.nextOut)
    readExternalADC                          0x08006a19   Thumb Code    86  waveplayer.o(i.readExternalADC)
    setDelay                                 0x08006a81   Thumb Code    76  waveplayer.o(i.setDelay)
    setRamp                                  0x08006ad1   Thumb Code    74  waveplayer.o(i.setRamp)
    thresholdCheck                           0x08006b29   Thumb Code    50  waveplayer.o(i.thresholdCheck)
    tick                                     0x08006b65   Thumb Code   124  waveplayer.o(i.tick)
    updatePhase                              0x08006be9   Thumb Code    42  waveplayer.o(i.updatePhase)
    wavetableSynth                           0x08006c19   Thumb Code    98  waveplayer.o(i.wavetableSynth)
    whiteNoise                               0x08006c8d   Thumb Code    44  waveplayer.o(i.whiteNoise)
    theFunction                              0x08006cc8   Data        4096  sinewave.o(.constdata)
    APBAHBPrescTable                         0x08007cc8   Data          16  stm32f4xx_hal_rcc.o(.constdata)
    Region$$Table$$Base                      0x08007e18   Number         0  anon$$obj.o(Region$$Table)
    Region$$Table$$Limit                     0x08007e38   Number         0  anon$$obj.o(Region$$Table)
    myStatus                                 0x20000000   Data           1  waveplayer.o(.data)
    i2cDataSize                              0x20000002   Data           2  waveplayer.o(.data)
    myI2cData                                0x20000004   Data           2  waveplayer.o(.data)
    ADC_in                                   0x20000006   Data           2  waveplayer.o(.data)
    dirParamInc                              0x20000008   Data           3  waveplayer.o(.data)
    I2Ctimeout                               0x2000000c   Data           4  waveplayer.o(.data)
    feedbacksamp                             0x20000010   Data           4  waveplayer.o(.data)
    env_detector_thresh                      0x20000014   Data           4  waveplayer.o(.data)
    newFreq                                  0x20000018   Data           4  waveplayer.o(.data)
    newDelay                                 0x2000001c   Data           4  waveplayer.o(.data)
    newFeedback                              0x20000020   Data           4  waveplayer.o(.data)
    gainBoost                                0x20000024   Data           4  waveplayer.o(.data)
    m_input1                                 0x20000028   Data           4  waveplayer.o(.data)
    m_output0                                0x2000002c   Data           4  waveplayer.o(.data)
    AudioGateVal                             0x20000030   Data           4  waveplayer.o(.data)
    myRandomNumber                           0x20000034   Data           4  waveplayer.o(.data)
    phasor                                   0x20000038   Data           4  waveplayer.o(.data)
    phaseInc                                 0x2000003c   Data           4  waveplayer.o(.data)
    whichknob                                0x20000040   Data           4  waveplayer.o(.data)
    xs                                       0x20000044   Data           4  waveplayer.o(.data)
    ys                                       0x20000048   Data           4  waveplayer.o(.data)
    R                                        0x2000004c   Data           4  waveplayer.o(.data)
    y                                        0x20000050   Data           4  waveplayer.o(.data)
    xs2                                      0x20000054   Data           4  waveplayer.o(.data)
    ys2                                      0x20000058   Data           4  waveplayer.o(.data)
    R2                                       0x2000005c   Data           4  waveplayer.o(.data)
    y2                                       0x20000060   Data           4  waveplayer.o(.data)
    doNextOut                                0x20000064   Data           4  waveplayer.o(.data)
    inPoint                                  0x20000068   Data           4  waveplayer.o(.data)
    length                                   0x2000006c   Data           4  waveplayer.o(.data)
    testTemp                                 0x20000070   Data           4  waveplayer.o(.data)
    pinkb0                                   0x20000074   Data           4  waveplayer.o(.data)
    pinkb1                                   0x20000078   Data           4  waveplayer.o(.data)
    pinkb2                                   0x2000007c   Data           4  waveplayer.o(.data)
    nextOutput                               0x20000080   Data           4  waveplayer.o(.data)
    outPoint                                 0x20000084   Data           4  waveplayer.o(.data)
    delay                                    0x20000088   Data           4  waveplayer.o(.data)
    alpha                                    0x2000008c   Data           4  waveplayer.o(.data)
    omAlpha                                  0x20000090   Data           4  waveplayer.o(.data)
    FeedbackLookup                           0x20000094   Data          20  waveplayer.o(.data)
    DelayLookup                              0x200000a8   Data          16  waveplayer.o(.data)
    SystemCoreClock                          0x200000b8   Data           4  system_stm32f4xx.o(.data)
    AHBPrescTable                            0x200000bc   Data          16  system_stm32f4xx.o(.data)
    hadc3                                    0x200000d8   Data          68  adc.o(.bss)
    hi2c1                                    0x2000011c   Data          60  i2c.o(.bss)
    hi2s3                                    0x20000158   Data          68  i2s.o(.bss)
    hdma_spi3_tx                             0x2000019c   Data          80  i2s.o(.bss)
    hdma_i2s3_ext_rx                         0x200001ec   Data          80  i2s.o(.bss)
    ADC_values                               0x2000023c   Data          20  main.o(.bss)
    ADC_LastRead                             0x20000250   Data          20  main.o(.bss)
    hrng                                     0x20000264   Data          12  rng.o(.bss)
    hspi1                                    0x20000270   Data          88  spi.o(.bss)
    hspi2                                    0x200002c8   Data          88  spi.o(.bss)
    htim1                                    0x20000320   Data          60  tim.o(.bss)
    huart5                                   0x2000035c   Data          64  usart.o(.bss)
    hpcd_USB_OTG_FS                          0x2000039c   Data         948  usbd_conf.o(.bss)
    envOutput                                0x20000750   Data          12  waveplayer.o(.bss)
    mParamInc                                0x2000075c   Data          12  waveplayer.o(.bss)
    destParamValue                           0x20000768   Data          12  waveplayer.o(.bss)
    currParamValue                           0x20000774   Data          12  waveplayer.o(.bss)
    delayed_samples                          0x20000780   Data       65536  waveplayer.o(.bss)
    Send_Buffer                              0x20010780   Data         512  waveplayer.o(.bss)
    Receive_Buffer                           0x20010980   Data         512  waveplayer.o(.bss)
    scalar                                   0x20010b80   Data          12  waveplayer.o(.bss)
    __initial_sp                             0x20010f90   Data           0  startup_stm32f405xx.o(STACK)



==============================================================================

Memory Map of the image

  Image Entry point : 0x08000189

  Load Region LR_IROM1 (Base: 0x08000000, Size: 0x00007f10, Max: 0x00100000, ABSOLUTE)

    Execution Region ER_IROM1 (Base: 0x08000000, Size: 0x00007e38, Max: 0x00100000, ABSOLUTE)

    Base Addr    Size         Type   Attr      Idx    E Section Name        Object

    0x08000000   0x00000188   Data   RO         5620    RESET               startup_stm32f405xx.o
    0x08000188   0x00000000   Code   RO         5639  * .ARM.Collect$$$$00000000  mc_w.l(entry.o)
    0x08000188   0x00000004   Code   RO         5678    .ARM.Collect$$$$00000001  mc_w.l(entry2.o)
    0x0800018c   0x00000004   Code   RO         5681    .ARM.Collect$$$$00000004  mc_w.l(entry5.o)
    0x08000190   0x00000000   Code   RO         5683    .ARM.Collect$$$$00000008  mc_w.l(entry7b.o)
    0x08000190   0x00000000   Code   RO         5685    .ARM.Collect$$$$0000000A  mc_w.l(entry8b.o)
    0x08000190   0x00000008   Code   RO         5686    .ARM.Collect$$$$0000000B  mc_w.l(entry9a.o)
    0x08000198   0x00000000   Code   RO         5688    .ARM.Collect$$$$0000000D  mc_w.l(entry10a.o)
    0x08000198   0x00000000   Code   RO         5690    .ARM.Collect$$$$0000000F  mc_w.l(entry11a.o)
    0x08000198   0x00000004   Code   RO         5679    .ARM.Collect$$$$00002712  mc_w.l(entry2.o)
    0x0800019c   0x00000024   Code   RO         5621    .text               startup_stm32f405xx.o
    0x080001c0   0x00000000   Code   RO         5701    .text               mc_w.l(iusefp.o)
    0x080001c0   0x0000014e   Code   RO         5702    .text               mf_w.l(dadd.o)
    0x0800030e   0x00000026   Code   RO         5704    .text               mf_w.l(f2d.o)
    0x08000334   0x00000038   Code   RO         5706    .text               mf_w.l(d2f.o)
    0x0800036c   0x00000024   Code   RO         5710    .text               mc_w.l(init.o)
    0x08000390   0x0000001e   Code   RO         5712    .text               mc_w.l(llshl.o)
    0x080003ae   0x00000024   Code   RO         5714    .text               mc_w.l(llsshr.o)
    0x080003d2   0x0000006e   Code   RO         5716    .text               mf_w.l(fepilogue.o)
    0x08000440   0x000000b6   Code   RO         5718    .text               mf_w.l(depilogue.o)
    0x080004f6   0x00000020   Code   RO         5720    .text               mc_w.l(llushr.o)
    0x08000516   0x00000002   PAD
    0x08000518   0x0000000c   Code   RO          503    i.ADC_IRQHandler    stm32f4xx_it.o
    0x08000524   0x00000114   Code   RO         1108    i.AudioCodec_init   waveplayer.o
    0x08000638   0x00000002   Code   RO          504    i.BusFault_Handler  stm32f4xx_it.o
    0x0800063a   0x00000002   PAD
    0x0800063c   0x0000000c   Code   RO          505    i.DMA1_Stream0_IRQHandler  stm32f4xx_it.o
    0x08000648   0x0000000c   Code   RO          506    i.DMA1_Stream7_IRQHandler  stm32f4xx_it.o
    0x08000654   0x00000028   Code   RO         1989    i.DMA_SetConfig     stm32f4xx_hal_dma.o
    0x0800067c   0x00000002   Code   RO          507    i.DebugMon_Handler  stm32f4xx_it.o
    0x0800067e   0x0000003e   Code   RO         1111    i.FastTanh2Like4Term  waveplayer.o
    0x080006bc   0x00000002   Code   RO         1771    i.HAL_ADCEx_InjectedConvCpltCallback  stm32f4xx_hal_adc_ex.o
    0x080006be   0x00000002   Code   RO         1603    i.HAL_ADC_ConvCpltCallback  stm32f4xx_hal_adc.o
    0x080006c0   0x00000002   Code   RO         1606    i.HAL_ADC_ErrorCallback  stm32f4xx_hal_adc.o
    0x080006c2   0x00000002   PAD
    0x080006c4   0x00000198   Code   RO         1610    i.HAL_ADC_IRQHandler  stm32f4xx_hal_adc.o
    0x0800085c   0x00000002   Code   RO         1612    i.HAL_ADC_LevelOutOfWindowCallback  stm32f4xx_hal_adc.o
    0x0800085e   0x00000002   PAD
    0x08000860   0x00000f6c   Code   RO         1994    i.HAL_DMA_IRQHandler  stm32f4xx_hal_dma.o
    0x080017cc   0x00000280   Code   RO         1995    i.HAL_DMA_Init      stm32f4xx_hal_dma.o
    0x08001a4c   0x000000cc   Code   RO         1998    i.HAL_DMA_Start_IT  stm32f4xx_hal_dma.o
    0x08001b18   0x00000016   Code   RO         1458    i.HAL_Delay         stm32f4xx_hal.o
    0x08001b2e   0x00000002   PAD
    0x08001b30   0x00000308   Code   RO         2315    i.HAL_GPIO_Init     stm32f4xx_hal_gpio.o
    0x08001e38   0x0000006c   Code   RO         2319    i.HAL_GPIO_WritePin  stm32f4xx_hal_gpio.o
    0x08001ea4   0x0000000c   Code   RO         1464    i.HAL_GetTick       stm32f4xx_hal.o
    0x08001eb0   0x000000ec   Code   RO         2379    i.HAL_I2C_ER_IRQHandler  stm32f4xx_hal_i2c.o
    0x08001f9c   0x00000180   Code   RO         2380    i.HAL_I2C_EV_IRQHandler  stm32f4xx_hal_i2c.o
    0x0800211c   0x00000002   Code   RO         2381    i.HAL_I2C_ErrorCallback  stm32f4xx_hal_i2c.o
    0x0800211e   0x00000002   PAD
    0x08002120   0x000001fc   Code   RO         2384    i.HAL_I2C_Init      stm32f4xx_hal_i2c.o
    0x0800231c   0x00000002   Code   RO         2386    i.HAL_I2C_MasterRxCpltCallback  stm32f4xx_hal_i2c.o
    0x0800231e   0x00000002   Code   RO         2387    i.HAL_I2C_MasterTxCpltCallback  stm32f4xx_hal_i2c.o
    0x08002320   0x000000dc   Code   RO         2391    i.HAL_I2C_Master_Transmit  stm32f4xx_hal_i2c.o
    0x080023fc   0x00000002   Code   RO         2394    i.HAL_I2C_MemRxCpltCallback  stm32f4xx_hal_i2c.o
    0x080023fe   0x00000002   Code   RO         2395    i.HAL_I2C_MemTxCpltCallback  stm32f4xx_hal_i2c.o
    0x08002400   0x0000006c   Code   RO          224    i.HAL_I2C_MspInit   i2c.o
    0x0800246c   0x00000002   Code   RO         2404    i.HAL_I2C_SlaveRxCpltCallback  stm32f4xx_hal_i2c.o
    0x0800246e   0x00000002   Code   RO         2405    i.HAL_I2C_SlaveTxCpltCallback  stm32f4xx_hal_i2c.o
    0x08002470   0x000001d8   Code   RO         2879    i.HAL_I2SEx_TransmitReceive_DMA  stm32f4xx_hal_i2s_ex.o
    0x08002648   0x00000002   Code   RO         2702    i.HAL_I2S_ErrorCallback  stm32f4xx_hal_i2s.o
    0x0800264a   0x00000002   PAD
    0x0800264c   0x00000258   Code   RO         2885    i.HAL_I2S_Init      stm32f4xx_hal_i2s_ex.o
    0x080028a4   0x000000fc   Code   RO          266    i.HAL_I2S_MspInit   i2s.o
    0x080029a0   0x00000002   Code   RO         1112    i.HAL_I2S_RxCpltCallback  waveplayer.o
    0x080029a2   0x00000002   Code   RO         1113    i.HAL_I2S_RxHalfCpltCallback  waveplayer.o
    0x080029a4   0x00000006   Code   RO         1114    i.HAL_I2S_TxCpltCallback  waveplayer.o
    0x080029aa   0x00000006   Code   RO         1115    i.HAL_I2S_TxHalfCpltCallback  waveplayer.o
    0x080029b0   0x00000010   Code   RO         1465    i.HAL_IncTick       stm32f4xx_hal.o
    0x080029c0   0x00000034   Code   RO         1466    i.HAL_Init          stm32f4xx_hal.o
    0x080029f4   0x00000022   Code   RO         1467    i.HAL_InitTick      stm32f4xx_hal.o
    0x08002a16   0x00000002   Code   RO         1469    i.HAL_MspInit       stm32f4xx_hal.o
    0x08002a18   0x00000064   Code   RO         1874    i.HAL_NVIC_EnableIRQ  stm32f4xx_hal_cortex.o
    0x08002a7c   0x000000a4   Code   RO         1880    i.HAL_NVIC_SetPriority  stm32f4xx_hal_cortex.o
    0x08002b20   0x00000084   Code   RO         1881    i.HAL_NVIC_SetPriorityGrouping  stm32f4xx_hal_cortex.o
    0x08002ba4   0x00000008   Code   RO          851    i.HAL_PCD_ConnectCallback  usbd_conf.o
    0x08002bac   0x00000012   Code   RO          852    i.HAL_PCD_DataInStageCallback  usbd_conf.o
    0x08002bbe   0x00000014   Code   RO          853    i.HAL_PCD_DataOutStageCallback  usbd_conf.o
    0x08002bd2   0x00000008   Code   RO          854    i.HAL_PCD_DisconnectCallback  usbd_conf.o
    0x08002bda   0x00000050   Code   RO         2978    i.HAL_PCD_EP_ClrStall  stm32f4xx_hal_pcd.o
    0x08002c2a   0x00000054   Code   RO         2981    i.HAL_PCD_EP_Open   stm32f4xx_hal_pcd.o
    0x08002c7e   0x00000002   PAD
    0x08002c80   0x0000005e   Code   RO         2982    i.HAL_PCD_EP_Receive  stm32f4xx_hal_pcd.o
    0x08002cde   0x00000060   Code   RO         2983    i.HAL_PCD_EP_SetStall  stm32f4xx_hal_pcd.o
    0x08002d3e   0x00000056   Code   RO         2984    i.HAL_PCD_EP_Transmit  stm32f4xx_hal_pcd.o
    0x08002d94   0x000003e4   Code   RO         2986    i.HAL_PCD_IRQHandler  stm32f4xx_hal_pcd.o
    0x08003178   0x00000008   Code   RO          855    i.HAL_PCD_ISOINIncompleteCallback  usbd_conf.o
    0x08003180   0x00000008   Code   RO          856    i.HAL_PCD_ISOOUTIncompleteCallback  usbd_conf.o
    0x08003188   0x00000020   Code   RO          859    i.HAL_PCD_ResetCallback  usbd_conf.o
    0x080031a8   0x00000008   Code   RO          860    i.HAL_PCD_ResumeCallback  usbd_conf.o
    0x080031b0   0x00000008   Code   RO          861    i.HAL_PCD_SOFCallback  usbd_conf.o
    0x080031b8   0x00000024   Code   RO         2995    i.HAL_PCD_SetAddress  stm32f4xx_hal_pcd.o
    0x080031dc   0x0000000e   Code   RO          862    i.HAL_PCD_SetupStageCallback  usbd_conf.o
    0x080031ea   0x00000002   PAD
    0x080031ec   0x00000030   Code   RO          863    i.HAL_PCD_SuspendCallback  usbd_conf.o
    0x0800321c   0x00000002   Code   RO         3387    i.HAL_RCC_CSSCallback  stm32f4xx_hal_rcc.o
    0x0800321e   0x00000002   PAD
    0x08003220   0x00000364   Code   RO         3388    i.HAL_RCC_ClockConfig  stm32f4xx_hal_rcc.o
    0x08003584   0x00000034   Code   RO         3393    i.HAL_RCC_GetHCLKFreq  stm32f4xx_hal_rcc.o
    0x080035b8   0x0000002c   Code   RO         3395    i.HAL_RCC_GetPCLK1Freq  stm32f4xx_hal_rcc.o
    0x080035e4   0x00000070   Code   RO         3397    i.HAL_RCC_GetSysClockFreq  stm32f4xx_hal_rcc.o
    0x08003654   0x0000001c   Code   RO         3399    i.HAL_RCC_NMI_IRQHandler  stm32f4xx_hal_rcc.o
    0x08003670   0x0000046a   Code   RO         3400    i.HAL_RCC_OscConfig  stm32f4xx_hal_rcc.o
    0x08003ada   0x00000002   Code   RO         3523    i.HAL_RNG_ErrorCallback  stm32f4xx_hal_rng.o
    0x08003adc   0x0000006a   Code   RO         3524    i.HAL_RNG_GenerateRandomNumber  stm32f4xx_hal_rng.o
    0x08003b46   0x00000052   Code   RO         3529    i.HAL_RNG_IRQHandler  stm32f4xx_hal_rng.o
    0x08003b98   0x0000003e   Code   RO         3530    i.HAL_RNG_Init      stm32f4xx_hal_rng.o
    0x08003bd6   0x00000002   PAD
    0x08003bd8   0x00000034   Code   RO          414    i.HAL_RNG_MspInit   rng.o
    0x08003c0c   0x00000002   Code   RO         3534    i.HAL_RNG_ReadyDataCallback  stm32f4xx_hal_rng.o
    0x08003c0e   0x00000002   Code   RO         3622    i.HAL_SPI_ErrorCallback  stm32f4xx_hal_spi.o
    0x08003c10   0x000000bc   Code   RO         3625    i.HAL_SPI_IRQHandler  stm32f4xx_hal_spi.o
    0x08003ccc   0x000001a4   Code   RO         3626    i.HAL_SPI_Init      stm32f4xx_hal_spi.o
    0x08003e70   0x000000b8   Code   RO          456    i.HAL_SPI_MspInit   spi.o
    0x08003f28   0x00000300   Code   RO         3635    i.HAL_SPI_TransmitReceive  stm32f4xx_hal_spi.o
    0x08004228   0x00000002   Code   RO         1884    i.HAL_SYSTICK_Callback  stm32f4xx_hal_cortex.o
    0x0800422a   0x00000028   Code   RO         1885    i.HAL_SYSTICK_Config  stm32f4xx_hal_cortex.o
    0x08004252   0x00000008   Code   RO         1886    i.HAL_SYSTICK_IRQHandler  stm32f4xx_hal_cortex.o
    0x0800425a   0x00000002   Code   RO         4493    i.HAL_TIMEx_BreakCallback  stm32f4xx_hal_tim_ex.o
    0x0800425c   0x00000002   Code   RO         4494    i.HAL_TIMEx_CommutationCallback  stm32f4xx_hal_tim_ex.o
    0x0800425e   0x00000002   Code   RO         3893    i.HAL_TIM_IC_CaptureCallback  stm32f4xx_hal_tim.o
    0x08004260   0x00000166   Code   RO         3906    i.HAL_TIM_IRQHandler  stm32f4xx_hal_tim.o
    0x080043c6   0x00000002   Code   RO         3909    i.HAL_TIM_OC_DelayElapsedCallback  stm32f4xx_hal_tim.o
    0x080043c8   0x00000002   Code   RO         3936    i.HAL_TIM_PWM_PulseFinishedCallback  stm32f4xx_hal_tim.o
    0x080043ca   0x00000002   Code   RO         3943    i.HAL_TIM_PeriodElapsedCallback  stm32f4xx_hal_tim.o
    0x080043cc   0x00000002   Code   RO         3947    i.HAL_TIM_TriggerCallback  stm32f4xx_hal_tim.o
    0x080043ce   0x00000002   Code   RO         4744    i.HAL_UART_ErrorCallback  stm32f4xx_hal_uart.o
    0x080043d0   0x0000010a   Code   RO         4747    i.HAL_UART_IRQHandler  stm32f4xx_hal_uart.o
    0x080044da   0x00000002   Code   RO         4754    i.HAL_UART_RxCpltCallback  stm32f4xx_hal_uart.o
    0x080044dc   0x00000002   Code   RO         4759    i.HAL_UART_TxCpltCallback  stm32f4xx_hal_uart.o
    0x080044de   0x00000002   PAD
    0x080044e0   0x0000000c   Code   RO          508    i.HASH_RNG_IRQHandler  stm32f4xx_it.o
    0x080044ec   0x0000000c   Code   RO          509    i.I2C1_ER_IRQHandler  stm32f4xx_it.o
    0x080044f8   0x0000000c   Code   RO          510    i.I2C1_EV_IRQHandler  stm32f4xx_it.o
    0x08004504   0x000000a4   Code   RO         2419    i.I2C_MasterReceive_BTF  stm32f4xx_hal_i2c.o
    0x080045a8   0x00000088   Code   RO         2420    i.I2C_MasterReceive_RXNE  stm32f4xx_hal_i2c.o
    0x08004630   0x00000074   Code   RO         2422    i.I2C_MasterRequestWrite  stm32f4xx_hal_i2c.o
    0x080046a4   0x00000064   Code   RO         2423    i.I2C_MasterTransmit_BTF  stm32f4xx_hal_i2c.o
    0x08004708   0x0000008a   Code   RO         2426    i.I2C_WaitOnFlagUntilTimeout  stm32f4xx_hal_i2c.o
    0x08004792   0x00000002   PAD
    0x08004794   0x00000088   Code   RO         2427    i.I2C_WaitOnMasterAddressFlagUntilTimeout  stm32f4xx_hal_i2c.o
    0x0800481c   0x0000001e   Code   RO         2719    i.I2S_DMAError      stm32f4xx_hal_i2s.o
    0x0800483a   0x00000002   PAD
    0x0800483c   0x00000068   Code   RO         2887    i.I2S_DMARxCplt     stm32f4xx_hal_i2s_ex.o
    0x080048a4   0x0000000a   Code   RO         2720    i.I2S_DMARxHalfCplt  stm32f4xx_hal_i2s.o
    0x080048ae   0x00000002   PAD
    0x080048b0   0x00000064   Code   RO         2888    i.I2S_DMATxCplt     stm32f4xx_hal_i2s_ex.o
    0x08004914   0x0000000a   Code   RO         2721    i.I2S_DMATxHalfCplt  stm32f4xx_hal_i2s.o
    0x0800491e   0x00000002   PAD
    0x08004920   0x00000058   Code   RO         2889    i.I2S_GetInputClock  stm32f4xx_hal_i2s_ex.o
    0x08004978   0x0000004c   Code   RO         1116    i.KSprocess         waveplayer.o
    0x080049c4   0x0000003c   Code   RO          172    i.MX_DMA_Init       dma.o
    0x08004a00   0x00000124   Code   RO          199    i.MX_GPIO_Init      gpio.o
    0x08004b24   0x00000030   Code   RO          225    i.MX_I2C1_Init      i2c.o
    0x08004b54   0x0000002c   Code   RO          267    i.MX_I2S3_Init      i2s.o
    0x08004b80   0x00000014   Code   RO          415    i.MX_RNG_Init       rng.o
    0x08004b94   0x00000030   Code   RO          457    i.MX_SPI1_Init      spi.o
    0x08004bc4   0x00000030   Code   RO          458    i.MX_SPI2_Init      spi.o
    0x08004bf4   0x00000002   Code   RO          511    i.MemManage_Handler  stm32f4xx_it.o
    0x08004bf6   0x00000002   PAD
    0x08004bf8   0x00000030   Code   RO         1117    i.MtoF              waveplayer.o
    0x08004c28   0x00000004   Code   RO          512    i.NMI_Handler       stm32f4xx_it.o
    0x08004c2c   0x00000020   Code   RO         1887    i.NVIC_SetPriority  stm32f4xx_hal_cortex.o
    0x08004c4c   0x0000000c   Code   RO          513    i.OTG_FS_IRQHandler  stm32f4xx_it.o
    0x08004c58   0x00000096   Code   RO         3000    i.PCD_WriteEmptyTxFifo  stm32f4xx_hal_pcd.o
    0x08004cee   0x00000002   Code   RO          514    i.RCC_IRQHandler    stm32f4xx_it.o
    0x08004cf0   0x0000000c   Code   RO          515    i.SPI1_IRQHandler   stm32f4xx_it.o
    0x08004cfc   0x0000000c   Code   RO          516    i.SPI2_IRQHandler   stm32f4xx_it.o
    0x08004d08   0x0000009e   Code   RO         3657    i.SPI_WaitOnFlagUntilTimeout  stm32f4xx_hal_spi.o
    0x08004da6   0x00000002   PAD
    0x08004da8   0x00000038   Code   RO         1119    i.StartAudio        waveplayer.o
    0x08004de0   0x0000000e   Code   RO          517    i.SysTick_Handler   stm32f4xx_it.o
    0x08004dee   0x00000002   PAD
    0x08004df0   0x00000074   Code   RO          307    i.SystemClock_Config  main.o
    0x08004e64   0x00000054   Code   RO         1416    i.SystemInit        system_stm32f4xx.o
    0x08004eb8   0x0000000c   Code   RO          518    i.TIM1_BRK_TIM9_IRQHandler  stm32f4xx_it.o
    0x08004ec4   0x0000000c   Code   RO          519    i.TIM1_CC_IRQHandler  stm32f4xx_it.o
    0x08004ed0   0x0000000c   Code   RO          520    i.TIM1_TRG_COM_TIM11_IRQHandler  stm32f4xx_it.o
    0x08004edc   0x0000000c   Code   RO          521    i.TIM1_UP_TIM10_IRQHandler  stm32f4xx_it.o
    0x08004ee8   0x0000000c   Code   RO          522    i.UART5_IRQHandler  stm32f4xx_it.o
    0x08004ef4   0x000000a8   Code   RO         4766    i.UART_Receive_IT   stm32f4xx_hal_uart.o
    0x08004f9c   0x00000066   Code   RO         4768    i.UART_Transmit_IT  stm32f4xx_hal_uart.o
    0x08005002   0x0000000e   Code   RO         5358    i.USBD_ClrClassConfig  usbd_core.o
    0x08005010   0x00000010   Code   RO         5561    i.USBD_CtlContinueRx  usbd_ioreq.o
    0x08005020   0x00000010   Code   RO         5562    i.USBD_CtlContinueSendData  usbd_ioreq.o
    0x08005030   0x00000016   Code   RO         5496    i.USBD_CtlError     usbd_ctlreq.o
    0x08005046   0x00000016   Code   RO         5564    i.USBD_CtlReceiveStatus  usbd_ioreq.o
    0x0800505c   0x0000001a   Code   RO         5565    i.USBD_CtlSendData  usbd_ioreq.o
    0x08005076   0x00000016   Code   RO         5566    i.USBD_CtlSendStatus  usbd_ioreq.o
    0x0800508c   0x000000e0   Code   RO         5497    i.USBD_GetDescriptor  usbd_ctlreq.o
    0x0800516c   0x0000000e   Code   RO          864    i.USBD_LL_ClearStallEP  usbd_conf.o
    0x0800517a   0x000000aa   Code   RO         5361    i.USBD_LL_DataInStage  usbd_core.o
    0x08005224   0x0000006a   Code   RO         5362    i.USBD_LL_DataOutStage  usbd_core.o
    0x0800528e   0x00000004   Code   RO         5363    i.USBD_LL_DevConnected  usbd_core.o
    0x08005292   0x00000016   Code   RO         5364    i.USBD_LL_DevDisconnected  usbd_core.o
    0x080052a8   0x00000020   Code   RO          871    i.USBD_LL_IsStallEP  usbd_conf.o
    0x080052c8   0x00000004   Code   RO         5365    i.USBD_LL_IsoINIncomplete  usbd_core.o
    0x080052cc   0x00000004   Code   RO         5366    i.USBD_LL_IsoOUTIncomplete  usbd_core.o
    0x080052d0   0x00000014   Code   RO          872    i.USBD_LL_OpenEP    usbd_conf.o
    0x080052e4   0x0000000e   Code   RO          873    i.USBD_LL_PrepareReceive  usbd_conf.o
    0x080052f2   0x0000003e   Code   RO         5367    i.USBD_LL_Reset     usbd_core.o
    0x08005330   0x0000000c   Code   RO         5368    i.USBD_LL_Resume    usbd_core.o
    0x0800533c   0x00000018   Code   RO         5369    i.USBD_LL_SOF       usbd_core.o
    0x08005354   0x00000006   Code   RO         5370    i.USBD_LL_SetSpeed  usbd_core.o
    0x0800535a   0x0000000e   Code   RO          874    i.USBD_LL_SetUSBAddress  usbd_conf.o
    0x08005368   0x0000005a   Code   RO         5371    i.USBD_LL_SetupStage  usbd_core.o
    0x080053c2   0x0000000e   Code   RO          875    i.USBD_LL_StallEP   usbd_conf.o
    0x080053d0   0x00000012   Code   RO         5372    i.USBD_LL_Suspend   usbd_core.o
    0x080053e2   0x0000000e   Code   RO          878    i.USBD_LL_Transmit  usbd_conf.o
    0x080053f0   0x00000028   Code   RO         5499    i.USBD_ParseSetupRequest  usbd_ctlreq.o
    0x08005418   0x00000016   Code   RO         5375    i.USBD_SetClassConfig  usbd_core.o
    0x0800542e   0x00000002   PAD
    0x08005430   0x00000074   Code   RO         5500    i.USBD_SetConfig    usbd_ctlreq.o
    0x080054a4   0x000000f2   Code   RO         5501    i.USBD_StdDevReq    usbd_ctlreq.o
    0x08005596   0x000000dc   Code   RO         5502    i.USBD_StdEPReq     usbd_ctlreq.o
    0x08005672   0x00000034   Code   RO         5503    i.USBD_StdItfReq    usbd_ctlreq.o
    0x080056a6   0x00000002   PAD
    0x080056a8   0x00000080   Code   RO         4970    i.USB_ActivateEndpoint  stm32f4xx_ll_usb.o
    0x08005728   0x00000034   Code   RO         4971    i.USB_ActivateSetup  stm32f4xx_ll_usb.o
    0x0800575c   0x00000140   Code   RO         4983    i.USB_EP0StartXfer  stm32f4xx_ll_usb.o
    0x0800589c   0x0000003e   Code   RO         4984    i.USB_EP0_OutStart  stm32f4xx_ll_usb.o
    0x080058da   0x00000064   Code   RO         4985    i.USB_EPClearStall  stm32f4xx_ll_usb.o
    0x0800593e   0x0000005e   Code   RO         4986    i.USB_EPSetStall    stm32f4xx_ll_usb.o
    0x0800599c   0x0000021c   Code   RO         4987    i.USB_EPStartXfer   stm32f4xx_ll_usb.o
    0x08005bb8   0x00000024   Code   RO         4990    i.USB_FlushTxFifo   stm32f4xx_ll_usb.o
    0x08005bdc   0x0000003c   Code   RO         4992    i.USB_GetDevSpeed   stm32f4xx_ll_usb.o
    0x08005c18   0x00000008   Code   RO         4994    i.USB_GetMode       stm32f4xx_ll_usb.o
    0x08005c20   0x0000000e   Code   RO         5001    i.USB_ReadDevAllInEpInterrupt  stm32f4xx_ll_usb.o
    0x08005c2e   0x0000000e   Code   RO         5002    i.USB_ReadDevAllOutEpInterrupt  stm32f4xx_ll_usb.o
    0x08005c3c   0x0000001e   Code   RO         5003    i.USB_ReadDevInEPInterrupt  stm32f4xx_ll_usb.o
    0x08005c5a   0x00000010   Code   RO         5004    i.USB_ReadDevOutEPInterrupt  stm32f4xx_ll_usb.o
    0x08005c6a   0x00000008   Code   RO         5005    i.USB_ReadInterrupts  stm32f4xx_ll_usb.o
    0x08005c72   0x00000020   Code   RO         5006    i.USB_ReadPacket    stm32f4xx_ll_usb.o
    0x08005c92   0x00000022   Code   RO         5009    i.USB_SetDevAddress  stm32f4xx_ll_usb.o
    0x08005cb4   0x00000028   Code   RO         5013    i.USB_WritePacket   stm32f4xx_ll_usb.o
    0x08005cdc   0x00000002   Code   RO          523    i.UsageFault_Handler  stm32f4xx_it.o
    0x08005cde   0x00000026   Code   RO         5674    i.__ARM_fpclassifyf  m_wm.l(fpclassifyf.o)
    0x08005d04   0x00000004   PAD
    0x08005d08   0x0000062c   Code   RO         5625    i.__hardfp_powf     m_wm.l(powf.o)
    0x08006334   0x00000010   Code   RO         5676    i.__mathlib_flt_underflow  m_wm.l(funder.o)
    0x08006344   0x0000000e   Code   RO         5724    i.__scatterload_copy  mc_w.l(handlers.o)
    0x08006352   0x00000002   Code   RO         5725    i.__scatterload_null  mc_w.l(handlers.o)
    0x08006354   0x0000000e   Code   RO         5726    i.__scatterload_zeroinit  mc_w.l(handlers.o)
    0x08006362   0x00000002   PAD
    0x08006364   0x0000000c   Code   RO         5696    i.__set_errno       mc_w.l(errno.o)
    0x08006370   0x0000006c   Code   RO         1121    i.adc_env_detector  waveplayer.o
    0x080063dc   0x00000002   Code   RO          309    i.assert_failed     main.o
    0x080063de   0x00000002   PAD
    0x080063e0   0x000000d0   Code   RO         1123    i.fillBufferWithInputProcess  waveplayer.o
    0x080064b0   0x00000108   Code   RO         1125    i.getADC_Raw        waveplayer.o
    0x080065b8   0x0000002c   Code   RO         1126    i.highpass          waveplayer.o
    0x080065e4   0x0000002c   Code   RO         1127    i.highpass2         waveplayer.o
    0x08006610   0x0000005c   Code   RO         1128    i.initScalars       waveplayer.o
    0x0800666c   0x00000088   Code   RO         1129    i.interpolateDelay  waveplayer.o
    0x080066f4   0x000000b8   Code   RO         1130    i.interpolateFeedback  waveplayer.o
    0x080067ac   0x00000050   Code   RO          310    i.main              main.o
    0x080067fc   0x000001b8   Code   RO         1131    i.myProcess         waveplayer.o
    0x080069b4   0x00000064   Code   RO         1132    i.nextOut           waveplayer.o
    0x08006a18   0x00000068   Code   RO         1135    i.readExternalADC   waveplayer.o
    0x08006a80   0x00000050   Code   RO         1138    i.setDelay          waveplayer.o
    0x08006ad0   0x00000058   Code   RO         1139    i.setRamp           waveplayer.o
    0x08006b28   0x0000003c   Code   RO         1141    i.thresholdCheck    waveplayer.o
    0x08006b64   0x00000084   Code   RO         1142    i.tick              waveplayer.o
    0x08006be8   0x00000030   Code   RO         1143    i.updatePhase       waveplayer.o
    0x08006c18   0x00000074   Code   RO         1144    i.wavetableSynth    waveplayer.o
    0x08006c8c   0x0000003c   Code   RO         1145    i.whiteNoise        waveplayer.o
    0x08006cc8   0x00001000   Data   RO         1394    .constdata          sinewave.o
    0x08007cc8   0x00000010   Data   RO         3401    .constdata          stm32f4xx_hal_rcc.o
    0x08007cd8   0x00000140   Data   RO         5628    .constdata          m_wm.l(powf.o)
    0x08007e18   0x00000020   Data   RO         5722    Region$$Table       anon$$obj.o


    Execution Region RW_IRAM1 (Base: 0x20000000, Size: 0x00010f90, Max: 0x00020000, ABSOLUTE)

    Base Addr    Size         Type   Attr      Idx    E Section Name        Object

    0x20000000   0x000000b8   Data   RW         1151    .data               waveplayer.o
    0x200000b8   0x00000014   Data   RW         1417    .data               system_stm32f4xx.o
    0x200000cc   0x00000004   Data   RW         1472    .data               stm32f4xx_hal.o
    0x200000d0   0x00000001   Data   RW         5504    .data               usbd_ctlreq.o
    0x200000d1   0x00000003   PAD
    0x200000d4   0x00000004   Data   RW         5697    .data               mc_w.l(errno.o)
    0x200000d8   0x00000044   Zero   RW            7    .bss                adc.o
    0x2000011c   0x0000003c   Zero   RW          226    .bss                i2c.o
    0x20000158   0x000000e4   Zero   RW          268    .bss                i2s.o
    0x2000023c   0x00000014   Zero   RW          311    .bss                main.o
    0x20000250   0x00000014   Zero   RW          312    .bss                main.o
    0x20000264   0x0000000c   Zero   RW          416    .bss                rng.o
    0x20000270   0x000000b0   Zero   RW          459    .bss                spi.o
    0x20000320   0x0000003c   Zero   RW          656    .bss                tim.o
    0x2000035c   0x00000040   Zero   RW          708    .bss                usart.o
    0x2000039c   0x000003b4   Zero   RW          879    .bss                usbd_conf.o
    0x20000750   0x0001043c   Zero   RW         1146    .bss                waveplayer.o
    0x20010b8c   0x00000004   PAD
    0x20010b90   0x00000400   Zero   RW         5618    STACK               startup_stm32f405xx.o


==============================================================================

Image component sizes


      Code (inc. data)   RO Data    RW Data    ZI Data      Debug   Object Name

         0          0          0          0         68     383664   adc.o
        60          4          0          0          0        894   dma.o
       292         16          0          0          0       1183   gpio.o
       156         28          0          0         60       1781   i2c.o
       296         38          0          0        228       1987   i2s.o
       198         16          0          0         40       7440   main.o
        72         18          0          0         12       1651   rng.o
         0          0       4096          0          0        658   sinewave.o
       280         40          0          0        176       2418   spi.o
        36          8        392          0       1024        988   startup_stm32f405xx.o
       138         16          0          4          0       5140   stm32f4xx_hal.o
       414         62          0          0          0       3271   stm32f4xx_hal_adc.o
         2          0          0          0          0       1109   stm32f4xx_hal_adc_ex.o
       478        208          0          0          0      31599   stm32f4xx_hal_cortex.o
      4832        188          0          0          0       4571   stm32f4xx_hal_dma.o
       884        194          0          0          0       2616   stm32f4xx_hal_gpio.o
      2152        122          0          0          0      14411   stm32f4xx_hal_i2c.o
        52          0          0          0          0       3003   stm32f4xx_hal_i2s.o
      1364        146          0          0          0       5035   stm32f4xx_hal_i2s_ex.o
      1622          0          0          0          0       7651   stm32f4xx_hal_pcd.o
      2236        184         16          0          0       7307   stm32f4xx_hal_rcc.o
       254          0          0          0          0       4039   stm32f4xx_hal_rng.o
      1536        120          0          0          0       5138   stm32f4xx_hal_spi.o
       368          0          0          0          0       5262   stm32f4xx_hal_tim.o
         4          0          0          0          0       1726   stm32f4xx_hal_tim_ex.o
       542          0          0          0          0       5095   stm32f4xx_hal_uart.o
       196         84          0          0          0      11079   stm32f4xx_it.o
      1588         20          0          0          0      13652   stm32f4xx_ll_usb.o
        84         18          0         20          0       1533   system_stm32f4xx.o
         0          0          0          0         60        256   tim.o
         0          0          0          0         64        261   usart.o
       302          4          0          0        948      11331   usbd_conf.o
       558          0          0          0          0      10308   usbd_core.o
       916         30          0          1          0       6587   usbd_ctlreq.o
       102          0          0          0          0       3944   usbd_ioreq.o
      2842        346          0        184      66620      22072   waveplayer.o

    ----------------------------------------------------------------------
     24898       1910       4536        212      69304     590660   Object Totals
         0          0         32          0          0          0   (incl. Generated)
        42          0          0          3          4          0   (incl. Padding)

    ----------------------------------------------------------------------

      Code (inc. data)   RO Data    RW Data    ZI Data      Debug   Library Member Name

        38          0          0          0          0        116   fpclassifyf.o
        16          6          0          0          0        116   funder.o
      1580        126        320          0          0        340   powf.o
         0          0          0          0          0          0   entry.o
         0          0          0          0          0          0   entry10a.o
         0          0          0          0          0          0   entry11a.o
         8          4          0          0          0          0   entry2.o
         4          0          0          0          0          0   entry5.o
         0          0          0          0          0          0   entry7b.o
         0          0          0          0          0          0   entry8b.o
         8          4          0          0          0          0   entry9a.o
        12          6          0          4          0         68   errno.o
        30          0          0          0          0          0   handlers.o
        36          8          0          0          0         68   init.o
         0          0          0          0          0          0   iusefp.o
        30          0          0          0          0         68   llshl.o
        36          0          0          0          0         68   llsshr.o
        32          0          0          0          0         68   llushr.o
        56          0          0          0          0         88   d2f.o
       334          0          0          0          0        148   dadd.o
       182          0          0          0          0        176   depilogue.o
        38          0          0          0          0         68   f2d.o
       110          0          0          0          0        168   fepilogue.o

    ----------------------------------------------------------------------
      2558        154        320          4          0       1560   Library Totals
         8          0          0          0          0          0   (incl. Padding)

    ----------------------------------------------------------------------

      Code (inc. data)   RO Data    RW Data    ZI Data      Debug   Library Name

      1634        132        320          0          0        572   m_wm.l
       196         22          0          4          0        340   mc_w.l
       720          0          0          0          0        648   mf_w.l

    ----------------------------------------------------------------------
      2558        154        320          4          0       1560   Library Totals

    ----------------------------------------------------------------------

==============================================================================


      Code (inc. data)   RO Data    RW Data    ZI Data      Debug   

     27456       2064       4856        216      69304     572060   Grand Totals
     27456       2064       4856        216      69304     572060   ELF Image Totals
     27456       2064       4856        216          0          0   ROM Totals

==============================================================================

    Total RO  Size (Code + RO Data)                32312 (  31.55kB)
    Total RW  Size (RW Data + ZI Data)             69520 (  67.89kB)
    Total ROM Size (Code + RO Data + RW Data)      32528 (  31.77kB)

==============================================================================

