<html>
<body>
<pre>
<h1>µVision Build Log</h1>
<h2>Project:</h2>
C:\Users\AirWolf\Documents\Drum_Box_code_4-12-15\USB_CDC_Test\USB_CDC_Test\drumbox_405\Projects\MDK-ARM\drumbox_405.uvproj
Project File Date:  04/21/2015

<h2>Output:</h2>
Build target 'drumbox_405 Configuration'
linking...
Program Size: Code=27456 RO-data=4856 RW-data=216 ZI-data=69304  
"drumbox_405 Configuration\drumbox_405 Configuration.axf" - 0 Error(s), 0 Warning(s).
Load "drumbox_405 Configuration\\drumbox_405 Configuration.axf" 
Erase Done.
Programming Done.
Verify OK.
Application running ...
Load "drumbox_405 Configuration\\drumbox_405 Configuration.axf" 
Erase Done.
Programming Done.
Verify OK.
Application running ...
Load "drumbox_405 Configuration\\drumbox_405 Configuration.axf" 
Error: Flash Download failed  -  Target DLL has been cancelled
Load "drumbox_405 Configuration\\drumbox_405 Configuration.axf" 
Error: Flash Download failed  -  Target DLL has been cancelled
Load "drumbox_405 Configuration\\drumbox_405 Configuration.axf" 
Erase Done.
Programming Done.
Verify OK.
Application running ...
Load "drumbox_405 Configuration\\drumbox_405 Configuration.axf" 
Erase Done.
Programming Done.
Verify OK.
Application running ...
