Component: ARM Compiler 5.06 update 2 (build 183) Tool: armlink [4d35b7]

==============================================================================

Section Cross References

    startup_stm32f405xx.o(RESET) refers to startup_stm32f405xx.o(STACK) for __initial_sp
    startup_stm32f405xx.o(RESET) refers to startup_stm32f405xx.o(.text) for Reset_Handler
    startup_stm32f405xx.o(RESET) refers to stm32f4xx_it.o(i.NMI_Handler) for NMI_Handler
    startup_stm32f405xx.o(RESET) refers to stm32f4xx_it.o(i.MemManage_Handler) for MemManage_Handler
    startup_stm32f405xx.o(RESET) refers to stm32f4xx_it.o(i.BusFault_Handler) for BusFault_Handler
    startup_stm32f405xx.o(RESET) refers to stm32f4xx_it.o(i.UsageFault_Handler) for UsageFault_Handler
    startup_stm32f405xx.o(RESET) refers to stm32f4xx_it.o(i.DebugMon_Handler) for DebugMon_Handler
    startup_stm32f405xx.o(RESET) refers to stm32f4xx_it.o(i.SysTick_Handler) for SysTick_Handler
    startup_stm32f405xx.o(RESET) refers to stm32f4xx_it.o(i.RCC_IRQHandler) for RCC_IRQHandler
    startup_stm32f405xx.o(RESET) refers to stm32f4xx_it.o(i.DMA1_Stream0_IRQHandler) for DMA1_Stream0_IRQHandler
    startup_stm32f405xx.o(RESET) refers to stm32f4xx_it.o(i.DMA1_Stream3_IRQHandler) for DMA1_Stream3_IRQHandler
    startup_stm32f405xx.o(RESET) refers to stm32f4xx_it.o(i.DMA1_Stream4_IRQHandler) for DMA1_Stream4_IRQHandler
    startup_stm32f405xx.o(RESET) refers to stm32f4xx_it.o(i.DMA1_Stream5_IRQHandler) for DMA1_Stream5_IRQHandler
    startup_stm32f405xx.o(RESET) refers to stm32f4xx_it.o(i.DMA1_Stream6_IRQHandler) for DMA1_Stream6_IRQHandler
    startup_stm32f405xx.o(RESET) refers to stm32f4xx_it.o(i.ADC_IRQHandler) for ADC_IRQHandler
    startup_stm32f405xx.o(RESET) refers to stm32f4xx_it.o(i.I2C1_EV_IRQHandler) for I2C1_EV_IRQHandler
    startup_stm32f405xx.o(RESET) refers to stm32f4xx_it.o(i.I2C1_ER_IRQHandler) for I2C1_ER_IRQHandler
    startup_stm32f405xx.o(RESET) refers to stm32f4xx_it.o(i.SPI1_IRQHandler) for SPI1_IRQHandler
    startup_stm32f405xx.o(RESET) refers to stm32f4xx_it.o(i.SPI2_IRQHandler) for SPI2_IRQHandler
    startup_stm32f405xx.o(RESET) refers to stm32f4xx_it.o(i.DMA1_Stream7_IRQHandler) for DMA1_Stream7_IRQHandler
    startup_stm32f405xx.o(RESET) refers to stm32f4xx_it.o(i.SPI3_IRQHandler) for SPI3_IRQHandler
    startup_stm32f405xx.o(RESET) refers to stm32f4xx_it.o(i.DMA2_Stream0_IRQHandler) for DMA2_Stream0_IRQHandler
    startup_stm32f405xx.o(RESET) refers to stm32f4xx_it.o(i.DMA2_Stream3_IRQHandler) for DMA2_Stream3_IRQHandler
    startup_stm32f405xx.o(RESET) refers to stm32f4xx_it.o(i.OTG_FS_IRQHandler) for OTG_FS_IRQHandler
    startup_stm32f405xx.o(RESET) refers to stm32f4xx_it.o(i.HASH_RNG_IRQHandler) for HASH_RNG_IRQHandler
    startup_stm32f405xx.o(.text) refers to system_stm32f4xx.o(i.SystemInit) for SystemInit
    startup_stm32f405xx.o(.text) refers to entry.o(.ARM.Collect$$$$00000000) for __main
    usb_device.o(i.MX_USB_DEVICE_Init) refers to usbd_core.o(i.USBD_Init) for USBD_Init
    usb_device.o(i.MX_USB_DEVICE_Init) refers to usbd_core.o(i.USBD_RegisterClass) for USBD_RegisterClass
    usb_device.o(i.MX_USB_DEVICE_Init) refers to usbd_cdc.o(i.USBD_CDC_RegisterInterface) for USBD_CDC_RegisterInterface
    usb_device.o(i.MX_USB_DEVICE_Init) refers to usbd_core.o(i.USBD_Start) for USBD_Start
    usb_device.o(i.MX_USB_DEVICE_Init) refers to usbd_desc.o(.data) for FS_Desc
    usb_device.o(i.MX_USB_DEVICE_Init) refers to usb_device.o(.bss) for .bss
    usb_device.o(i.MX_USB_DEVICE_Init) refers to usbd_cdc.o(.data) for USBD_CDC
    usb_device.o(i.MX_USB_DEVICE_Init) refers to usbd_cdc_if.o(.data) for USBD_Interface_fops_FS
    rng.o(i.HAL_RNG_MspDeInit) refers to stm32f4xx_hal_cortex.o(i.HAL_NVIC_DisableIRQ) for HAL_NVIC_DisableIRQ
    rng.o(i.HAL_RNG_MspInit) refers to stm32f4xx_hal_cortex.o(i.HAL_NVIC_SetPriority) for HAL_NVIC_SetPriority
    rng.o(i.HAL_RNG_MspInit) refers to stm32f4xx_hal_cortex.o(i.HAL_NVIC_EnableIRQ) for HAL_NVIC_EnableIRQ
    rng.o(i.MX_RNG_Init) refers to stm32f4xx_hal_rng.o(i.HAL_RNG_Init) for HAL_RNG_Init
    rng.o(i.MX_RNG_Init) refers to rng.o(.bss) for .bss
    usbd_cdc_if.o(i.CDC_DeInit_FS) refers to usbd_cdc.o(i.USBD_CDC_SetTxBuffer) for USBD_CDC_SetTxBuffer
    usbd_cdc_if.o(i.CDC_DeInit_FS) refers to usbd_cdc.o(i.USBD_CDC_SetRxBuffer) for USBD_CDC_SetRxBuffer
    usbd_cdc_if.o(i.CDC_DeInit_FS) refers to usbd_cdc_if.o(.bss) for .bss
    usbd_cdc_if.o(i.CDC_DeInit_FS) refers to usbd_cdc_if.o(.data) for .data
    usbd_cdc_if.o(i.CDC_Init_FS) refers to usb_device.o(.bss) for hUsbDeviceFS
    usbd_cdc_if.o(i.CDC_Init_FS) refers to usbd_cdc_if.o(.data) for .data
    usbd_cdc_if.o(.data) refers to usbd_cdc_if.o(i.CDC_Init_FS) for CDC_Init_FS
    usbd_cdc_if.o(.data) refers to usbd_cdc_if.o(i.CDC_DeInit_FS) for CDC_DeInit_FS
    usbd_cdc_if.o(.data) refers to usbd_cdc_if.o(i.CDC_Control_FS) for CDC_Control_FS
[...]
    .bss                                     0x200011bc   Section       68  adc.o(.bss)
    .bss                                     0x20001200   Section    68996  waveplayer.o(.bss)
    HEAP                                     0x20011f88   Section      512  startup_stm32f405xx.o(HEAP)
    STACK                                    0x20012188   Section     1024  startup_stm32f405xx.o(STACK)

    Global Symbols

    Symbol Name                              Value     Ov Type        Size  Object(Section)

    BuildAttributes$$THM_ISAv4$E$P$D$K$B$S$7EM$VFPi3$EXTD16$VFPS$VFMA$PE$A:L22UL41UL21$X:L11$S22US41US21$IEEE1$IW$USESV6$~STKCKD$USESV7$~SHL$OTIME$EBA8$MICROLIB$REQ8$PRES8$EABIv2 0x00000000   Number         0  anon$$obj.o ABSOLUTE
    __ARM_use_no_argv                        0x00000000   Number         0  main.o ABSOLUTE
    __cpp_initialize__aeabi_                  - Undefined Weak Reference
    __cxa_finalize                            - Undefined Weak Reference
    _clock_init                               - Undefined Weak Reference
    _microlib_exit                            - Undefined Weak Reference
    __Vectors_Size                           0x00000188   Number         0  startup_stm32f405xx.o ABSOLUTE
    __Vectors                                0x08000000   Data           4  startup_stm32f405xx.o(RESET)
    __Vectors_End                            0x08000188   Data           0  startup_stm32f405xx.o(RESET)
    __main                                   0x08000189   Thumb Code     0  entry.o(.ARM.Collect$$$$00000000)
    _main_stk                                0x08000189   Thumb Code     0  entry2.o(.ARM.Collect$$$$00000001)
    _main_scatterload                        0x0800018d   Thumb Code     0  entry5.o(.ARM.Collect$$$$00000004)
    __main_after_scatterload                 0x08000191   Thumb Code     0  entry5.o(.ARM.Collect$$$$00000004)
    _main_clock                              0x08000191   Thumb Code     0  entry7b.o(.ARM.Collect$$$$00000008)
    _main_cpp_init                           0x08000191   Thumb Code     0  entry8b.o(.ARM.Collect$$$$0000000A)
    _main_init                               0x08000191   Thumb Code     0  entry9a.o(.ARM.Collect$$$$0000000B)
    __rt_final_cpp                           0x08000199   Thumb Code     0  entry10a.o(.ARM.Collect$$$$0000000D)
    __rt_final_exit                          0x08000199   Thumb Code     0  entry11a.o(.ARM.Collect$$$$0000000F)
    Reset_Handler                            0x0800019d   Thumb Code     8  startup_stm32f405xx.o(.text)
    HardFault_Handler                        0x080001a7   Thumb Code     2  startup_stm32f405xx.o(.text)
    SVC_Handler                              0x080001af   Thumb Code     2  startup_stm32f405xx.o(.text)
    PendSV_Handler                           0x080001b3   Thumb Code     2  startup_stm32f405xx.o(.text)
    CAN1_RX0_IRQHandler                      0x080001b7   Thumb Code     0  startup_stm32f405xx.o(.text)
    CAN1_RX1_IRQHandler                      0x080001b7   Thumb Code     0  startup_stm32f405xx.o(.text)
    CAN1_SCE_IRQHandler                      0x080001b7   Thumb Code     0  startup_stm32f405xx.o(.text)
    CAN1_TX_IRQHandler                       0x080001b7   Thumb Code     0  startup_stm32f405xx.o(.text)
    CAN2_RX0_IRQHandler                      0x080001b7   Thumb Code     0  startup_stm32f405xx.o(.text)
    CAN2_RX1_IRQHandler                      0x080001b7   Thumb Code     0  startup_stm32f405xx.o(.text)
    CAN2_SCE_IRQHandler                      0x080001b7   Thumb Code     0  startup_stm32f405xx.o(.text)
    CAN2_TX_IRQHandler                       0x080001b7   Thumb Code     0  startup_stm32f405xx.o(.text)
    DMA1_Stream1_IRQHandler                  0x080001b7   Thumb Code     0  startup_stm32f405xx.o(.text)
    DMA1_Stream2_IRQHandler                  0x080001b7   Thumb Code     0  startup_stm32f405xx.o(.text)
    DMA2_Stream1_IRQHandler                  0x080001b7   Thumb Code     0  startup_stm32f405xx.o(.text)
    DMA2_Stream2_IRQHandler                  0x080001b7   Thumb Code     0  startup_stm32f405xx.o(.text)
    DMA2_Stream4_IRQHandler                  0x080001b7   Thumb Code     0  startup_stm32f405xx.o(.text)
    DMA2_Stream5_IRQHandler                  0x080001b7   Thumb Code     0  startup_stm32f405xx.o(.text)
    DMA2_Stream6_IRQHandler                  0x080001b7   Thumb Code     0  startup_stm32f405xx.o(.text)
    DMA2_Stream7_IRQHandler                  0x080001b7   Thumb Code     0  startup_stm32f405xx.o(.text)
    EXTI0_IRQHandler                         0x080001b7   Thumb Code     0  startup_stm32f405xx.o(.text)
    EXTI15_10_IRQHandler                     0x080001b7   Thumb Code     0  startup_stm32f405xx.o(.text)
    EXTI1_IRQHandler                         0x080001b7   Thumb Code     0  startup_stm32f405xx.o(.text)
    EXTI2_IRQHandler                         0x080001b7   Thumb Code     0  startup_stm32f405xx.o(.text)
    EXTI3_IRQHandler                         0x080001b7   Thumb Code     0  startup_stm32f405xx.o(.text)
    EXTI4_IRQHandler                         0x080001b7   Thumb Code     0  startup_stm32f405xx.o(.text)
    EXTI9_5_IRQHandler                       0x080001b7   Thumb Code     0  startup_stm32f405xx.o(.text)
    FLASH_IRQHandler                         0x080001b7   Thumb Code     0  startup_stm32f405xx.o(.text)
    FMC_IRQHandler                           0x080001b7   Thumb Code     0  startup_stm32f405xx.o(.text)
    FPU_IRQHandler                           0x080001b7   Thumb Code     0  startup_stm32f405xx.o(.text)
    I2C2_ER_IRQHandler                       0x080001b7   Thumb Code     0  startup_stm32f405xx.o(.text)
    I2C2_EV_IRQHandler                       0x080001b7   Thumb Code     0  startup_stm32f405xx.o(.text)
    I2C3_ER_IRQHandler                       0x080001b7   Thumb Code     0  startup_stm32f405xx.o(.text)
    I2C3_EV_IRQHandler                       0x080001b7   Thumb Code     0  startup_stm32f405xx.o(.text)
    OTG_FS_WKUP_IRQHandler                   0x080001b7   Thumb Code     0  startup_stm32f405xx.o(.text)
    OTG_HS_EP1_IN_IRQHandler                 0x080001b7   Thumb Code     0  startup_stm32f405xx.o(.text)
    OTG_HS_EP1_OUT_IRQHandler                0x080001b7   Thumb Code     0  startup_stm32f405xx.o(.text)
    OTG_HS_IRQHandler                        0x080001b7   Thumb Code     0  startup_stm32f405xx.o(.text)
    OTG_HS_WKUP_IRQHandler                   0x080001b7   Thumb Code     0  startup_stm32f405xx.o(.text)
    PVD_IRQHandler                           0x080001b7   Thumb Code     0  startup_stm32f405xx.o(.text)
    RTC_Alarm_IRQHandler                     0x080001b7   Thumb Code     0  startup_stm32f405xx.o(.text)
    RTC_WKUP_IRQHandler                      0x080001b7   Thumb Code     0  startup_stm32f405xx.o(.text)
    SDIO_IRQHandler                          0x080001b7   Thumb Code     0  startup_stm32f405xx.o(.text)
    TAMP_STAMP_IRQHandler                    0x080001b7   Thumb Code     0  startup_stm32f405xx.o(.text)
    TIM1_BRK_TIM9_IRQHandler                 0x080001b7   Thumb Code     0  startup_stm32f405xx.o(.text)
    TIM1_CC_IRQHandler                       0x080001b7   Thumb Code     0  startup_stm32f405xx.o(.text)
    TIM1_TRG_COM_TIM11_IRQHandler            0x080001b7   Thumb Code     0  startup_stm32f405xx.o(.text)
    TIM1_UP_TIM10_IRQHandler                 0x080001b7   Thumb Code     0  startup_stm32f405xx.o(.text)
    TIM2_IRQHandler                          0x080001b7   Thumb Code     0  startup_stm32f405xx.o(.text)
    TIM3_IRQHandler                          0x080001b7   Thumb Code     0  startup_stm32f405xx.o(.text)
    TIM4_IRQHandler                          0x080001b7   Thumb Code     0  startup_stm32f405xx.o(.text)
    TIM5_IRQHandler                          0x080001b7   Thumb Code     0  startup_stm32f405xx.o(.text)
    TIM6_DAC_IRQHandler                      0x080001b7   Thumb Code     0  startup_stm32f405xx.o(.text)
    TIM7_IRQHandler                          0x080001b7   Thumb Code     0  startup_stm32f405xx.o(.text)
    TIM8_BRK_TIM12_IRQHandler                0x080001b7   Thumb Code     0  startup_stm32f405xx.o(.text)
    TIM8_CC_IRQHandler                       0x080001b7   Thumb Code     0  startup_stm32f405xx.o(.text)
    TIM8_TRG_COM_TIM14_IRQHandler            0x080001b7   Thumb Code     0  startup_stm32f405xx.o(.text)
    TIM8_UP_TIM13_IRQHandler                 0x080001b7   Thumb Code     0  startup_stm32f405xx.o(.text)
    UART4_IRQHandler                         0x080001b7   Thumb Code     0  startup_stm32f405xx.o(.text)
    UART5_IRQHandler                         0x080001b7   Thumb Code     0  startup_stm32f405xx.o(.text)
    USART1_IRQHandler                        0x080001b7   Thumb Code     0  startup_stm32f405xx.o(.text)
    USART2_IRQHandler                        0x080001b7   Thumb Code     0  startup_stm32f405xx.o(.text)
    USART3_IRQHandler                        0x080001b7   Thumb Code     0  startup_stm32f405xx.o(.text)
    USART6_IRQHandler                        0x080001b7   Thumb Code     0  startup_stm32f405xx.o(.text)
    WWDG_IRQHandler                          0x080001b7   Thumb Code     0  startup_stm32f405xx.o(.text)
    __scatterload                            0x080001c1   Thumb Code    28  init.o(.text)
    __scatterload_rt2                        0x080001c1   Thumb Code     0  init.o(.text)
    __decompress                             0x080001e5   Thumb Code     0  __dczerorl2.o(.text)
    __decompress1                            0x080001e5   Thumb Code    86  __dczerorl2.o(.text)
    ADC_IRQHandler                           0x0800023d   Thumb Code     6  stm32f4xx_it.o(i.ADC_IRQHandler)
    AudioCodec_init                          0x08000249   Thumb Code   268  waveplayer.o(i.AudioCodec_init)
    BusFault_Handler                         0x0800035d   Thumb Code     2  stm32f4xx_it.o(i.BusFault_Handler)
    DMA1_Stream0_IRQHandler                  0x080003a5   Thumb Code     6  stm32f4xx_it.o(i.DMA1_Stream0_IRQHandler)
    DMA1_Stream3_IRQHandler                  0x080003b1   Thumb Code     6  stm32f4xx_it.o(i.DMA1_Stream3_IRQHandler)
    DMA1_Stream4_IRQHandler                  0x080003bd   Thumb Code     6  stm32f4xx_it.o(i.DMA1_Stream4_IRQHandler)
    DMA1_Stream5_IRQHandler                  0x080003c9   Thumb Code     6  stm32f4xx_it.o(i.DMA1_Stream5_IRQHandler)
    DMA1_Stream6_IRQHandler                  0x080003d5   Thumb Code     6  stm32f4xx_it.o(i.DMA1_Stream6_IRQHandler)
    DMA1_Stream7_IRQHandler                  0x080003e1   Thumb Code     6  stm32f4xx_it.o(i.DMA1_Stream7_IRQHandler)
    DMA2_Stream0_IRQHandler                  0x080003ed   Thumb Code     6  stm32f4xx_it.o(i.DMA2_Stream0_IRQHandler)
    DMA2_Stream3_IRQHandler                  0x080003f9   Thumb Code     6  stm32f4xx_it.o(i.DMA2_Stream3_IRQHandler)
    DebugMon_Handler                         0x08000405   Thumb Code     2  stm32f4xx_it.o(i.DebugMon_Handler)
    HAL_ADCEx_InjectedConvCpltCallback       0x08000407   Thumb Code     2  stm32f4xx_hal_adc_ex.o(i.HAL_ADCEx_InjectedConvCpltCallback)
    HAL_ADC_ConfigChannel                    0x08000409   Thumb Code   496  stm32f4xx_hal_adc.o(i.HAL_ADC_ConfigChannel)
    HAL_ADC_ConvCpltCallback                 0x0800063d   Thumb Code     2  stm32f4xx_hal_adc.o(i.HAL_ADC_ConvCpltCallback)
    HAL_ADC_ErrorCallback                    0x0800063f   Thumb Code     2  stm32f4xx_hal_adc.o(i.HAL_ADC_ErrorCallback)
    HAL_ADC_IRQHandler                       0x08000641   Thumb Code   354  stm32f4xx_hal_adc.o(i.HAL_ADC_IRQHandler)
    HAL_ADC_Init                             0x080007dd   Thumb Code   754  stm32f4xx_hal_adc.o(i.HAL_ADC_Init)
    HAL_ADC_LevelOutOfWindowCallback         0x08000b51   Thumb Code     2  stm32f4xx_hal_adc.o(i.HAL_ADC_LevelOutOfWindowCallback)
    HAL_ADC_MspInit                          0x08000b55   Thumb Code    78  adc.o(i.HAL_ADC_MspInit)
    HAL_DMA_IRQHandler                       0x08000bad   Thumb Code  4596  stm32f4xx_hal_dma.o(i.HAL_DMA_IRQHandler)
    HAL_DMA_Init                             0x08001dc5   Thumb Code   550  stm32f4xx_hal_dma.o(i.HAL_DMA_Init)
    HAL_DMA_Start_IT                         0x08002069   Thumb Code   168  stm32f4xx_hal_dma.o(i.HAL_DMA_Start_IT)
    HAL_Delay                                0x08002149   Thumb Code    22  stm32f4xx_hal.o(i.HAL_Delay)
    HAL_GPIO_Init                            0x08002161   Thumb Code   758  stm32f4xx_hal_gpio.o(i.HAL_GPIO_Init)
    HAL_GPIO_ReadPin                         0x080024b5   Thumb Code    28  stm32f4xx_hal_gpio.o(i.HAL_GPIO_ReadPin)
    HAL_GPIO_WritePin                        0x0800250d   Thumb Code    48  stm32f4xx_hal_gpio.o(i.HAL_GPIO_WritePin)
    HAL_GetTick                              0x08002579   Thumb Code     6  stm32f4xx_hal.o(i.HAL_GetTick)
    HAL_I2C_ER_IRQHandler                    0x08002585   Thumb Code   250  stm32f4xx_hal_i2c.o(i.HAL_I2C_ER_IRQHandler)
    HAL_I2C_EV_IRQHandler                    0x08002685   Thumb Code   772  stm32f4xx_hal_i2c.o(i.HAL_I2C_EV_IRQHandler)
    HAL_I2C_ErrorCallback                    0x0800298d   Thumb Code     2  stm32f4xx_hal_i2c.o(i.HAL_I2C_ErrorCallback)
    HAL_I2C_Init                             0x08002991   Thumb Code   448  stm32f4xx_hal_i2c.o(i.HAL_I2C_Init)
    HAL_I2C_MasterRxCpltCallback             0x08002b95   Thumb Code     2  waveplayer.o(i.HAL_I2C_MasterRxCpltCallback)
    HAL_I2C_MasterTxCpltCallback             0x08002b97   Thumb Code     2  stm32f4xx_hal_i2c.o(i.HAL_I2C_MasterTxCpltCallback)
    HAL_I2C_Master_Receive_DMA               0x08002b99   Thumb Code   174  stm32f4xx_hal_i2c.o(i.HAL_I2C_Master_Receive_DMA)
    HAL_I2C_Master_Transmit                  0x08002c51   Thumb Code   226  stm32f4xx_hal_i2c.o(i.HAL_I2C_Master_Transmit)
    HAL_I2C_Master_Transmit_DMA              0x08002d3d   Thumb Code   154  stm32f4xx_hal_i2c.o(i.HAL_I2C_Master_Transmit_DMA)
    HAL_I2C_MemRxCpltCallback                0x08002de1   Thumb Code     2  stm32f4xx_hal_i2c.o(i.HAL_I2C_MemRxCpltCallback)
    HAL_I2C_MemTxCpltCallback                0x08002de3   Thumb Code     2  stm32f4xx_hal_i2c.o(i.HAL_I2C_MemTxCpltCallback)
    HAL_I2C_MspInit                          0x08002de5   Thumb Code   224  i2c.o(i.HAL_I2C_MspInit)
    HAL_I2C_SlaveRxCpltCallback              0x08002ed9   Thumb Code     2  stm32f4xx_hal_i2c.o(i.HAL_I2C_SlaveRxCpltCallback)
    HAL_I2C_SlaveTxCpltCallback              0x08002edb   Thumb Code     2  stm32f4xx_hal_i2c.o(i.HAL_I2C_SlaveTxCpltCallback)
    HAL_I2SEx_TransmitReceive_DMA            0x08002edd   Thumb Code   488  stm32f4xx_hal_i2s_ex.o(i.HAL_I2SEx_TransmitReceive_DMA)
    HAL_I2S_ErrorCallback                    0x080030e1   Thumb Code     2  stm32f4xx_hal_i2s.o(i.HAL_I2S_ErrorCallback)
    HAL_I2S_IRQHandler                       0x080030e5   Thumb Code   646  stm32f4xx_hal_i2s_ex.o(i.HAL_I2S_IRQHandler)
    HAL_I2S_Init                             0x08003375   Thumb Code   610  stm32f4xx_hal_i2s_ex.o(i.HAL_I2S_Init)
    HAL_I2S_MspInit                          0x0800363d   Thumb Code   228  i2s.o(i.HAL_I2S_MspInit)
    HAL_I2S_RxCpltCallback                   0x08003741   Thumb Code     2  waveplayer.o(i.HAL_I2S_RxCpltCallback)
    HAL_I2S_RxHalfCpltCallback               0x08003743   Thumb Code     2  waveplayer.o(i.HAL_I2S_RxHalfCpltCallback)
    HAL_I2S_TxCpltCallback                   0x08003745   Thumb Code     6  waveplayer.o(i.HAL_I2S_TxCpltCallback)
    HAL_I2S_TxHalfCpltCallback               0x0800374b   Thumb Code     6  waveplayer.o(i.HAL_I2S_TxHalfCpltCallback)
    HAL_IncTick                              0x08003751   Thumb Code    10  stm32f4xx_hal.o(i.HAL_IncTick)
    HAL_Init                                 0x08003761   Thumb Code    48  stm32f4xx_hal.o(i.HAL_Init)
    HAL_InitTick                             0x08003795   Thumb Code    34  stm32f4xx_hal.o(i.HAL_InitTick)
    HAL_MspInit                              0x080037b7   Thumb Code    80  stm32f4xx_hal_msp.o(i.HAL_MspInit)
    HAL_NVIC_EnableIRQ                       0x08003809   Thumb Code    38  stm32f4xx_hal_cortex.o(i.HAL_NVIC_EnableIRQ)
    HAL_NVIC_SetPriority                     0x0800386d   Thumb Code   114  stm32f4xx_hal_cortex.o(i.HAL_NVIC_SetPriority)
    HAL_NVIC_SetPriorityGrouping             0x08003921   Thumb Code    60  stm32f4xx_hal_cortex.o(i.HAL_NVIC_SetPriorityGrouping)
    HAL_PCDEx_SetRxFiFo                      0x0800399d   Thumb Code     8  stm32f4xx_hal_pcd_ex.o(i.HAL_PCDEx_SetRxFiFo)
    HAL_PCDEx_SetTxFiFo                      0x080039a5   Thumb Code    78  stm32f4xx_hal_pcd_ex.o(i.HAL_PCDEx_SetTxFiFo)
    HAL_PCD_ConnectCallback                  0x080039f3   Thumb Code     8  usbd_conf.o(i.HAL_PCD_ConnectCallback)
    HAL_PCD_DataInStageCallback              0x080039fb   Thumb Code    18  usbd_conf.o(i.HAL_PCD_DataInStageCallback)
    HAL_PCD_DataOutStageCallback             0x08003a0d   Thumb Code    20  usbd_conf.o(i.HAL_PCD_DataOutStageCallback)
    HAL_PCD_DisconnectCallback               0x08003a21   Thumb Code     8  usbd_conf.o(i.HAL_PCD_DisconnectCallback)
    HAL_PCD_EP_Close                         0x08003a29   Thumb Code    70  stm32f4xx_hal_pcd.o(i.HAL_PCD_EP_Close)
    HAL_PCD_EP_ClrStall                      0x08003a6f   Thumb Code    78  stm32f4xx_hal_pcd.o(i.HAL_PCD_EP_ClrStall)
    HAL_PCD_EP_GetRxCount                    0x08003abd   Thumb Code    20  stm32f4xx_hal_pcd.o(i.HAL_PCD_EP_GetRxCount)
    HAL_PCD_EP_Open                          0x08003ad1   Thumb Code    88  stm32f4xx_hal_pcd.o(i.HAL_PCD_EP_Open)
    HAL_PCD_EP_Receive                       0x08003b29   Thumb Code    94  stm32f4xx_hal_pcd.o(i.HAL_PCD_EP_Receive)
    HAL_PCD_EP_SetStall                      0x08003b87   Thumb Code    94  stm32f4xx_hal_pcd.o(i.HAL_PCD_EP_SetStall)
    HAL_PCD_EP_Transmit                      0x08003be5   Thumb Code    90  stm32f4xx_hal_pcd.o(i.HAL_PCD_EP_Transmit)
    HAL_PCD_IRQHandler                       0x08003c41   Thumb Code  1260  stm32f4xx_hal_pcd.o(i.HAL_PCD_IRQHandler)
    HAL_PCD_ISOINIncompleteCallback          0x0800412d   Thumb Code     8  usbd_conf.o(i.HAL_PCD_ISOINIncompleteCallback)
    HAL_PCD_ISOOUTIncompleteCallback         0x08004135   Thumb Code     8  usbd_conf.o(i.HAL_PCD_ISOOUTIncompleteCallback)
    HAL_PCD_Init                             0x0800413d   Thumb Code   232  stm32f4xx_hal_pcd.o(i.HAL_PCD_Init)
    HAL_PCD_MspInit                          0x0800425d   Thumb Code   114  usbd_conf.o(i.HAL_PCD_MspInit)
    HAL_PCD_ResetCallback                    0x080042dd   Thumb Code    34  usbd_conf.o(i.HAL_PCD_ResetCallback)
    HAL_PCD_ResumeCallback                   0x080042ff   Thumb Code     8  usbd_conf.o(i.HAL_PCD_ResumeCallback)
    HAL_PCD_SOFCallback                      0x08004307   Thumb Code     8  usbd_conf.o(i.HAL_PCD_SOFCallback)
    HAL_PCD_SetAddress                       0x0800430f   Thumb Code    36  stm32f4xx_hal_pcd.o(i.HAL_PCD_SetAddress)
    HAL_PCD_SetupStageCallback               0x08004333   Thumb Code    14  usbd_conf.o(i.HAL_PCD_SetupStageCallback)
    HAL_PCD_Start                            0x08004341   Thumb Code    42  stm32f4xx_hal_pcd.o(i.HAL_PCD_Start)
    HAL_PCD_SuspendCallback                  0x0800436d   Thumb Code    46  usbd_conf.o(i.HAL_PCD_SuspendCallback)
    HAL_RCC_CSSCallback                      0x080043a1   Thumb Code     2  stm32f4xx_hal_rcc.o(i.HAL_RCC_CSSCallback)
    HAL_RCC_ClockConfig                      0x080043a5   Thumb Code   876  stm32f4xx_hal_rcc.o(i.HAL_RCC_ClockConfig)
    HAL_RCC_GetHCLKFreq                      0x08004755   Thumb Code    38  stm32f4xx_hal_rcc.o(i.HAL_RCC_GetHCLKFreq)
    HAL_RCC_GetPCLK1Freq                     0x08004789   Thumb Code    64  stm32f4xx_hal_rcc.o(i.HAL_RCC_GetPCLK1Freq)
    HAL_RCC_GetSysClockFreq                  0x080047d5   Thumb Code   132  stm32f4xx_hal_rcc.o(i.HAL_RCC_GetSysClockFreq)
    HAL_RCC_NMI_IRQHandler                   0x08004869   Thumb Code    26  stm32f4xx_hal_rcc.o(i.HAL_RCC_NMI_IRQHandler)
    HAL_RCC_OscConfig                        0x0800488d   Thumb Code  1260  stm32f4xx_hal_rcc.o(i.HAL_RCC_OscConfig)
    HAL_RNG_ErrorCallback                    0x08004d7d   Thumb Code     2  stm32f4xx_hal_rng.o(i.HAL_RNG_ErrorCallback)
    HAL_RNG_GenerateRandomNumber             0x08004d81   Thumb Code   120  stm32f4xx_hal_rng.o(i.HAL_RNG_GenerateRandomNumber)
    HAL_RNG_IRQHandler                       0x08004df9   Thumb Code    86  stm32f4xx_hal_rng.o(i.HAL_RNG_IRQHandler)
    HAL_RNG_Init                             0x08004e4f   Thumb Code    62  stm32f4xx_hal_rng.o(i.HAL_RNG_Init)
    HAL_RNG_MspInit                          0x08004e8d   Thumb Code    46  rng.o(i.HAL_RNG_MspInit)
    HAL_RNG_ReadyDataCallback                0x08004ec1   Thumb Code     2  stm32f4xx_hal_rng.o(i.HAL_RNG_ReadyDataCallback)
    HAL_SPI_ErrorCallback                    0x08004ec5   Thumb Code   144  waveplayer.o(i.HAL_SPI_ErrorCallback)
    HAL_SPI_GetError                         0x08004f5d   Thumb Code     4  stm32f4xx_hal_spi.o(i.HAL_SPI_GetError)
    HAL_SPI_IRQHandler                       0x08004f61   Thumb Code   210  stm32f4xx_hal_spi.o(i.HAL_SPI_IRQHandler)
    HAL_SPI_Init                             0x08005035   Thumb Code   374  stm32f4xx_hal_spi.o(i.HAL_SPI_Init)
    HAL_SPI_MspInit                          0x080051e5   Thumb Code   334  spi.o(i.HAL_SPI_MspInit)
    HAL_SPI_RxCpltCallback                   0x08005361   Thumb Code     2  stm32f4xx_hal_spi.o(i.HAL_SPI_RxCpltCallback)
    HAL_SPI_RxHalfCpltCallback               0x08005363   Thumb Code     2  stm32f4xx_hal_spi.o(i.HAL_SPI_RxHalfCpltCallback)
    HAL_SPI_TransmitReceive_DMA              0x08005365   Thumb Code   292  stm32f4xx_hal_spi.o(i.HAL_SPI_TransmitReceive_DMA)
    HAL_SPI_TransmitReceive_IT               0x080054a1   Thumb Code   188  stm32f4xx_hal_spi.o(i.HAL_SPI_TransmitReceive_IT)
    HAL_SPI_TxCpltCallback                   0x0800559d   Thumb Code     2  stm32f4xx_hal_spi.o(i.HAL_SPI_TxCpltCallback)
    HAL_SPI_TxRxCpltCallback                 0x080055a1   Thumb Code    90  waveplayer.o(i.HAL_SPI_TxRxCpltCallback)
    HAL_SPI_TxRxHalfCpltCallback             0x0800560d   Thumb Code     2  waveplayer.o(i.HAL_SPI_TxRxHalfCpltCallback)
    HAL_SYSTICK_CLKSourceConfig              0x08005611   Thumb Code    40  stm32f4xx_hal_cortex.o(i.HAL_SYSTICK_CLKSourceConfig)
    HAL_SYSTICK_Callback                     0x08005675   Thumb Code     2  stm32f4xx_hal_cortex.o(i.HAL_SYSTICK_Callback)
    HAL_SYSTICK_Config                       0x08005679   Thumb Code    38  stm32f4xx_hal_cortex.o(i.HAL_SYSTICK_Config)
    HAL_SYSTICK_IRQHandler                   0x080056a5   Thumb Code     8  stm32f4xx_hal_cortex.o(i.HAL_SYSTICK_IRQHandler)
    HASH_RNG_IRQHandler                      0x080056ad   Thumb Code     6  stm32f4xx_it.o(i.HASH_RNG_IRQHandler)
    I2C1_ER_IRQHandler                       0x080056b9   Thumb Code    18  stm32f4xx_it.o(i.I2C1_ER_IRQHandler)
    I2C1_EV_IRQHandler                       0x080056d1   Thumb Code     6  stm32f4xx_it.o(i.I2C1_EV_IRQHandler)
    I2SEx_TransmitReceive_IT                 0x08005ac5   Thumb Code   404  stm32f4xx_hal_i2s_ex.o(i.I2SEx_TransmitReceive_IT)
    I2S_DMAError                             0x08005c61   Thumb Code    30  stm32f4xx_hal_i2s.o(i.I2S_DMAError)
    I2S_DMARxCplt                            0x08005c81   Thumb Code    90  stm32f4xx_hal_i2s_ex.o(i.I2S_DMARxCplt)
    I2S_DMARxHalfCplt                        0x08005ce5   Thumb Code    10  stm32f4xx_hal_i2s.o(i.I2S_DMARxHalfCplt)
    I2S_DMATxCplt                            0x08005cf1   Thumb Code    88  stm32f4xx_hal_i2s_ex.o(i.I2S_DMATxCplt)
    I2S_DMATxHalfCplt                        0x08005d51   Thumb Code    10  stm32f4xx_hal_i2s.o(i.I2S_DMATxHalfCplt)
    I2S_Receive_IT                           0x08005d5b   Thumb Code   118  stm32f4xx_hal_i2s.o(i.I2S_Receive_IT)
    I2S_Transmit_IT                          0x08005dd1   Thumb Code    92  stm32f4xx_hal_i2s.o(i.I2S_Transmit_IT)
    MX_ADC3_Init                             0x08005e2d   Thumb Code    64  adc.o(i.MX_ADC3_Init)
    MX_DMA_Init                              0x08005e75   Thumb Code   168  dma.o(i.MX_DMA_Init)
    MX_GPIO_Init                             0x08005f21   Thumb Code   314  gpio.o(i.MX_GPIO_Init)
    MX_I2C1_Init                             0x08006071   Thumb Code    34  i2c.o(i.MX_I2C1_Init)
    MX_I2S3_Init                             0x080060a1   Thumb Code    36  i2s.o(i.MX_I2S3_Init)
    MX_RNG_Init                              0x080060cd   Thumb Code    12  rng.o(i.MX_RNG_Init)
    MX_SPI1_Init                             0x080060e1   Thumb Code    46  spi.o(i.MX_SPI1_Init)
    MX_SPI2_Init                             0x08006119   Thumb Code    46  spi.o(i.MX_SPI2_Init)
    MX_USB_DEVICE_Init                       0x08006151   Thumb Code    38  usb_device.o(i.MX_USB_DEVICE_Init)
    MemManage_Handler                        0x08006189   Thumb Code     8  stm32f4xx_it.o(i.MemManage_Handler)
    NMI_Handler                              0x08006191   Thumb Code    16  stm32f4xx_it.o(i.NMI_Handler)
    OTG_FS_IRQHandler                        0x080061a1   Thumb Code     6  stm32f4xx_it.o(i.OTG_FS_IRQHandler)
    RCC_IRQHandler                           0x080061ad   Thumb Code     2  stm32f4xx_it.o(i.RCC_IRQHandler)
    SPI1_IRQHandler                          0x080061b1   Thumb Code     6  stm32f4xx_it.o(i.SPI1_IRQHandler)
    SPI2_IRQHandler                          0x080061bd   Thumb Code     6  stm32f4xx_it.o(i.SPI2_IRQHandler)
    SPI3_IRQHandler                          0x080061c9   Thumb Code     6  stm32f4xx_it.o(i.SPI3_IRQHandler)
    SysTick_Handler                          0x080066a9   Thumb Code    14  stm32f4xx_it.o(i.SysTick_Handler)
    SystemInit                               0x080066b9   Thumb Code    64  system_stm32f4xx.o(i.SystemInit)
    USBD_CDC_GetDeviceQualifierDescriptor    0x080067b9   Thumb Code     8  usbd_cdc.o(i.USBD_CDC_GetDeviceQualifierDescriptor)
    USBD_CDC_RegisterInterface               0x08006883   Thumb Code    16  usbd_cdc.o(i.USBD_CDC_RegisterInterface)
    USBD_CDC_SetRxBuffer                     0x08006893   Thumb Code    12  usbd_cdc.o(i.USBD_CDC_SetRxBuffer)
    USBD_CDC_SetTxBuffer                     0x0800689f   Thumb Code    16  usbd_cdc.o(i.USBD_CDC_SetTxBuffer)
    USBD_ClrClassConfig                      0x08006929   Thumb Code    14  usbd_core.o(i.USBD_ClrClassConfig)
    USBD_CtlContinueRx                       0x08006937   Thumb Code    16  usbd_ioreq.o(i.USBD_CtlContinueRx)
    USBD_CtlContinueSendData                 0x08006947   Thumb Code    16  usbd_ioreq.o(i.USBD_CtlContinueSendData)
    USBD_CtlPrepareRx                        0x08006957   Thumb Code    30  usbd_ioreq.o(i.USBD_CtlPrepareRx)
    USBD_CtlReceiveStatus                    0x08006975   Thumb Code    22  usbd_ioreq.o(i.USBD_CtlReceiveStatus)
    USBD_CtlSendData                         0x0800698b   Thumb Code    26  usbd_ioreq.o(i.USBD_CtlSendData)
    USBD_CtlSendStatus                       0x080069a5   Thumb Code    22  usbd_ioreq.o(i.USBD_CtlSendStatus)
    USBD_FS_ConfigStrDescriptor              0x080069bd   Thumb Code    16  usbd_desc.o(i.USBD_FS_ConfigStrDescriptor)
    USBD_FS_DeviceDescriptor                 0x080069dd   Thumb Code     8  usbd_desc.o(i.USBD_FS_DeviceDescriptor)
    USBD_FS_InterfaceStrDescriptor           0x080069e9   Thumb Code    16  usbd_desc.o(i.USBD_FS_InterfaceStrDescriptor)
    USBD_FS_LangIDStrDescriptor              0x08006a0d   Thumb Code     8  usbd_desc.o(i.USBD_FS_LangIDStrDescriptor)
    USBD_FS_ManufacturerStrDescriptor        0x08006a19   Thumb Code    16  usbd_desc.o(i.USBD_FS_ManufacturerStrDescriptor)
    USBD_FS_ProductStrDescriptor             0x08006a41   Thumb Code    16  usbd_desc.o(i.USBD_FS_ProductStrDescriptor)
    USBD_FS_SerialStrDescriptor              0x08006a6d   Thumb Code    16  usbd_desc.o(i.USBD_FS_SerialStrDescriptor)
    USBD_GetString                           0x08006a91   Thumb Code   104  usbd_ctlreq.o(i.USBD_GetString)
    USBD_Init                                0x08006af9   Thumb Code    48  usbd_core.o(i.USBD_Init)
    USBD_LL_ClearStallEP                     0x08006b29   Thumb Code    14  usbd_conf.o(i.USBD_LL_ClearStallEP)
    USBD_LL_CloseEP                          0x08006b37   Thumb Code    14  usbd_conf.o(i.USBD_LL_CloseEP)
    USBD_LL_DataInStage                      0x08006b45   Thumb Code   176  usbd_core.o(i.USBD_LL_DataInStage)
    USBD_LL_DataOutStage                     0x08006bf5   Thumb Code   106  usbd_core.o(i.USBD_LL_DataOutStage)
    USBD_LL_DevConnected                     0x08006c5f   Thumb Code     4  usbd_core.o(i.USBD_LL_DevConnected)
    USBD_LL_DevDisconnected                  0x08006c63   Thumb Code    22  usbd_core.o(i.USBD_LL_DevDisconnected)
    USBD_LL_GetRxDataSize                    0x08006c79   Thumb Code     8  usbd_conf.o(i.USBD_LL_GetRxDataSize)
    USBD_LL_Init                             0x08006c81   Thumb Code    88  usbd_conf.o(i.USBD_LL_Init)
    USBD_LL_IsStallEP                        0x08006cdd   Thumb Code    32  usbd_conf.o(i.USBD_LL_IsStallEP)
    USBD_LL_IsoINIncomplete                  0x08006cfd   Thumb Code     4  usbd_core.o(i.USBD_LL_IsoINIncomplete)
    USBD_LL_IsoOUTIncomplete                 0x08006d01   Thumb Code     4  usbd_core.o(i.USBD_LL_IsoOUTIncomplete)
    USBD_LL_OpenEP                           0x08006d05   Thumb Code    20  usbd_conf.o(i.USBD_LL_OpenEP)
    USBD_LL_PrepareReceive                   0x08006d19   Thumb Code    14  usbd_conf.o(i.USBD_LL_PrepareReceive)
    USBD_LL_Reset                            0x08006d27   Thumb Code    62  usbd_core.o(i.USBD_LL_Reset)
    USBD_LL_Resume                           0x08006d65   Thumb Code    12  usbd_core.o(i.USBD_LL_Resume)
    USBD_LL_SOF                              0x08006d71   Thumb Code    26  usbd_core.o(i.USBD_LL_SOF)
    USBD_LL_SetSpeed                         0x08006d8b   Thumb Code     6  usbd_core.o(i.USBD_LL_SetSpeed)
    USBD_LL_SetUSBAddress                    0x08006d91   Thumb Code    14  usbd_conf.o(i.USBD_LL_SetUSBAddress)
    USBD_LL_SetupStage                       0x08006d9f   Thumb Code    94  usbd_core.o(i.USBD_LL_SetupStage)
    USBD_LL_StallEP                          0x08006dfd   Thumb Code    14  usbd_conf.o(i.USBD_LL_StallEP)
    USBD_LL_Start                            0x08006e0b   Thumb Code    14  usbd_conf.o(i.USBD_LL_Start)
    USBD_LL_Suspend                          0x08006e19   Thumb Code    18  usbd_core.o(i.USBD_LL_Suspend)
    USBD_LL_Transmit                         0x08006e2b   Thumb Code    14  usbd_conf.o(i.USBD_LL_Transmit)
    USBD_ParseSetupRequest                   0x08006e39   Thumb Code    40  usbd_ctlreq.o(i.USBD_ParseSetupRequest)
    USBD_RegisterClass                       0x08006e61   Thumb Code    16  usbd_core.o(i.USBD_RegisterClass)
    USBD_SetClassConfig                      0x08006e71   Thumb Code    24  usbd_core.o(i.USBD_SetClassConfig)
    USBD_Start                               0x08006e89   Thumb Code    10  usbd_core.o(i.USBD_Start)
    USBD_StdDevReq                           0x08006e95   Thumb Code   650  usbd_ctlreq.o(i.USBD_StdDevReq)
    USBD_StdEPReq                            0x08007125   Thumb Code   266  usbd_ctlreq.o(i.USBD_StdEPReq)
    USBD_StdItfReq                           0x0800722f   Thumb Code    64  usbd_ctlreq.o(i.USBD_StdItfReq)
    USB_ActivateEndpoint                     0x08007271   Thumb Code   140  stm32f4xx_ll_usb.o(i.USB_ActivateEndpoint)
    USB_ActivateSetup                        0x08007301   Thumb Code    52  stm32f4xx_ll_usb.o(i.USB_ActivateSetup)
    USB_CoreInit                             0x08007335   Thumb Code   184  stm32f4xx_ll_usb.o(i.USB_CoreInit)
    USB_DeactivateEndpoint                   0x080073f1   Thumb Code   124  stm32f4xx_ll_usb.o(i.USB_DeactivateEndpoint)
    USB_DevConnect                           0x0800746d   Thumb Code    24  stm32f4xx_ll_usb.o(i.USB_DevConnect)
    USB_DevDisconnect                        0x08007485   Thumb Code    24  stm32f4xx_ll_usb.o(i.USB_DevDisconnect)
    USB_DevInit                              0x0800749d   Thumb Code   360  stm32f4xx_ll_usb.o(i.USB_DevInit)
    USB_DisableGlobalInt                     0x08007611   Thumb Code    12  stm32f4xx_ll_usb.o(i.USB_DisableGlobalInt)
    USB_EP0StartXfer                         0x0800761d   Thumb Code   344  stm32f4xx_ll_usb.o(i.USB_EP0StartXfer)
    USB_EP0_OutStart                         0x08007775   Thumb Code    62  stm32f4xx_ll_usb.o(i.USB_EP0_OutStart)
    USB_EPClearStall                         0x080077b3   Thumb Code   100  stm32f4xx_ll_usb.o(i.USB_EPClearStall)
    USB_EPSetStall                           0x08007817   Thumb Code   100  stm32f4xx_ll_usb.o(i.USB_EPSetStall)
    USB_EPStartXfer                          0x0800787d   Thumb Code   628  stm32f4xx_ll_usb.o(i.USB_EPStartXfer)
    USB_EnableGlobalInt                      0x08007af1   Thumb Code    12  stm32f4xx_ll_usb.o(i.USB_EnableGlobalInt)
    USB_FlushTxFifo                          0x08007afd   Thumb Code    34  stm32f4xx_ll_usb.o(i.USB_FlushTxFifo)
    USB_GetDevSpeed                          0x08007b25   Thumb Code    58  stm32f4xx_ll_usb.o(i.USB_GetDevSpeed)
    USB_GetMode                              0x08007b5f   Thumb Code     8  stm32f4xx_ll_usb.o(i.USB_GetMode)
    USB_ReadDevAllInEpInterrupt              0x08007b67   Thumb Code    14  stm32f4xx_ll_usb.o(i.USB_ReadDevAllInEpInterrupt)
    USB_ReadDevAllOutEpInterrupt             0x08007b75   Thumb Code    14  stm32f4xx_ll_usb.o(i.USB_ReadDevAllOutEpInterrupt)
    USB_ReadDevInEPInterrupt                 0x08007b83   Thumb Code    30  stm32f4xx_ll_usb.o(i.USB_ReadDevInEPInterrupt)
    USB_ReadDevOutEPInterrupt                0x08007ba1   Thumb Code    16  stm32f4xx_ll_usb.o(i.USB_ReadDevOutEPInterrupt)
    USB_ReadInterrupts                       0x08007bb1   Thumb Code     8  stm32f4xx_ll_usb.o(i.USB_ReadInterrupts)
    USB_ReadPacket                           0x08007bb9   Thumb Code    58  stm32f4xx_ll_usb.o(i.USB_ReadPacket)
    USB_SetCurrentMode                       0x08007bf3   Thumb Code    46  stm32f4xx_ll_usb.o(i.USB_SetCurrentMode)
    USB_SetDevAddress                        0x08007c21   Thumb Code    34  stm32f4xx_ll_usb.o(i.USB_SetDevAddress)
    USB_WritePacket                          0x08007c45   Thumb Code    66  stm32f4xx_ll_usb.o(i.USB_WritePacket)
    UsageFault_Handler                       0x08007c87   Thumb Code     8  stm32f4xx_it.o(i.UsageFault_Handler)
    Write7SegIT                              0x08007c91   Thumb Code   138  stm32f4xx_it.o(i.Write7SegIT)
    __scatterload_copy                       0x08007d25   Thumb Code    14  handlers.o(i.__scatterload_copy)
    __scatterload_null                       0x08007d33   Thumb Code     2  handlers.o(i.__scatterload_null)
    __scatterload_zeroinit                   0x08007d35   Thumb Code    14  handlers.o(i.__scatterload_zeroinit)
    assert_failed                            0x08007d43   Thumb Code     2  main.o(i.assert_failed)
    audio808Process                          0x08007d45   Thumb Code   584  waveplayer.o(i.audio808Process)
    audioInit                                0x08007fdd   Thumb Code   512  waveplayer.o(i.audioInit)
    audioTick                                0x08008289   Thumb Code   560  waveplayer.o(i.audioTick)
    free                                     0x0800851d   Thumb Code    76  malloc.o(i.free)
    main                                     0x0800856d   Thumb Code   222  main.o(i.main)
    malloc                                   0x0800865d   Thumb Code    92  malloc.o(i.malloc)
    randomNumber                             0x080086c9   Thumb Code    40  waveplayer.o(i.randomNumber)
    t808CowbellInit                          0x080086fd   Thumb Code   236  instruments.o(i.t808CowbellInit)
    t808CowbellOn                            0x08008815   Thumb Code    14  instruments.o(i.t808CowbellOn)
    t808CowbellTick                          0x0800887d   Thumb Code   140  instruments.o(i.t808CowbellTick)
    t808HihatInit                            0x08008911   Thumb Code   378  instruments.o(i.t808HihatInit)
    t808SnareInit                            0x08008ccd   Thumb Code   420  instruments.o(i.t808SnareInit)
    tAttackThresh                            0x08009109   Thumb Code    14  audiounits.o(i.tAttackThresh)
    tCycleInit                               0x08009129   Thumb Code    40  audiounits.o(i.tCycleInit)
    tDecayCoeff                              0x080091cd   Thumb Code    14  audiounits.o(i.tDecayCoeff)
    tDelayInit                               0x080091dd   Thumb Code    32  audiounits.o(i.tDelayInit)
    tDelayTick                               0x08009209   Thumb Code   108  audiounits.o(i.tDelayTick)
    tEnvelopeFollowerInit                    0x080092fd   Thumb Code    32  audiounits.o(i.tEnvelopeFollowerInit)
    tEnvelopeFollowerTick                    0x0800932d   Thumb Code    74  audiounits.o(i.tEnvelopeFollowerTick)
    tEnvelopeInit                            0x0800937d   Thumb Code   188  audiounits.o(i.tEnvelopeInit)
    tHighpassFreq                            0x08009519   Thumb Code    36  audiounits.o(i.tHighpassFreq)
    tHighpassInit                            0x08009541   Thumb Code    60  audiounits.o(i.tHighpassInit)
    tHighpassTick                            0x0800958d   Thumb Code    34  audiounits.o(i.tHighpassTick)
    tMetroInit                               0x080095b1   Thumb Code    40  utilities.o(i.tMetroInit)
    tNoiseInit                               0x0800961d   Thumb Code    22  audiounits.o(i.tNoiseInit)
    tPinkNoiseTick                           0x0800963d   Thumb Code   106  audiounits.o(i.tPinkNoiseTick)
    tPulseInit                               0x080096d9   Thumb Code    80  audiounits.o(i.tPulseInit)
    tRampInit                                0x080097b9   Thumb Code    78  utilities.o(i.tRampInit)
    tRampSetDest                             0x0800981d   Thumb Code    48  utilities.o(i.tRampSetDest)
    tRampSetTime                             0x0800984d   Thumb Code    48  utilities.o(i.tRampSetTime)
    tRampTick                                0x0800987d   Thumb Code    72  utilities.o(i.tRampTick)
    tSVFInit                                 0x080098c9   Thumb Code   136  audiounits.o(i.tSVFInit)
    tSVFSetFreq                              0x08009969   Thumb Code    62  audiounits.o(i.tSVFSetFreq)
    tSVFSetQ                                 0x080099ad   Thumb Code    94  audiounits.o(i.tSVFSetQ)
    tSVFTick                                 0x08009a11   Thumb Code   140  audiounits.o(i.tSVFTick)
    tSetDelay                                0x08009aa1   Thumb Code    78  audiounits.o(i.tSetDelay)
    tTriangleInit                            0x08009b05   Thumb Code    36  audiounits.o(i.tTriangleInit)
    tWhiteNoisetick                          0x08009b77   Thumb Code     4  audiounits.o(i.tWhiteNoisetick)
    exp_decay                                0x08009b7c   Data       262144  wavetables.o(.constdata)
    attack_decay_inc                         0x08049b7c   Data       262144  wavetables.o(.constdata)
    filtertan                                0x08089b7c   Data       16384  wavetables.o(.constdata)
    mtof1                                    0x0808db7c   Data       16384  wavetables.o(.constdata)
    sinewave                                 0x08091b7c   Data        8192  wavetables.o(.constdata)
    APBAHBPrescTable                         0x08093b7c   Data          16  stm32f4xx_hal_rcc.o(.constdata)
    Region$$Table$$Base                      0x08093b8c   Number         0  anon$$obj.o(Region$$Table)
    Region$$Table$$Limit                     0x08093bac   Number         0  anon$$obj.o(Region$$Table)
    USBD_Interface_fops_FS                   0x20000000   Data          16  usbd_cdc_if.o(.data)
    hUsbDevice_0                             0x20000010   Data           4  usbd_cdc_if.o(.data)
    FS_Desc                                  0x20000014   Data          28  usbd_desc.o(.data)
    USBD_LangIDDesc                          0x20000030   Data           4  usbd_desc.o(.data)
    USBD_FS_DeviceDesc                       0x20000034   Data          18  usbd_desc.o(.data)
    I2CReset_buffer                          0x20000048   Data           1  waveplayer.o(.data)
    whichSPI2                                0x20000049   Data           1  waveplayer.o(.data)
    ADC_Tx_Ready                             0x2000004a   Data           1  waveplayer.o(.data)
    XY_Tx_Ready                              0x2000004b   Data           1  waveplayer.o(.data)
    didMetro                                 0x2000004c   Data           1  waveplayer.o(.data)
    stopME                                   0x2000004d   Data           1  waveplayer.o(.data)
    whichKnob                                0x2000004f   Data           1  waveplayer.o(.data)
    i2cDataSize                              0x20000050   Data           2  waveplayer.o(.data)
    myI2cData                                0x20000052   Data           2  waveplayer.o(.data)
    i2cDataSize2                             0x20000054   Data           2  waveplayer.o(.data)
    mycounter16Out                           0x20000056   Data           2  waveplayer.o(.data)
    mycounter16In                            0x20000058   Data           2  waveplayer.o(.data)
    prevcounterOut                           0x2000005a   Data           2  waveplayer.o(.data)
    myTouchpad                               0x2000005c   Data           2  waveplayer.o(.data)
    ADC_in                                   0x2000005e   Data           2  waveplayer.o(.data)
    XYLED                                    0x20000060   Data           2  waveplayer.o(.data)
    CAT_LED                                  0x20000062   Data           2  waveplayer.o(.data)
    JUNK_LED                                 0x20000064   Data           2  waveplayer.o(.data)
    index1                                   0x20000066   Data           2  waveplayer.o(.data)
    I2C_init_command                         0x20000068   Data           3  waveplayer.o(.data)
    I2Ctimeout                               0x2000006c   Data           4  waveplayer.o(.data)
    masterGain                               0x20000070   Data           4  waveplayer.o(.data)
    sineGain                                 0x20000074   Data           4  waveplayer.o(.data)
    noiseGain                                0x20000078   Data           4  waveplayer.o(.data)
    noiseFilterGain                          0x2000007c   Data           4  waveplayer.o(.data)
    ksGain                                   0x20000080   Data           4  waveplayer.o(.data)
    feedbacksamp                             0x20000084   Data           4  waveplayer.o(.data)
    newFreq                                  0x20000088   Data           4  waveplayer.o(.data)
    newDelay                                 0x2000008c   Data           4  waveplayer.o(.data)
    newFeedback                              0x20000090   Data           4  waveplayer.o(.data)
    m_input1                                 0x20000094   Data           4  waveplayer.o(.data)
    m_output0                                0x20000098   Data           4  waveplayer.o(.data)
    sampSinceTrig                            0x2000009c   Data           4  waveplayer.o(.data)
    sampSinceVelChange                       0x200000a0   Data           4  waveplayer.o(.data)
    trigState                                0x200000a4   Data           4  waveplayer.o(.data)
    vel                                      0x200000a8   Data           4  waveplayer.o(.data)
    i                                        0x200000ac   Data           4  waveplayer.o(.data)
    IC_tx                                    0x200000b0   Data           4  waveplayer.o(.data)
    IC_rx                                    0x200000b4   Data           4  waveplayer.o(.data)
    FM_in                                    0x200000b8   Data           4  waveplayer.o(.data)
    peakEnv808                               0x200000bc   Data           4  waveplayer.o(.data)
    peakEnvDive                              0x200000c0   Data           4  waveplayer.o(.data)
    out                                      0x200000c4   Data           4  waveplayer.o(.data)
    delPer                                   0x200000c8   Data           4  waveplayer.o(.data)
    w1                                       0x200000cc   Data           4  waveplayer.o(.data)
    w2                                       0x200000d0   Data           4  waveplayer.o(.data)
    range                                    0x200000d4   Data           4  waveplayer.o(.data)
    externalDACOutputBuffer                  0x200000d8   Data           8  waveplayer.o(.data)
    DelayLookup                              0x200000e0   Data          16  waveplayer.o(.data)
    SystemCoreClock                          0x200000f0   Data           4  system_stm32f4xx.o(.data)
    AHBPrescTable                            0x200000f4   Data          16  system_stm32f4xx.o(.data)
    USBD_CDC_CfgHSDesc                       0x20000114   Data          67  usbd_cdc.o(.data)
    USBD_CDC_CfgFSDesc                       0x20000158   Data          67  usbd_cdc.o(.data)
    USBD_CDC_OtherSpeedCfgDesc               0x2000019c   Data          67  usbd_cdc.o(.data)
    USBD_CDC                                 0x200001e0   Data          56  usbd_cdc.o(.data)
    __microlib_freelist                      0x20000220   Data           4  mvars.o(.data)
    __microlib_freelist_initialised          0x20000224   Data           4  mvars.o(.data)
    hUsbDeviceFS                             0x20000228   Data         548  usb_device.o(.bss)
    hrng                                     0x2000044c   Data          12  rng.o(.bss)
    UserRxBufferFS                           0x20000458   Data         512  usbd_cdc_if.o(.bss)
    UserTxBufferFS                           0x20000658   Data         512  usbd_cdc_if.o(.bss)
    hspi1                                    0x20000858   Data          88  spi.o(.bss)
    hspi2                                    0x200008b0   Data          88  spi.o(.bss)
    hdma_spi1_rx                             0x20000908   Data          80  spi.o(.bss)
    hdma_spi1_tx                             0x20000958   Data          80  spi.o(.bss)
    hdma_spi2_tx                             0x200009a8   Data          80  spi.o(.bss)
    hdma_spi2_rx                             0x200009f8   Data          80  spi.o(.bss)
    hi2c1                                    0x20000a48   Data          60  i2c.o(.bss)
    hdma_i2c1_rx                             0x20000a84   Data          80  i2c.o(.bss)
    hdma_i2c1_tx                             0x20000ad4   Data          80  i2c.o(.bss)
    hi2s3                                    0x20000b24   Data          68  i2s.o(.bss)
    hdma_spi3_tx                             0x20000b68   Data          80  i2s.o(.bss)
    hdma_i2s3_ext_rx                         0x20000bb8   Data          80  i2s.o(.bss)
    USBD_StrDesc                             0x20000c08   Data         512  usbd_desc.o(.bss)
    hpcd_USB_OTG_FS                          0x20000e08   Data         948  usbd_conf.o(.bss)
    hadc3                                    0x200011bc   Data          68  adc.o(.bss)
    audioOutBuffer                           0x20001200   Data         128  waveplayer.o(.bss)
    audioInBuffer                            0x20001280   Data         128  waveplayer.o(.bss)
    smoothedParams                           0x20001300   Data          12  waveplayer.o(.bss)
    delayBuffer1                             0x2000130c   Data       65536  waveplayer.o(.bss)
    ADC_values                               0x2001130c   Data          20  waveplayer.o(.bss)
    metro                                    0x20011320   Data          20  waveplayer.o(.bss)
    snare                                    0x20011334   Data         840  waveplayer.o(.bss)
    hihat                                    0x2001167c   Data         516  waveplayer.o(.bss)
    cowbell                                  0x20011880   Data         456  waveplayer.o(.bss)
    sin1                                     0x20011a48   Data          28  waveplayer.o(.bss)
    noise1                                   0x20011a64   Data          20  waveplayer.o(.bss)
    rampFeedback                             0x20011a78   Data          36  waveplayer.o(.bss)
    rampSineFreq                             0x20011a9c   Data          36  waveplayer.o(.bss)
    rampDelayFreq                            0x20011ac0   Data          36  waveplayer.o(.bss)
    rampKSGain                               0x20011ae4   Data          36  waveplayer.o(.bss)
    rampInputGain                            0x20011b08   Data          36  waveplayer.o(.bss)
    highpass1                                0x20011b2c   Data          28  waveplayer.o(.bss)
    highpass2                                0x20011b48   Data          28  waveplayer.o(.bss)
    envFollowNoise                           0x20011b64   Data          24  waveplayer.o(.bss)
    envFollowTrigOut                         0x20011b7c   Data          24  waveplayer.o(.bss)
    envFollowSine                            0x20011b94   Data          24  waveplayer.o(.bss)
    envDive                                  0x20011bac   Data          68  waveplayer.o(.bss)
    delay1                                   0x20011bf0   Data          28  waveplayer.o(.bss)
    svf1                                     0x20011c0c   Data          56  waveplayer.o(.bss)
    feedbackDelayPeriod                      0x20011c44   Data          32  waveplayer.o(.bss)
    vels                                     0x20011c64   Data         800  waveplayer.o(.bss)
    __heap_base                              0x20011f88   Data           0  startup_stm32f405xx.o(HEAP)
    __heap_limit                             0x20012188   Data           0  startup_stm32f405xx.o(HEAP)
    __initial_sp                             0x20012588   Data           0  startup_stm32f405xx.o(STACK)



==============================================================================

Memory Map of the image

  Image Entry point : 0x08000189

  Load Region LR_IROM1 (Base: 0x08000000, Size: 0x00093dd4, Max: 0x00100000, ABSOLUTE, COMPRESSED[0x00093c98])

    Execution Region ER_IROM1 (Base: 0x08000000, Size: 0x00093bac, Max: 0x00100000, ABSOLUTE)

    Base Addr    Size         Type   Attr      Idx    E Section Name        Object

    0x08000000   0x00000188   Data   RO            3    RESET               startup_stm32f405xx.o
    0x08000188   0x00000000   Code   RO         4794  * .ARM.Collect$$$$00000000  mc_w.l(entry.o)
    0x08000188   0x00000004   Code   RO         4825    .ARM.Collect$$$$00000001  mc_w.l(entry2.o)
    0x0800018c   0x00000004   Code   RO         4828    .ARM.Collect$$$$00000004  mc_w.l(entry5.o)
    0x08000190   0x00000000   Code   RO         4830    .ARM.Collect$$$$00000008  mc_w.l(entry7b.o)
    0x08000190   0x00000000   Code   RO         4832    .ARM.Collect$$$$0000000A  mc_w.l(entry8b.o)
    0x08000190   0x00000008   Code   RO         4833    .ARM.Collect$$$$0000000B  mc_w.l(entry9a.o)
    0x08000198   0x00000000   Code   RO         4835    .ARM.Collect$$$$0000000D  mc_w.l(entry10a.o)
    0x08000198   0x00000000   Code   RO         4837    .ARM.Collect$$$$0000000F  mc_w.l(entry11a.o)
    0x08000198   0x00000004   Code   RO         4826    .ARM.Collect$$$$00002712  mc_w.l(entry2.o)
    0x0800019c   0x00000024   Code   RO            4    .text               startup_stm32f405xx.o
    0x080001c0   0x00000024   Code   RO         4845    .text               mc_w.l(init.o)
    0x080001e4   0x00000056   Code   RO         4855    .text               mc_w.l(__dczerorl2.o)
    0x0800023a   0x00000002   PAD
    0x0800023c   0x0000000c   Code   RO          307    i.ADC_IRQHandler    stm32f4xx_it.o
    0x08000248   0x00000114   Code   RO         1030    i.AudioCodec_init   waveplayer.o
    0x0800035c   0x00000002   Code   RO          308    i.BusFault_Handler  stm32f4xx_it.o
    0x0800035e   0x00000004   Code   RO          230    i.CDC_Control_FS    usbd_cdc_if.o
    0x08000362   0x00000002   PAD
    0x08000364   0x00000028   Code   RO          231    i.CDC_DeInit_FS     usbd_cdc_if.o
    0x0800038c   0x00000014   Code   RO          232    i.CDC_Init_FS       usbd_cdc_if.o
    0x080003a0   0x00000004   Code   RO          233    i.CDC_Receive_FS    usbd_cdc_if.o
    0x080003a4   0x0000000c   Code   RO          309    i.DMA1_Stream0_IRQHandler  stm32f4xx_it.o
    0x080003b0   0x0000000c   Code   RO          310    i.DMA1_Stream3_IRQHandler  stm32f4xx_it.o
    0x080003bc   0x0000000c   Code   RO          311    i.DMA1_Stream4_IRQHandler  stm32f4xx_it.o
    0x080003c8   0x0000000c   Code   RO          312    i.DMA1_Stream5_IRQHandler  stm32f4xx_it.o
    0x080003d4   0x0000000c   Code   RO          313    i.DMA1_Stream6_IRQHandler  stm32f4xx_it.o
    0x080003e0   0x0000000c   Code   RO          314    i.DMA1_Stream7_IRQHandler  stm32f4xx_it.o
    0x080003ec   0x0000000c   Code   RO          315    i.DMA2_Stream0_IRQHandler  stm32f4xx_it.o
    0x080003f8   0x0000000c   Code   RO          316    i.DMA2_Stream3_IRQHandler  stm32f4xx_it.o
    0x08000404   0x00000002   Code   RO          317    i.DebugMon_Handler  stm32f4xx_it.o
    0x08000406   0x00000002   Code   RO         4696    i.HAL_ADCEx_InjectedConvCpltCallback  stm32f4xx_hal_adc_ex.o
    0x08000408   0x00000234   Code   RO         3002    i.HAL_ADC_ConfigChannel  stm32f4xx_hal_adc.o
    0x0800063c   0x00000002   Code   RO         3003    i.HAL_ADC_ConvCpltCallback  stm32f4xx_hal_adc.o
    0x0800063e   0x00000002   Code   RO         3006    i.HAL_ADC_ErrorCallback  stm32f4xx_hal_adc.o
    0x08000640   0x0000019c   Code   RO         3010    i.HAL_ADC_IRQHandler  stm32f4xx_hal_adc.o
    0x080007dc   0x00000374   Code   RO         3011    i.HAL_ADC_Init      stm32f4xx_hal_adc.o
    0x08000b50   0x00000002   Code   RO         3012    i.HAL_ADC_LevelOutOfWindowCallback  stm32f4xx_hal_adc.o
    0x08000b52   0x00000002   PAD
    0x08000b54   0x00000058   Code   RO          965    i.HAL_ADC_MspInit   adc.o
    0x08000bac   0x00001218   Code   RO         2452    i.HAL_DMA_IRQHandler  stm32f4xx_hal_dma.o
    0x08001dc4   0x000002a4   Code   RO         2453    i.HAL_DMA_Init      stm32f4xx_hal_dma.o
    0x08002068   0x000000e0   Code   RO         2456    i.HAL_DMA_Start_IT  stm32f4xx_hal_dma.o
    0x08002148   0x00000016   Code   RO         3570    i.HAL_Delay         stm32f4xx_hal.o
    0x0800215e   0x00000002   PAD
    0x08002160   0x00000354   Code   RO         3820    i.HAL_GPIO_Init     stm32f4xx_hal_gpio.o
    0x080024b4   0x00000058   Code   RO         3822    i.HAL_GPIO_ReadPin  stm32f4xx_hal_gpio.o
    0x0800250c   0x0000006c   Code   RO         3824    i.HAL_GPIO_WritePin  stm32f4xx_hal_gpio.o
    0x08002578   0x0000000c   Code   RO         3576    i.HAL_GetTick       stm32f4xx_hal.o
    0x08002584   0x00000100   Code   RO         4050    i.HAL_I2C_ER_IRQHandler  stm32f4xx_hal_i2c.o
    0x08002684   0x00000308   Code   RO         4051    i.HAL_I2C_EV_IRQHandler  stm32f4xx_hal_i2c.o
    0x0800298c   0x00000002   Code   RO         4052    i.HAL_I2C_ErrorCallback  stm32f4xx_hal_i2c.o
    0x0800298e   0x00000002   PAD
    0x08002990   0x00000204   Code   RO         4055    i.HAL_I2C_Init      stm32f4xx_hal_i2c.o
    0x08002b94   0x00000002   Code   RO         1036    i.HAL_I2C_MasterRxCpltCallback  waveplayer.o
    0x08002b96   0x00000002   Code   RO         4058    i.HAL_I2C_MasterTxCpltCallback  stm32f4xx_hal_i2c.o
    0x08002b98   0x000000b8   Code   RO         4060    i.HAL_I2C_Master_Receive_DMA  stm32f4xx_hal_i2c.o
    0x08002c50   0x000000ec   Code   RO         4062    i.HAL_I2C_Master_Transmit  stm32f4xx_hal_i2c.o
    0x08002d3c   0x000000a4   Code   RO         4063    i.HAL_I2C_Master_Transmit_DMA  stm32f4xx_hal_i2c.o
    0x08002de0   0x00000002   Code   RO         4065    i.HAL_I2C_MemRxCpltCallback  stm32f4xx_hal_i2c.o
    0x08002de2   0x00000002   Code   RO         4066    i.HAL_I2C_MemTxCpltCallback  stm32f4xx_hal_i2c.o
    0x08002de4   0x000000f4   Code   RO          600    i.HAL_I2C_MspInit   i2c.o
    0x08002ed8   0x00000002   Code   RO         4075    i.HAL_I2C_SlaveRxCpltCallback  stm32f4xx_hal_i2c.o
    0x08002eda   0x00000002   Code   RO         4076    i.HAL_I2C_SlaveTxCpltCallback  stm32f4xx_hal_i2c.o
    0x08002edc   0x00000204   Code   RO         3728    i.HAL_I2SEx_TransmitReceive_DMA  stm32f4xx_hal_i2s_ex.o
    0x080030e0   0x00000002   Code   RO         2644    i.HAL_I2S_ErrorCallback  stm32f4xx_hal_i2s.o
    0x080030e2   0x00000002   PAD
    0x080030e4   0x00000290   Code   RO         3733    i.HAL_I2S_IRQHandler  stm32f4xx_hal_i2s_ex.o
    0x08003374   0x000002c8   Code   RO         3734    i.HAL_I2S_Init      stm32f4xx_hal_i2s_ex.o
    0x0800363c   0x00000104   Code   RO          666    i.HAL_I2S_MspInit   i2s.o
    0x08003740   0x00000002   Code   RO         1037    i.HAL_I2S_RxCpltCallback  waveplayer.o
    0x08003742   0x00000002   Code   RO         1038    i.HAL_I2S_RxHalfCpltCallback  waveplayer.o
    0x08003744   0x00000006   Code   RO         1039    i.HAL_I2S_TxCpltCallback  waveplayer.o
    0x0800374a   0x00000006   Code   RO         1040    i.HAL_I2S_TxHalfCpltCallback  waveplayer.o
    0x08003750   0x00000010   Code   RO         3577    i.HAL_IncTick       stm32f4xx_hal.o
    0x08003760   0x00000034   Code   RO         3578    i.HAL_Init          stm32f4xx_hal.o
    0x08003794   0x00000022   Code   RO         3579    i.HAL_InitTick      stm32f4xx_hal.o
    0x080037b6   0x00000050   Code   RO          283    i.HAL_MspInit       stm32f4xx_hal_msp.o
    0x08003806   0x00000002   PAD
    0x08003808   0x00000064   Code   RO         3885    i.HAL_NVIC_EnableIRQ  stm32f4xx_hal_cortex.o
    0x0800386c   0x000000b4   Code   RO         3891    i.HAL_NVIC_SetPriority  stm32f4xx_hal_cortex.o
    0x08003920   0x0000007c   Code   RO         3892    i.HAL_NVIC_SetPriorityGrouping  stm32f4xx_hal_cortex.o
    0x0800399c   0x00000008   Code   RO         4662    i.HAL_PCDEx_SetRxFiFo  stm32f4xx_hal_pcd_ex.o
    0x080039a4   0x0000004e   Code   RO         4663    i.HAL_PCDEx_SetTxFiFo  stm32f4xx_hal_pcd_ex.o
    0x080039f2   0x00000008   Code   RO          775    i.HAL_PCD_ConnectCallback  usbd_conf.o
    0x080039fa   0x00000012   Code   RO          776    i.HAL_PCD_DataInStageCallback  usbd_conf.o
    0x08003a0c   0x00000014   Code   RO          777    i.HAL_PCD_DataOutStageCallback  usbd_conf.o
    0x08003a20   0x00000008   Code   RO          778    i.HAL_PCD_DisconnectCallback  usbd_conf.o
    0x08003a28   0x00000046   Code   RO         2247    i.HAL_PCD_EP_Close  stm32f4xx_hal_pcd.o
    0x08003a6e   0x0000004e   Code   RO         2248    i.HAL_PCD_EP_ClrStall  stm32f4xx_hal_pcd.o
    0x08003abc   0x00000014   Code   RO         2250    i.HAL_PCD_EP_GetRxCount  stm32f4xx_hal_pcd.o
    0x08003ad0   0x00000058   Code   RO         2251    i.HAL_PCD_EP_Open   stm32f4xx_hal_pcd.o
    0x08003b28   0x0000005e   Code   RO         2252    i.HAL_PCD_EP_Receive  stm32f4xx_hal_pcd.o
    0x08003b86   0x0000005e   Code   RO         2253    i.HAL_PCD_EP_SetStall  stm32f4xx_hal_pcd.o
    0x08003be4   0x0000005a   Code   RO         2254    i.HAL_PCD_EP_Transmit  stm32f4xx_hal_pcd.o
    0x08003c3e   0x00000002   PAD
    0x08003c40   0x000004ec   Code   RO         2256    i.HAL_PCD_IRQHandler  stm32f4xx_hal_pcd.o
    0x0800412c   0x00000008   Code   RO          779    i.HAL_PCD_ISOINIncompleteCallback  usbd_conf.o
    0x08004134   0x00000008   Code   RO          780    i.HAL_PCD_ISOOUTIncompleteCallback  usbd_conf.o
    0x0800413c   0x00000120   Code   RO         2259    i.HAL_PCD_Init      stm32f4xx_hal_pcd.o
    0x0800425c   0x00000080   Code   RO          782    i.HAL_PCD_MspInit   usbd_conf.o
    0x080042dc   0x00000022   Code   RO          783    i.HAL_PCD_ResetCallback  usbd_conf.o
    0x080042fe   0x00000008   Code   RO          784    i.HAL_PCD_ResumeCallback  usbd_conf.o
    0x08004306   0x00000008   Code   RO          785    i.HAL_PCD_SOFCallback  usbd_conf.o
    0x0800430e   0x00000024   Code   RO         2265    i.HAL_PCD_SetAddress  stm32f4xx_hal_pcd.o
    0x08004332   0x0000000e   Code   RO          786    i.HAL_PCD_SetupStageCallback  usbd_conf.o
    0x08004340   0x0000002a   Code   RO         2267    i.HAL_PCD_Start     stm32f4xx_hal_pcd.o
    0x0800436a   0x00000002   PAD
    0x0800436c   0x00000034   Code   RO          787    i.HAL_PCD_SuspendCallback  usbd_conf.o
    0x080043a0   0x00000002   Code   RO         3458    i.HAL_RCC_CSSCallback  stm32f4xx_hal_rcc.o
    0x080043a2   0x00000002   PAD
    0x080043a4   0x000003b0   Code   RO         3459    i.HAL_RCC_ClockConfig  stm32f4xx_hal_rcc.o
    0x08004754   0x00000034   Code   RO         3464    i.HAL_RCC_GetHCLKFreq  stm32f4xx_hal_rcc.o
    0x08004788   0x0000004c   Code   RO         3466    i.HAL_RCC_GetPCLK1Freq  stm32f4xx_hal_rcc.o
    0x080047d4   0x00000094   Code   RO         3468    i.HAL_RCC_GetSysClockFreq  stm32f4xx_hal_rcc.o
    0x08004868   0x00000024   Code   RO         3470    i.HAL_RCC_NMI_IRQHandler  stm32f4xx_hal_rcc.o
    0x0800488c   0x000004f0   Code   RO         3471    i.HAL_RCC_OscConfig  stm32f4xx_hal_rcc.o
    0x08004d7c   0x00000002   Code   RO         2867    i.HAL_RNG_ErrorCallback  stm32f4xx_hal_rng.o
    0x08004d7e   0x00000002   PAD
    0x08004d80   0x00000078   Code   RO         2868    i.HAL_RNG_GenerateRandomNumber  stm32f4xx_hal_rng.o
    0x08004df8   0x00000056   Code   RO         2873    i.HAL_RNG_IRQHandler  stm32f4xx_hal_rng.o
    0x08004e4e   0x0000003e   Code   RO         2874    i.HAL_RNG_Init      stm32f4xx_hal_rng.o
    0x08004e8c   0x00000034   Code   RO          189    i.HAL_RNG_MspInit   rng.o
    0x08004ec0   0x00000002   Code   RO         2878    i.HAL_RNG_ReadyDataCallback  stm32f4xx_hal_rng.o
    0x08004ec2   0x00000002   PAD
    0x08004ec4   0x00000098   Code   RO         1041    i.HAL_SPI_ErrorCallback  waveplayer.o
    0x08004f5c   0x00000004   Code   RO         4341    i.HAL_SPI_GetError  stm32f4xx_hal_spi.o
    0x08004f60   0x000000d2   Code   RO         4343    i.HAL_SPI_IRQHandler  stm32f4xx_hal_spi.o
    0x08005032   0x00000002   PAD
    0x08005034   0x000001b0   Code   RO         4344    i.HAL_SPI_Init      stm32f4xx_hal_spi.o
    0x080051e4   0x0000017c   Code   RO          552    i.HAL_SPI_MspInit   spi.o
    0x08005360   0x00000002   Code   RO         4350    i.HAL_SPI_RxCpltCallback  stm32f4xx_hal_spi.o
    0x08005362   0x00000002   Code   RO         4351    i.HAL_SPI_RxHalfCpltCallback  stm32f4xx_hal_spi.o
    0x08005364   0x0000013c   Code   RO         4354    i.HAL_SPI_TransmitReceive_DMA  stm32f4xx_hal_spi.o
    0x080054a0   0x000000fc   Code   RO         4355    i.HAL_SPI_TransmitReceive_IT  stm32f4xx_hal_spi.o
    0x0800559c   0x00000002   Code   RO         4358    i.HAL_SPI_TxCpltCallback  stm32f4xx_hal_spi.o
    0x0800559e   0x00000002   PAD
    0x080055a0   0x0000006c   Code   RO         1042    i.HAL_SPI_TxRxCpltCallback  waveplayer.o
    0x0800560c   0x00000002   Code   RO         1043    i.HAL_SPI_TxRxHalfCpltCallback  waveplayer.o
    0x0800560e   0x00000002   PAD
    0x08005610   0x00000064   Code   RO         3894    i.HAL_SYSTICK_CLKSourceConfig  stm32f4xx_hal_cortex.o
    0x08005674   0x00000002   Code   RO         3895    i.HAL_SYSTICK_Callback  stm32f4xx_hal_cortex.o
    0x08005676   0x00000002   PAD
    0x08005678   0x0000002c   Code   RO         3896    i.HAL_SYSTICK_Config  stm32f4xx_hal_cortex.o
    0x080056a4   0x00000008   Code   RO         3897    i.HAL_SYSTICK_IRQHandler  stm32f4xx_hal_cortex.o
    0x080056ac   0x0000000c   Code   RO          318    i.HASH_RNG_IRQHandler  stm32f4xx_it.o
    0x080056b8   0x00000018   Code   RO          319    i.I2C1_ER_IRQHandler  stm32f4xx_it.o
    0x080056d0   0x0000000c   Code   RO          320    i.I2C1_EV_IRQHandler  stm32f4xx_it.o
    0x080056dc   0x00000026   Code   RO         4083    i.I2C_DMAError      stm32f4xx_hal_i2c.o
    0x08005702   0x00000002   PAD
    0x08005704   0x00000064   Code   RO         4084    i.I2C_DMAMasterReceiveCplt  stm32f4xx_hal_i2c.o
    0x08005768   0x0000006c   Code   RO         4085    i.I2C_DMAMasterTransmitCplt  stm32f4xx_hal_i2c.o
    0x080057d4   0x000000d4   Code   RO         4090    i.I2C_MasterRequestRead  stm32f4xx_hal_i2c.o
    0x080058a8   0x00000084   Code   RO         4091    i.I2C_MasterRequestWrite  stm32f4xx_hal_i2c.o
    0x0800592c   0x000000e4   Code   RO         4094    i.I2C_WaitOnFlagUntilTimeout  stm32f4xx_hal_i2c.o
    0x08005a10   0x000000b4   Code   RO         4095    i.I2C_WaitOnMasterAddressFlagUntilTimeout  stm32f4xx_hal_i2c.o
    0x08005ac4   0x0000019c   Code   RO         3735    i.I2SEx_TransmitReceive_IT  stm32f4xx_hal_i2s_ex.o
    0x08005c60   0x0000001e   Code   RO         2661    i.I2S_DMAError      stm32f4xx_hal_i2s.o
    0x08005c7e   0x00000002   PAD
    0x08005c80   0x00000064   Code   RO         3736    i.I2S_DMARxCplt     stm32f4xx_hal_i2s_ex.o
    0x08005ce4   0x0000000a   Code   RO         2662    i.I2S_DMARxHalfCplt  stm32f4xx_hal_i2s.o
    0x08005cee   0x00000002   PAD
    0x08005cf0   0x00000060   Code   RO         3737    i.I2S_DMATxCplt     stm32f4xx_hal_i2s_ex.o
    0x08005d50   0x0000000a   Code   RO         2663    i.I2S_DMATxHalfCplt  stm32f4xx_hal_i2s.o
    0x08005d5a   0x00000076   Code   RO         2664    i.I2S_Receive_IT    stm32f4xx_hal_i2s.o
    0x08005dd0   0x0000005c   Code   RO         2665    i.I2S_Transmit_IT   stm32f4xx_hal_i2s.o
    0x08005e2c   0x00000048   Code   RO          966    i.MX_ADC3_Init      adc.o
    0x08005e74   0x000000ac   Code   RO         1006    i.MX_DMA_Init       dma.o
    0x08005f20   0x00000150   Code   RO          641    i.MX_GPIO_Init      gpio.o
    0x08006070   0x00000030   Code   RO          601    i.MX_I2C1_Init      i2c.o
    0x080060a0   0x0000002c   Code   RO          667    i.MX_I2S3_Init      i2s.o
    0x080060cc   0x00000014   Code   RO          190    i.MX_RNG_Init       rng.o
    0x080060e0   0x00000038   Code   RO          553    i.MX_SPI1_Init      spi.o
    0x08006118   0x00000038   Code   RO          554    i.MX_SPI2_Init      spi.o
    0x08006150   0x00000038   Code   RO           13    i.MX_USB_DEVICE_Init  usb_device.o
    0x08006188   0x00000008   Code   RO          321    i.MemManage_Handler  stm32f4xx_it.o
    0x08006190   0x00000010   Code   RO          322    i.NMI_Handler       stm32f4xx_it.o
    0x080061a0   0x0000000c   Code   RO          323    i.OTG_FS_IRQHandler  stm32f4xx_it.o
    0x080061ac   0x00000002   Code   RO          324    i.RCC_IRQHandler    stm32f4xx_it.o
    0x080061ae   0x00000002   PAD
    0x080061b0   0x0000000c   Code   RO          325    i.SPI1_IRQHandler   stm32f4xx_it.o
    0x080061bc   0x0000000c   Code   RO          326    i.SPI2_IRQHandler   stm32f4xx_it.o
    0x080061c8   0x0000000c   Code   RO          327    i.SPI3_IRQHandler   stm32f4xx_it.o
    0x080061d4   0x0000002c   Code   RO         4362    i.SPI_2LinesRxISR   stm32f4xx_hal_spi.o
    0x08006200   0x0000001e   Code   RO         4363    i.SPI_DMAError      stm32f4xx_hal_spi.o
    0x0800621e   0x0000000a   Code   RO         4364    i.SPI_DMAHalfReceiveCplt  stm32f4xx_hal_spi.o
    0x08006228   0x0000000a   Code   RO         4366    i.SPI_DMAHalfTransmitReceiveCplt  stm32f4xx_hal_spi.o
    0x08006232   0x00000150   Code   RO         4367    i.SPI_DMAReceiveCplt  stm32f4xx_hal_spi.o
    0x08006382   0x00000002   PAD
    0x08006384   0x000000c4   Code   RO         4369    i.SPI_DMATransmitReceiveCplt  stm32f4xx_hal_spi.o
    0x08006448   0x000000d2   Code   RO         4370    i.SPI_RxCloseIRQHandler  stm32f4xx_hal_spi.o
    0x0800651a   0x000000c2   Code   RO         4372    i.SPI_TxISR         stm32f4xx_hal_spi.o
    0x080065dc   0x000000cc   Code   RO         4373    i.SPI_WaitOnFlagUntilTimeout  stm32f4xx_hal_spi.o
    0x080066a8   0x0000000e   Code   RO          328    i.SysTick_Handler   stm32f4xx_it.o
    0x080066b6   0x00000002   PAD
    0x080066b8   0x00000058   Code   RO         1814    i.SystemInit        system_stm32f4xx.o
    0x08006710   0x00000016   Code   RO         1849    i.USBD_CDC_DataIn   usbd_cdc.o
    0x08006726   0x00000030   Code   RO         1850    i.USBD_CDC_DataOut  usbd_cdc.o
    0x08006756   0x0000003c   Code   RO         1851    i.USBD_CDC_DeInit   usbd_cdc.o
    0x08006792   0x00000026   Code   RO         1852    i.USBD_CDC_EP0_RxReady  usbd_cdc.o
    0x080067b8   0x0000000c   Code   RO         1853    i.USBD_CDC_GetDeviceQualifierDescriptor  usbd_cdc.o
    0x080067c4   0x0000000c   Code   RO         1854    i.USBD_CDC_GetFSCfgDesc  usbd_cdc.o
    0x080067d0   0x0000000c   Code   RO         1855    i.USBD_CDC_GetHSCfgDesc  usbd_cdc.o
    0x080067dc   0x0000000c   Code   RO         1856    i.USBD_CDC_GetOtherSpeedCfgDesc  usbd_cdc.o
    0x080067e8   0x0000009a   Code   RO         1857    i.USBD_CDC_Init     usbd_cdc.o
    0x08006882   0x00000010   Code   RO         1859    i.USBD_CDC_RegisterInterface  usbd_cdc.o
    0x08006892   0x0000000c   Code   RO         1860    i.USBD_CDC_SetRxBuffer  usbd_cdc.o
    0x0800689e   0x00000010   Code   RO         1861    i.USBD_CDC_SetTxBuffer  usbd_cdc.o
    0x080068ae   0x00000002   PAD
    0x080068b0   0x00000078   Code   RO         1862    i.USBD_CDC_Setup    usbd_cdc.o
    0x08006928   0x0000000e   Code   RO         2015    i.USBD_ClrClassConfig  usbd_core.o
    0x08006936   0x00000010   Code   RO         1955    i.USBD_CtlContinueRx  usbd_ioreq.o
    0x08006946   0x00000010   Code   RO         1956    i.USBD_CtlContinueSendData  usbd_ioreq.o
    0x08006956   0x0000001e   Code   RO         1957    i.USBD_CtlPrepareRx  usbd_ioreq.o
    0x08006974   0x00000016   Code   RO         1958    i.USBD_CtlReceiveStatus  usbd_ioreq.o
    0x0800698a   0x0000001a   Code   RO         1959    i.USBD_CtlSendData  usbd_ioreq.o
    0x080069a4   0x00000016   Code   RO         1960    i.USBD_CtlSendStatus  usbd_ioreq.o
    0x080069ba   0x00000002   PAD
    0x080069bc   0x00000020   Code   RO          707    i.USBD_FS_ConfigStrDescriptor  usbd_desc.o
    0x080069dc   0x0000000c   Code   RO          708    i.USBD_FS_DeviceDescriptor  usbd_desc.o
    0x080069e8   0x00000024   Code   RO          709    i.USBD_FS_InterfaceStrDescriptor  usbd_desc.o
    0x08006a0c   0x0000000c   Code   RO          710    i.USBD_FS_LangIDStrDescriptor  usbd_desc.o
    0x08006a18   0x00000028   Code   RO          711    i.USBD_FS_ManufacturerStrDescriptor  usbd_desc.o
    0x08006a40   0x0000002c   Code   RO          712    i.USBD_FS_ProductStrDescriptor  usbd_desc.o
    0x08006a6c   0x00000024   Code   RO          713    i.USBD_FS_SerialStrDescriptor  usbd_desc.o
    0x08006a90   0x00000068   Code   RO         2154    i.USBD_GetString    usbd_ctlreq.o
    0x08006af8   0x00000030   Code   RO         2017    i.USBD_Init         usbd_core.o
    0x08006b28   0x0000000e   Code   RO          788    i.USBD_LL_ClearStallEP  usbd_conf.o
    0x08006b36   0x0000000e   Code   RO          789    i.USBD_LL_CloseEP   usbd_conf.o
    0x08006b44   0x000000b0   Code   RO         2018    i.USBD_LL_DataInStage  usbd_core.o
    0x08006bf4   0x0000006a   Code   RO         2019    i.USBD_LL_DataOutStage  usbd_core.o
    0x08006c5e   0x00000004   Code   RO         2020    i.USBD_LL_DevConnected  usbd_core.o
    0x08006c62   0x00000016   Code   RO         2021    i.USBD_LL_DevDisconnected  usbd_core.o
    0x08006c78   0x00000008   Code   RO          793    i.USBD_LL_GetRxDataSize  usbd_conf.o
    0x08006c80   0x0000005c   Code   RO          794    i.USBD_LL_Init      usbd_conf.o
    0x08006cdc   0x00000020   Code   RO          795    i.USBD_LL_IsStallEP  usbd_conf.o
    0x08006cfc   0x00000004   Code   RO         2022    i.USBD_LL_IsoINIncomplete  usbd_core.o
    0x08006d00   0x00000004   Code   RO         2023    i.USBD_LL_IsoOUTIncomplete  usbd_core.o
    0x08006d04   0x00000014   Code   RO          796    i.USBD_LL_OpenEP    usbd_conf.o
    0x08006d18   0x0000000e   Code   RO          797    i.USBD_LL_PrepareReceive  usbd_conf.o
    0x08006d26   0x0000003e   Code   RO         2024    i.USBD_LL_Reset     usbd_core.o
    0x08006d64   0x0000000c   Code   RO         2025    i.USBD_LL_Resume    usbd_core.o
    0x08006d70   0x0000001a   Code   RO         2026    i.USBD_LL_SOF       usbd_core.o
    0x08006d8a   0x00000006   Code   RO         2027    i.USBD_LL_SetSpeed  usbd_core.o
    0x08006d90   0x0000000e   Code   RO          798    i.USBD_LL_SetUSBAddress  usbd_conf.o
    0x08006d9e   0x0000005e   Code   RO         2028    i.USBD_LL_SetupStage  usbd_core.o
    0x08006dfc   0x0000000e   Code   RO          799    i.USBD_LL_StallEP   usbd_conf.o
    0x08006e0a   0x0000000e   Code   RO          800    i.USBD_LL_Start     usbd_conf.o
    0x08006e18   0x00000012   Code   RO         2029    i.USBD_LL_Suspend   usbd_core.o
    0x08006e2a   0x0000000e   Code   RO          802    i.USBD_LL_Transmit  usbd_conf.o
    0x08006e38   0x00000028   Code   RO         2155    i.USBD_ParseSetupRequest  usbd_ctlreq.o
    0x08006e60   0x00000010   Code   RO         2030    i.USBD_RegisterClass  usbd_core.o
    0x08006e70   0x00000018   Code   RO         2032    i.USBD_SetClassConfig  usbd_core.o
    0x08006e88   0x0000000a   Code   RO         2033    i.USBD_Start        usbd_core.o
    0x08006e92   0x00000002   PAD
    0x08006e94   0x00000290   Code   RO         2156    i.USBD_StdDevReq    usbd_ctlreq.o
    0x08007124   0x0000010a   Code   RO         2157    i.USBD_StdEPReq     usbd_ctlreq.o
    0x0800722e   0x00000040   Code   RO         2158    i.USBD_StdItfReq    usbd_ctlreq.o
    0x0800726e   0x00000002   PAD
    0x08007270   0x00000090   Code   RO         3164    i.USB_ActivateEndpoint  stm32f4xx_ll_usb.o
    0x08007300   0x00000034   Code   RO         3165    i.USB_ActivateSetup  stm32f4xx_ll_usb.o
    0x08007334   0x000000bc   Code   RO         3167    i.USB_CoreInit      stm32f4xx_ll_usb.o
    0x080073f0   0x0000007c   Code   RO         3169    i.USB_DeactivateEndpoint  stm32f4xx_ll_usb.o
    0x0800746c   0x00000018   Code   RO         3170    i.USB_DevConnect    stm32f4xx_ll_usb.o
    0x08007484   0x00000018   Code   RO         3171    i.USB_DevDisconnect  stm32f4xx_ll_usb.o
    0x0800749c   0x00000174   Code   RO         3172    i.USB_DevInit       stm32f4xx_ll_usb.o
    0x08007610   0x0000000c   Code   RO         3173    i.USB_DisableGlobalInt  stm32f4xx_ll_usb.o
    0x0800761c   0x00000158   Code   RO         3176    i.USB_EP0StartXfer  stm32f4xx_ll_usb.o
    0x08007774   0x0000003e   Code   RO         3177    i.USB_EP0_OutStart  stm32f4xx_ll_usb.o
    0x080077b2   0x00000064   Code   RO         3178    i.USB_EPClearStall  stm32f4xx_ll_usb.o
    0x08007816   0x00000064   Code   RO         3179    i.USB_EPSetStall    stm32f4xx_ll_usb.o
    0x0800787a   0x00000002   PAD
    0x0800787c   0x00000274   Code   RO         3180    i.USB_EPStartXfer   stm32f4xx_ll_usb.o
    0x08007af0   0x0000000c   Code   RO         3181    i.USB_EnableGlobalInt  stm32f4xx_ll_usb.o
    0x08007afc   0x00000028   Code   RO         3183    i.USB_FlushTxFifo   stm32f4xx_ll_usb.o
    0x08007b24   0x0000003a   Code   RO         3185    i.USB_GetDevSpeed   stm32f4xx_ll_usb.o
    0x08007b5e   0x00000008   Code   RO         3187    i.USB_GetMode       stm32f4xx_ll_usb.o
    0x08007b66   0x0000000e   Code   RO         3194    i.USB_ReadDevAllInEpInterrupt  stm32f4xx_ll_usb.o
    0x08007b74   0x0000000e   Code   RO         3195    i.USB_ReadDevAllOutEpInterrupt  stm32f4xx_ll_usb.o
    0x08007b82   0x0000001e   Code   RO         3196    i.USB_ReadDevInEPInterrupt  stm32f4xx_ll_usb.o
    0x08007ba0   0x00000010   Code   RO         3197    i.USB_ReadDevOutEPInterrupt  stm32f4xx_ll_usb.o
    0x08007bb0   0x00000008   Code   RO         3198    i.USB_ReadInterrupts  stm32f4xx_ll_usb.o
    0x08007bb8   0x0000003a   Code   RO         3199    i.USB_ReadPacket    stm32f4xx_ll_usb.o
    0x08007bf2   0x0000002e   Code   RO         3201    i.USB_SetCurrentMode  stm32f4xx_ll_usb.o
    0x08007c20   0x00000022   Code   RO         3202    i.USB_SetDevAddress  stm32f4xx_ll_usb.o
    0x08007c42   0x00000002   PAD
    0x08007c44   0x00000042   Code   RO         3206    i.USB_WritePacket   stm32f4xx_ll_usb.o
    0x08007c86   0x00000008   Code   RO          329    i.UsageFault_Handler  stm32f4xx_it.o
    0x08007c8e   0x00000002   PAD
    0x08007c90   0x00000094   Code   RO          330    i.Write7SegIT       stm32f4xx_it.o
    0x08007d24   0x0000000e   Code   RO         4849    i.__scatterload_copy  mc_w.l(handlers.o)
    0x08007d32   0x00000002   Code   RO         4850    i.__scatterload_null  mc_w.l(handlers.o)
    0x08007d34   0x0000000e   Code   RO         4851    i.__scatterload_zeroinit  mc_w.l(handlers.o)
    0x08007d42   0x00000002   Code   RO          475    i.assert_failed     main.o
    0x08007d44   0x00000298   Code   RO         1049    i.audio808Process   waveplayer.o
    0x08007fdc   0x000002ac   Code   RO         1050    i.audioInit         waveplayer.o
    0x08008288   0x00000294   Code   RO         1052    i.audioTick         waveplayer.o
    0x0800851c   0x00000050   Code   RO         4797    i.free              mc_w.l(malloc.o)
    0x0800856c   0x000000f0   Code   RO          476    i.main              main.o
    0x0800865c   0x0000006c   Code   RO         4798    i.malloc            mc_w.l(malloc.o)
    0x080086c8   0x00000034   Code   RO         1061    i.randomNumber      waveplayer.o
    0x080086fc   0x00000118   Code   RO         1659    i.t808CowbellInit   instruments.o
    0x08008814   0x0000000e   Code   RO         1660    i.t808CowbellOn     instruments.o
    0x08008822   0x00000008   Code   RO         1661    i.t808CowbellSetBandpassFreq  instruments.o
    0x0800882a   0x0000000e   Code   RO         1662    i.t808CowbellSetDecay  instruments.o
    0x08008838   0x0000002c   Code   RO         1663    i.t808CowbellSetFreq  instruments.o
    0x08008864   0x00000010   Code   RO         1664    i.t808CowbellSetHighpassFreq  instruments.o
    0x08008874   0x00000008   Code   RO         1665    i.t808CowbellSetOscMix  instruments.o
    0x0800887c   0x00000094   Code   RO         1666    i.t808CowbellTick   instruments.o
    0x08008910   0x000001b8   Code   RO         1667    i.t808HihatInit     instruments.o
    0x08008ac8   0x0000002c   Code   RO         1668    i.t808HihatOn       instruments.o
    0x08008af4   0x00000010   Code   RO         1669    i.t808HihatSetDecay  instruments.o
    0x08008b04   0x00000010   Code   RO         1670    i.t808HihatSetHighpassFreq  instruments.o
    0x08008b14   0x00000018   Code   RO         1671    i.t808HihatSetOscBandpassFreq  instruments.o
    0x08008b2c   0x00000084   Code   RO         1672    i.t808HihatSetOscFreq  instruments.o
    0x08008bb0   0x00000008   Code   RO         1673    i.t808HihatSetOscNoiseMix  instruments.o
    0x08008bb8   0x00000114   Code   RO         1674    i.t808HihatTick     instruments.o
    0x08008ccc   0x000001d8   Code   RO         1675    i.t808SnareInit     instruments.o
    0x08008ea4   0x0000007e   Code   RO         1676    i.t808SnareOn       instruments.o
    0x08008f22   0x00000010   Code   RO         1677    i.t808SnareSetNoiseDecay  instruments.o
    0x08008f32   0x00000008   Code   RO         1678    i.t808SnareSetNoiseFilterFreq  instruments.o
    0x08008f3a   0x0000000e   Code   RO         1679    i.t808SnareSetNoiseFilterQ  instruments.o
    0x08008f48   0x00000010   Code   RO         1680    i.t808SnareSetTone1Decay  instruments.o
    0x08008f58   0x0000000e   Code   RO         1681    i.t808SnareSetTone1Freq  instruments.o
    0x08008f66   0x00000010   Code   RO         1682    i.t808SnareSetTone2Decay  instruments.o
    0x08008f76   0x00000010   Code   RO         1683    i.t808SnareSetTone2Freq  instruments.o
    0x08008f86   0x00000008   Code   RO         1684    i.t808SnareSetToneNoiseMix  instruments.o
    0x08008f8e   0x00000002   PAD
    0x08008f90   0x00000178   Code   RO         1685    i.t808SnareTick     instruments.o
    0x08009108   0x0000000e   Code   RO         1312    i.tAttackThresh     audiounits.o
    0x08009116   0x00000010   Code   RO         1313    i.tCycleFreq        audiounits.o
    0x08009126   0x00000002   PAD
    0x08009128   0x00000034   Code   RO         1314    i.tCycleInit        audiounits.o
    0x0800915c   0x00000070   Code   RO         1315    i.tCycleTick        audiounits.o
    0x080091cc   0x0000000e   Code   RO         1316    i.tDecayCoeff       audiounits.o
    0x080091da   0x00000002   PAD
    0x080091dc   0x0000002c   Code   RO         1317    i.tDelayInit        audiounits.o
    0x08009208   0x0000006c   Code   RO         1318    i.tDelayTick        audiounits.o
    0x08009274   0x00000044   Code   RO         1319    i.tEnvelopeAttack   audiounits.o
    0x080092b8   0x00000044   Code   RO         1320    i.tEnvelopeDecay    audiounits.o
    0x080092fc   0x00000030   Code   RO         1321    i.tEnvelopeFollowerInit  audiounits.o
    0x0800932c   0x00000050   Code   RO         1322    i.tEnvelopeFollowerTick  audiounits.o
    0x0800937c   0x000000d8   Code   RO         1323    i.tEnvelopeInit     audiounits.o
    0x08009454   0x00000006   Code   RO         1324    i.tEnvelopeLoop     audiounits.o
    0x0800945a   0x00000014   Code   RO         1325    i.tEnvelopeOn       audiounits.o
    0x0800946e   0x00000002   PAD
    0x08009470   0x000000a8   Code   RO         1326    i.tEnvelopeTick     audiounits.o
    0x08009518   0x00000028   Code   RO         1327    i.tHighpassFreq     audiounits.o
    0x08009540   0x0000004c   Code   RO         1328    i.tHighpassInit     audiounits.o
    0x0800958c   0x00000022   Code   RO         1329    i.tHighpassTick     audiounits.o
    0x080095ae   0x00000002   PAD
    0x080095b0   0x00000034   Code   RO         1572    i.tMetroInit        utilities.o
    0x080095e4   0x00000020   Code   RO         1573    i.tMetroRate        utilities.o
    0x08009604   0x00000018   Code   RO         1574    i.tMetroTick        utilities.o
    0x0800961c   0x00000020   Code   RO         1330    i.tNoiseInit        audiounits.o
    0x0800963c   0x0000008c   Code   RO         1332    i.tPinkNoiseTick    audiounits.o
    0x080096c8   0x00000010   Code   RO         1333    i.tPulseFreq        audiounits.o
    0x080096d8   0x00000068   Code   RO         1334    i.tPulseInit        audiounits.o
    0x08009740   0x0000003e   Code   RO         1335    i.tPulseTick        audiounits.o
    0x0800977e   0x00000002   PAD
    0x08009780   0x00000038   Code   RO         1336    i.tPulseWidth       audiounits.o
    0x080097b8   0x00000064   Code   RO         1575    i.tRampInit         utilities.o
    0x0800981c   0x00000030   Code   RO         1576    i.tRampSetDest      utilities.o
    0x0800984c   0x00000030   Code   RO         1577    i.tRampSetTime      utilities.o
    0x0800987c   0x0000004c   Code   RO         1578    i.tRampTick         utilities.o
    0x080098c8   0x000000a0   Code   RO         1341    i.tSVFInit          audiounits.o
    0x08009968   0x00000044   Code   RO         1342    i.tSVFSetFreq       audiounits.o
    0x080099ac   0x00000064   Code   RO         1343    i.tSVFSetQ          audiounits.o
    0x08009a10   0x00000090   Code   RO         1344    i.tSVFTick          audiounits.o
    0x08009aa0   0x00000054   Code   RO         1348    i.tSetDelay         audiounits.o
    0x08009af4   0x00000010   Code   RO         1349    i.tTriangleFreq     audiounits.o
    0x08009b04   0x00000030   Code   RO         1350    i.tTriangleInit     audiounits.o
    0x08009b34   0x00000042   Code   RO         1351    i.tTriangleTick     audiounits.o
    0x08009b76   0x00000004   Code   RO         1352    i.tWhiteNoisetick   audiounits.o
    0x08009b7a   0x00000002   PAD
    0x08009b7c   0x00040000   Data   RO         1621    .constdata          wavetables.o
    0x08049b7c   0x00040000   Data   RO         1622    .constdata          wavetables.o
    0x08089b7c   0x00004000   Data   RO         1624    .constdata          wavetables.o
    0x0808db7c   0x00004000   Data   RO         1633    .constdata          wavetables.o
    0x08091b7c   0x00002000   Data   RO         1637    .constdata          wavetables.o
    0x08093b7c   0x00000010   Data   RO         3472    .constdata          stm32f4xx_hal_rcc.o
    0x08093b8c   0x00000020   Data   RO         4847    Region$$Table       anon$$obj.o


    Execution Region RW_IRAM1 (Base: 0x20000000, Size: 0x00012588, Max: 0x00020000, ABSOLUTE, COMPRESSED[0x000000ec])

    Base Addr    Size         Type   Attr      Idx    E Section Name        Object

    0x20000000   0x00000010   Data   RW          236    .data               usbd_cdc_if.o
    0x20000010   0x00000004   Data   RW          237    .data               usbd_cdc_if.o
    0x20000014   0x0000001c   Data   RW          715    .data               usbd_desc.o
    0x20000030   0x00000016   Data   RW          716    .data               usbd_desc.o
    0x20000046   0x00000002   PAD
    0x20000048   0x000000a8   Data   RW         1072    .data               waveplayer.o
    0x200000f0   0x00000014   Data   RW         1815    .data               system_stm32f4xx.o
    0x20000104   0x000000db   Data   RW         1864    .data               usbd_cdc.o
    0x200001df   0x00000001   PAD
    0x200001e0   0x00000038   Data   RW         1865    .data               usbd_cdc.o
    0x20000218   0x00000001   Data   RW         2159    .data               usbd_ctlreq.o
    0x20000219   0x00000003   PAD
    0x2000021c   0x00000004   Data   RW         3584    .data               stm32f4xx_hal.o
    0x20000220   0x00000004   Data   RW         4843    .data               mc_w.l(mvars.o)
    0x20000224   0x00000004   Data   RW         4844    .data               mc_w.l(mvars.o)
    0x20000228   0x00000224   Zero   RW           14    .bss                usb_device.o
    0x2000044c   0x0000000c   Zero   RW          191    .bss                rng.o
    0x20000458   0x00000400   Zero   RW          235    .bss                usbd_cdc_if.o
    0x20000858   0x000001f0   Zero   RW          555    .bss                spi.o
    0x20000a48   0x000000dc   Zero   RW          602    .bss                i2c.o
    0x20000b24   0x000000e4   Zero   RW          668    .bss                i2s.o
    0x20000c08   0x00000200   Zero   RW          714    .bss                usbd_desc.o
    0x20000e08   0x000003b4   Zero   RW          803    .bss                usbd_conf.o
    0x200011bc   0x00000044   Zero   RW          967    .bss                adc.o
    0x20001200   0x00010d84   Zero   RW         1069    .bss                waveplayer.o
    0x20011f84   0x00000004   PAD
    0x20011f88   0x00000200   Zero   RW            2    HEAP                startup_stm32f405xx.o
    0x20012188   0x00000400   Zero   RW            1    STACK               startup_stm32f405xx.o


==============================================================================

Image component sizes


      Code (inc. data)   RO Data    RW Data    ZI Data      Debug   Object Name

       160         18          0          0         68       1993   adc.o
      2284        234          0          0          0      24402   audiounits.o
       172          4          0          0          0       1014   dma.o
       336         22          0          0          0       1231   gpio.o
       292         34          0          0        220       2095   i2c.o
       304         40          0          0        228       2115   i2s.o
      2570        222          0          0          0      19728   instruments.o
       242         18          0          0          0       2049   main.o
        72         14          0          0         12       1719   rng.o
       492         66          0          0        496       2906   spi.o
        36          8        392          0       1536       1036   startup_stm32f405xx.o
       136         16          0          4          0       4722   stm32f4xx_hal.o
      1866        256          0          0          0       5790   stm32f4xx_hal_adc.o
         2          0          0          0          0       1165   stm32f4xx_hal_adc_ex.o
       558        258          0          0          0      32277   stm32f4xx_hal_cortex.o
      5532        456          0          0          0       3851   stm32f4xx_hal_dma.o
      1048        214          0          0          0       3551   stm32f4xx_hal_gpio.o
      3142        138          0          0          0      19147   stm32f4xx_hal_i2c.o
       262          0          0          0          0       4994   stm32f4xx_hal_i2s.o
      2492        166          0          0          0       7319   stm32f4xx_hal_i2s_ex.o
        80          0          0          0          0        606   stm32f4xx_hal_msp.o
      2160         56          0          0          0      11868   stm32f4xx_hal_pcd.o
        86          0          0          0          0       2092   stm32f4xx_hal_pcd_ex.o
      2522        220         16          0          0       7775   stm32f4xx_hal_rcc.o
       272          0          0          0          0       4383   stm32f4xx_hal_rng.o
      2454        146          0          0          0      14967   stm32f4xx_hal_spi.o
       404        106          0          0          0      13273   stm32f4xx_it.o
      2578         26          0          0          0      21978   stm32f4xx_ll_usb.o
        88         24          0         20          0       1585   system_stm32f4xx.o
        56         18          0          0        548     355803   usb_device.o
       534         22          0        275          0      12867   usbd_cdc.o
        68         24          0         20       1024       3175   usbd_cdc_if.o
       564         24          0          0        948      15770   usbd_conf.o
       646          0          0          0          0      13414   usbd_core.o
      1130         30          0          1          0       7144   usbd_ctlreq.o
       212        116          0         50        512       5871   usbd_desc.o
       132          0          0          0          0       5076   usbd_ioreq.o
       380         42          0          0          0       5023   utilities.o
      2616        398          0        168      68996      26742   waveplayer.o
         0          0     565248          0          0       1298   wavetables.o

    ----------------------------------------------------------------------
     39050       3436     565688        544      74592     673814   Object Totals
         0          0         32          0          0          0   (incl. Generated)
        70          0          0          6          4          0   (incl. Padding)

    ----------------------------------------------------------------------

      Code (inc. data)   RO Data    RW Data    ZI Data      Debug   Library Member Name

        86          0          0          0          0          0   __dczerorl2.o
         0          0          0          0          0          0   entry.o
         0          0          0          0          0          0   entry10a.o
         0          0          0          0          0          0   entry11a.o
         8          4          0          0          0          0   entry2.o
         4          0          0          0          0          0   entry5.o
         0          0          0          0          0          0   entry7b.o
         0          0          0          0          0          0   entry8b.o
         8          4          0          0          0          0   entry9a.o
        30          0          0          0          0          0   handlers.o
        36          8          0          0          0         68   init.o
       188         20          0          0          0        160   malloc.o
         0          0          0          8          0          0   mvars.o

    ----------------------------------------------------------------------
       362         36          0          8          0        228   Library Totals
         2          0          0          0          0          0   (incl. Padding)

    ----------------------------------------------------------------------

      Code (inc. data)   RO Data    RW Data    ZI Data      Debug   Library Name

       360         36          0          8          0        228   mc_w.l

    ----------------------------------------------------------------------
       362         36          0          8          0        228   Library Totals

    ----------------------------------------------------------------------

==============================================================================


      Code (inc. data)   RO Data    RW Data    ZI Data      Debug   

     39412       3472     565688        552      74592     643874   Grand Totals
     39412       3472     565688        236      74592     643874   ELF Image Totals (compressed)
     39412       3472     565688        236          0          0   ROM Totals

==============================================================================

    Total RO  Size (Code + RO Data)               605100 ( 590.92kB)
    Total RW  Size (RW Data + ZI Data)             75144 (  73.38kB)
    Total ROM Size (Code + RO Data + RW Data)     605336 ( 591.15kB)

==============================================================================

