Component: ARM Compiler 5.06 update 2 (build 183) Tool: armlink [4d35b7]

==============================================================================

Section Cross References

    startup_stm32f405xx.o(RESET) refers to startup_stm32f405xx.o(STACK) for __initial_sp
    startup_stm32f405xx.o(RESET) refers to startup_stm32f405xx.o(.text) for Reset_Handler
    startup_stm32f405xx.o(RESET) refers to stm32f4xx_it.o(i.NMI_Handler) for NMI_Handler
    startup_stm32f405xx.o(RESET) refers to stm32f4xx_it.o(i.MemManage_Handler) for MemManage_Handler
    startup_stm32f405xx.o(RESET) refers to stm32f4xx_it.o(i.BusFault_Handler) for BusFault_Handler
    startup_stm32f405xx.o(RESET) refers to stm32f4xx_it.o(i.UsageFault_Handler) for UsageFault_Handler
    startup_stm32f405xx.o(RESET) refers to stm32f4xx_it.o(i.DebugMon_Handler) for DebugMon_Handler
    startup_stm32f405xx.o(RESET) refers to stm32f4xx_it.o(i.SysTick_Handler) for SysTick_Handler
    startup_stm32f405xx.o(RESET) refers to stm32f4xx_it.o(i.RCC_IRQHandler) for RCC_IRQHandler
    startup_stm32f405xx.o(RESET) refers to stm32f4xx_it.o(i.DMA1_Stream0_IRQHandler) for DMA1_Stream0_IRQHandler
    startup_stm32f405xx.o(RESET) refers to stm32f4xx_it.o(i.ADC_IRQHandler) for ADC_IRQHandler
    startup_stm32f405xx.o(RESET) refers to stm32f4xx_it.o(i.TIM1_BRK_TIM9_IRQHandler) for TIM1_BRK_TIM9_IRQHandler
    startup_stm32f405xx.o(RESET) refers to stm32f4xx_it.o(i.TIM1_UP_TIM10_IRQHandler) for TIM1_UP_TIM10_IRQHandler
    startup_stm32f405xx.o(RESET) refers to stm32f4xx_it.o(i.TIM1_TRG_COM_TIM11_IRQHandler) for TIM1_TRG_COM_TIM11_IRQHandler
    startup_stm32f405xx.o(RESET) refers to stm32f4xx_it.o(i.TIM1_CC_IRQHandler) for TIM1_CC_IRQHandler
    startup_stm32f405xx.o(RESET) refers to stm32f4xx_it.o(i.I2C1_EV_IRQHandler) for I2C1_EV_IRQHandler
    startup_stm32f405xx.o(RESET) refers to stm32f4xx_it.o(i.I2C1_ER_IRQHandler) for I2C1_ER_IRQHandler
    startup_stm32f405xx.o(RESET) refers to stm32f4xx_it.o(i.SPI1_IRQHandler) for SPI1_IRQHandler
    startup_stm32f405xx.o(RESET) refers to stm32f4xx_it.o(i.SPI2_IRQHandler) for SPI2_IRQHandler
    startup_stm32f405xx.o(RESET) refers to stm32f4xx_it.o(i.DMA1_Stream7_IRQHandler) for DMA1_Stream7_IRQHandler
    startup_stm32f405xx.o(RESET) refers to stm32f4xx_it.o(i.UART5_IRQHandler) for UART5_IRQHandler
    startup_stm32f405xx.o(RESET) refers to stm32f4xx_it.o(i.OTG_FS_IRQHandler) for OTG_FS_IRQHandler
    startup_stm32f405xx.o(RESET) refers to stm32f4xx_it.o(i.HASH_RNG_IRQHandler) for HASH_RNG_IRQHandler
    startup_stm32f405xx.o(.text) refers to system_stm32f4xx.o(i.SystemInit) for SystemInit
    startup_stm32f405xx.o(.text) refers to entry.o(.ARM.Collect$$$$00000000) for __main
    usart.o(i.HAL_UART_MspDeInit) refers to stm32f4xx_hal_gpio.o(i.HAL_GPIO_DeInit) for HAL_GPIO_DeInit
    usart.o(i.HAL_UART_MspDeInit) refers to stm32f4xx_hal_cortex.o(i.HAL_NVIC_DisableIRQ) for HAL_NVIC_DisableIRQ
    usart.o(i.HAL_UART_MspInit) refers to stm32f4xx_hal_gpio.o(i.HAL_GPIO_Init) for HAL_GPIO_Init
    usart.o(i.HAL_UART_MspInit) refers to stm32f4xx_hal_cortex.o(i.HAL_NVIC_SetPriority) for HAL_NVIC_SetPriority
    usart.o(i.HAL_UART_MspInit) refers to stm32f4xx_hal_cortex.o(i.HAL_NVIC_EnableIRQ) for HAL_NVIC_EnableIRQ
    usart.o(i.MX_UART5_Init) refers to stm32f4xx_hal_uart.o(i.HAL_UART_Init) for HAL_UART_Init
    usart.o(i.MX_UART5_Init) refers to usart.o(.bss) for .bss
    usb_device.o(i.MX_USB_DEVICE_Init) refers to usbd_core.o(i.USBD_Init) for USBD_Init
    usb_device.o(i.MX_USB_DEVICE_Init) refers to usbd_core.o(i.USBD_RegisterClass) for USBD_RegisterClass
    usb_device.o(i.MX_USB_DEVICE_Init) refers to usbd_cdc.o(i.USBD_CDC_RegisterInterface) for USBD_CDC_RegisterInterface
    usb_device.o(i.MX_USB_DEVICE_Init) refers to usbd_core.o(i.USBD_Start) for USBD_Start
    usb_device.o(i.MX_USB_DEVICE_Init) refers to usbd_desc.o(.data) for FS_Desc
    usb_device.o(i.MX_USB_DEVICE_Init) refers to usb_device.o(.bss) for .bss
    usb_device.o(i.MX_USB_DEVICE_Init) refers to usbd_cdc.o(.data) for USBD_CDC
    usb_device.o(i.MX_USB_DEVICE_Init) refers to usbd_cdc_if.o(.data) for USBD_Interface_fops_FS
    rng.o(i.HAL_RNG_MspDeInit) refers to stm32f4xx_hal_cortex.o(i.HAL_NVIC_DisableIRQ) for HAL_NVIC_DisableIRQ
    rng.o(i.HAL_RNG_MspInit) refers to stm32f4xx_hal_cortex.o(i.HAL_NVIC_SetPriority) for HAL_NVIC_SetPriority
    rng.o(i.HAL_RNG_MspInit) refers to stm32f4xx_hal_cortex.o(i.HAL_NVIC_EnableIRQ) for HAL_NVIC_EnableIRQ
    rng.o(i.MX_RNG_Init) refers to stm32f4xx_hal_rng.o(i.HAL_RNG_Init) for HAL_RNG_Init
    rng.o(i.MX_RNG_Init) refers to rng.o(.bss) for .bss
    usbd_cdc_if.o(i.CDC_DeInit_FS) refers to usbd_cdc.o(i.USBD_CDC_SetTxBuffer) for USBD_CDC_SetTxBuffer
    usbd_cdc_if.o(i.CDC_DeInit_FS) refers to usbd_cdc.o(i.USBD_CDC_SetRxBuffer) for USBD_CDC_SetRxBuffer
    usbd_cdc_if.o(i.CDC_DeInit_FS) refers to usbd_cdc_if.o(.bss) for .bss
[...]
    i.HAL_TIM_TriggerCallback                0x080040c8   Section        0  stm32f4xx_hal_tim.o(i.HAL_TIM_TriggerCallback)
    i.HAL_UART_ErrorCallback                 0x080040ca   Section        0  stm32f4xx_hal_uart.o(i.HAL_UART_ErrorCallback)
    i.HAL_UART_IRQHandler                    0x080040cc   Section        0  stm32f4xx_hal_uart.o(i.HAL_UART_IRQHandler)
    i.HAL_UART_RxCpltCallback                0x080041d6   Section        0  stm32f4xx_hal_uart.o(i.HAL_UART_RxCpltCallback)
    i.HAL_UART_TxCpltCallback                0x080041d8   Section        0  stm32f4xx_hal_uart.o(i.HAL_UART_TxCpltCallback)
    i.HASH_RNG_IRQHandler                    0x080041dc   Section        0  stm32f4xx_it.o(i.HASH_RNG_IRQHandler)
    i.I2C1_ER_IRQHandler                     0x080041e8   Section        0  stm32f4xx_it.o(i.I2C1_ER_IRQHandler)
    i.I2C1_EV_IRQHandler                     0x080041f4   Section        0  stm32f4xx_it.o(i.I2C1_EV_IRQHandler)
    i.I2C_MasterReceive_BTF                  0x08004200   Section        0  stm32f4xx_hal_i2c.o(i.I2C_MasterReceive_BTF)
    I2C_MasterReceive_BTF                    0x08004201   Thumb Code   160  stm32f4xx_hal_i2c.o(i.I2C_MasterReceive_BTF)
    i.I2C_MasterReceive_RXNE                 0x080042a4   Section        0  stm32f4xx_hal_i2c.o(i.I2C_MasterReceive_RXNE)
    I2C_MasterReceive_RXNE                   0x080042a5   Thumb Code   132  stm32f4xx_hal_i2c.o(i.I2C_MasterReceive_RXNE)
    i.I2C_MasterRequestWrite                 0x0800432c   Section        0  stm32f4xx_hal_i2c.o(i.I2C_MasterRequestWrite)
    I2C_MasterRequestWrite                   0x0800432d   Thumb Code   112  stm32f4xx_hal_i2c.o(i.I2C_MasterRequestWrite)
    i.I2C_MasterTransmit_BTF                 0x080043a0   Section        0  stm32f4xx_hal_i2c.o(i.I2C_MasterTransmit_BTF)
    I2C_MasterTransmit_BTF                   0x080043a1   Thumb Code    94  stm32f4xx_hal_i2c.o(i.I2C_MasterTransmit_BTF)
    i.I2C_WaitOnFlagUntilTimeout             0x08004404   Section        0  stm32f4xx_hal_i2c.o(i.I2C_WaitOnFlagUntilTimeout)
    I2C_WaitOnFlagUntilTimeout               0x08004405   Thumb Code   138  stm32f4xx_hal_i2c.o(i.I2C_WaitOnFlagUntilTimeout)
    i.I2C_WaitOnMasterAddressFlagUntilTimeout 0x08004490   Section        0  stm32f4xx_hal_i2c.o(i.I2C_WaitOnMasterAddressFlagUntilTimeout)
    I2C_WaitOnMasterAddressFlagUntilTimeout  0x08004491   Thumb Code   136  stm32f4xx_hal_i2c.o(i.I2C_WaitOnMasterAddressFlagUntilTimeout)
    i.I2S_DMAError                           0x08004518   Section        0  stm32f4xx_hal_i2s.o(i.I2S_DMAError)
    i.I2S_DMARxCplt                          0x08004538   Section        0  stm32f4xx_hal_i2s_ex.o(i.I2S_DMARxCplt)
    i.I2S_DMARxHalfCplt                      0x080045a0   Section        0  stm32f4xx_hal_i2s.o(i.I2S_DMARxHalfCplt)
    i.I2S_DMATxCplt                          0x080045ac   Section        0  stm32f4xx_hal_i2s_ex.o(i.I2S_DMATxCplt)
    i.I2S_DMATxHalfCplt                      0x08004610   Section        0  stm32f4xx_hal_i2s.o(i.I2S_DMATxHalfCplt)
    i.I2S_GetInputClock                      0x0800461c   Section        0  stm32f4xx_hal_i2s_ex.o(i.I2S_GetInputClock)
    i.KSprocess                              0x08004674   Section        0  waveplayer.o(i.KSprocess)
    i.MX_DMA_Init                            0x080046c0   Section        0  dma.o(i.MX_DMA_Init)
    i.MX_GPIO_Init                           0x080046fc   Section        0  gpio.o(i.MX_GPIO_Init)
    i.MX_I2C1_Init                           0x08004820   Section        0  i2c.o(i.MX_I2C1_Init)
    i.MX_I2S3_Init                           0x08004850   Section        0  i2s.o(i.MX_I2S3_Init)
    i.MX_RNG_Init                            0x0800487c   Section        0  rng.o(i.MX_RNG_Init)
    i.MX_SPI1_Init                           0x08004890   Section        0  spi.o(i.MX_SPI1_Init)
    i.MX_SPI2_Init                           0x080048c0   Section        0  spi.o(i.MX_SPI2_Init)
    i.MemManage_Handler                      0x080048f0   Section        0  stm32f4xx_it.o(i.MemManage_Handler)
    i.MtoF                                   0x080048f4   Section        0  waveplayer.o(i.MtoF)
    i.NMI_Handler                            0x08004924   Section        0  stm32f4xx_it.o(i.NMI_Handler)
    i.NVIC_SetPriority                       0x08004928   Section        0  stm32f4xx_hal_cortex.o(i.NVIC_SetPriority)
    NVIC_SetPriority                         0x08004929   Thumb Code    32  stm32f4xx_hal_cortex.o(i.NVIC_SetPriority)
    i.OTG_FS_IRQHandler                      0x08004948   Section        0  stm32f4xx_it.o(i.OTG_FS_IRQHandler)
    i.PCD_WriteEmptyTxFifo                   0x08004954   Section        0  stm32f4xx_hal_pcd.o(i.PCD_WriteEmptyTxFifo)
    PCD_WriteEmptyTxFifo                     0x08004955   Thumb Code   150  stm32f4xx_hal_pcd.o(i.PCD_WriteEmptyTxFifo)
    i.RCC_IRQHandler                         0x080049ea   Section        0  stm32f4xx_it.o(i.RCC_IRQHandler)
    i.SPI1_IRQHandler                        0x080049ec   Section        0  stm32f4xx_it.o(i.SPI1_IRQHandler)
    i.SPI2_IRQHandler                        0x080049f8   Section        0  stm32f4xx_it.o(i.SPI2_IRQHandler)
    i.SPI_WaitOnFlagUntilTimeout             0x08004a04   Section        0  stm32f4xx_hal_spi.o(i.SPI_WaitOnFlagUntilTimeout)
    SPI_WaitOnFlagUntilTimeout               0x08004a05   Thumb Code   158  stm32f4xx_hal_spi.o(i.SPI_WaitOnFlagUntilTimeout)
    i.StartAudio                             0x08004aa4   Section        0  waveplayer.o(i.StartAudio)
    i.SysTick_Handler                        0x08004af8   Section        0  stm32f4xx_it.o(i.SysTick_Handler)
    i.SystemClock_Config                     0x08004b08   Section        0  main.o(i.SystemClock_Config)
    i.SystemInit                             0x08004b7c   Section        0  system_stm32f4xx.o(i.SystemInit)
    i.TIM1_BRK_TIM9_IRQHandler               0x08004bd0   Section        0  stm32f4xx_it.o(i.TIM1_BRK_TIM9_IRQHandler)
    i.TIM1_CC_IRQHandler                     0x08004bdc   Section        0  stm32f4xx_it.o(i.TIM1_CC_IRQHandler)
    i.TIM1_TRG_COM_TIM11_IRQHandler          0x08004be8   Section        0  stm32f4xx_it.o(i.TIM1_TRG_COM_TIM11_IRQHandler)
    i.TIM1_UP_TIM10_IRQHandler               0x08004bf4   Section        0  stm32f4xx_it.o(i.TIM1_UP_TIM10_IRQHandler)
    i.UART5_IRQHandler                       0x08004c00   Section        0  stm32f4xx_it.o(i.UART5_IRQHandler)
    i.UART_Receive_IT                        0x08004c0c   Section        0  stm32f4xx_hal_uart.o(i.UART_Receive_IT)
    UART_Receive_IT                          0x08004c0d   Thumb Code   168  stm32f4xx_hal_uart.o(i.UART_Receive_IT)
    i.UART_Transmit_IT                       0x08004cb4   Section        0  stm32f4xx_hal_uart.o(i.UART_Transmit_IT)
    UART_Transmit_IT                         0x08004cb5   Thumb Code   102  stm32f4xx_hal_uart.o(i.UART_Transmit_IT)
    i.USBD_ClrClassConfig                    0x08004d1a   Section        0  usbd_core.o(i.USBD_ClrClassConfig)
    i.USBD_CtlContinueRx                     0x08004d28   Section        0  usbd_ioreq.o(i.USBD_CtlContinueRx)
    i.USBD_CtlContinueSendData               0x08004d38   Section        0  usbd_ioreq.o(i.USBD_CtlContinueSendData)
    i.USBD_CtlError                          0x08004d48   Section        0  usbd_ctlreq.o(i.USBD_CtlError)
    i.USBD_CtlReceiveStatus                  0x08004d5e   Section        0  usbd_ioreq.o(i.USBD_CtlReceiveStatus)
    i.USBD_CtlSendData                       0x08004d74   Section        0  usbd_ioreq.o(i.USBD_CtlSendData)
    i.USBD_CtlSendStatus                     0x08004d8e   Section        0  usbd_ioreq.o(i.USBD_CtlSendStatus)
    i.USBD_GetDescriptor                     0x08004da4   Section        0  usbd_ctlreq.o(i.USBD_GetDescriptor)
    USBD_GetDescriptor                       0x08004da5   Thumb Code   224  usbd_ctlreq.o(i.USBD_GetDescriptor)
    i.USBD_LL_ClearStallEP                   0x08004e84   Section        0  usbd_conf.o(i.USBD_LL_ClearStallEP)
    i.USBD_LL_DataInStage                    0x08004e92   Section        0  usbd_core.o(i.USBD_LL_DataInStage)
    i.USBD_LL_DataOutStage                   0x08004f3c   Section        0  usbd_core.o(i.USBD_LL_DataOutStage)
    i.USBD_LL_DevConnected                   0x08004fa6   Section        0  usbd_core.o(i.USBD_LL_DevConnected)
    i.USBD_LL_DevDisconnected                0x08004faa   Section        0  usbd_core.o(i.USBD_LL_DevDisconnected)
    i.USBD_LL_IsStallEP                      0x08004fc0   Section        0  usbd_conf.o(i.USBD_LL_IsStallEP)
    i.USBD_LL_IsoINIncomplete                0x08004fe0   Section        0  usbd_core.o(i.USBD_LL_IsoINIncomplete)
    i.USBD_LL_IsoOUTIncomplete               0x08004fe4   Section        0  usbd_core.o(i.USBD_LL_IsoOUTIncomplete)
    i.USBD_LL_OpenEP                         0x08004fe8   Section        0  usbd_conf.o(i.USBD_LL_OpenEP)
    i.USBD_LL_PrepareReceive                 0x08004ffc   Section        0  usbd_conf.o(i.USBD_LL_PrepareReceive)
    i.USBD_LL_Reset                          0x0800500a   Section        0  usbd_core.o(i.USBD_LL_Reset)
    i.USBD_LL_Resume                         0x08005048   Section        0  usbd_core.o(i.USBD_LL_Resume)
    i.USBD_LL_SOF                            0x08005054   Section        0  usbd_core.o(i.USBD_LL_SOF)
    i.USBD_LL_SetSpeed                       0x0800506c   Section        0  usbd_core.o(i.USBD_LL_SetSpeed)
    i.USBD_LL_SetUSBAddress                  0x08005072   Section        0  usbd_conf.o(i.USBD_LL_SetUSBAddress)
    i.USBD_LL_SetupStage                     0x08005080   Section        0  usbd_core.o(i.USBD_LL_SetupStage)
    i.USBD_LL_StallEP                        0x080050da   Section        0  usbd_conf.o(i.USBD_LL_StallEP)
    i.USBD_LL_Suspend                        0x080050e8   Section        0  usbd_core.o(i.USBD_LL_Suspend)
    i.USBD_LL_Transmit                       0x080050fa   Section        0  usbd_conf.o(i.USBD_LL_Transmit)
    i.USBD_ParseSetupRequest                 0x08005108   Section        0  usbd_ctlreq.o(i.USBD_ParseSetupRequest)
    i.USBD_SetClassConfig                    0x08005130   Section        0  usbd_core.o(i.USBD_SetClassConfig)
    i.USBD_SetConfig                         0x08005148   Section        0  usbd_ctlreq.o(i.USBD_SetConfig)
    USBD_SetConfig                           0x08005149   Thumb Code   110  usbd_ctlreq.o(i.USBD_SetConfig)
    i.USBD_StdDevReq                         0x080051bc   Section        0  usbd_ctlreq.o(i.USBD_StdDevReq)
    i.USBD_StdEPReq                          0x080052ae   Section        0  usbd_ctlreq.o(i.USBD_StdEPReq)
    i.USBD_StdItfReq                         0x0800538a   Section        0  usbd_ctlreq.o(i.USBD_StdItfReq)
    i.USB_ActivateEndpoint                   0x080053c0   Section        0  stm32f4xx_ll_usb.o(i.USB_ActivateEndpoint)
    i.USB_ActivateSetup                      0x08005440   Section        0  stm32f4xx_ll_usb.o(i.USB_ActivateSetup)
    i.USB_EP0StartXfer                       0x08005474   Section        0  stm32f4xx_ll_usb.o(i.USB_EP0StartXfer)
    i.USB_EP0_OutStart                       0x080055b4   Section        0  stm32f4xx_ll_usb.o(i.USB_EP0_OutStart)
    i.USB_EPClearStall                       0x080055f2   Section        0  stm32f4xx_ll_usb.o(i.USB_EPClearStall)
    i.USB_EPSetStall                         0x08005656   Section        0  stm32f4xx_ll_usb.o(i.USB_EPSetStall)
    i.USB_EPStartXfer                        0x080056b4   Section        0  stm32f4xx_ll_usb.o(i.USB_EPStartXfer)
    i.USB_FlushTxFifo                        0x080058d0   Section        0  stm32f4xx_ll_usb.o(i.USB_FlushTxFifo)
    i.USB_GetDevSpeed                        0x080058f4   Section        0  stm32f4xx_ll_usb.o(i.USB_GetDevSpeed)
    i.USB_GetMode                            0x08005930   Section        0  stm32f4xx_ll_usb.o(i.USB_GetMode)
    i.USB_ReadDevAllInEpInterrupt            0x08005938   Section        0  stm32f4xx_ll_usb.o(i.USB_ReadDevAllInEpInterrupt)
    i.USB_ReadDevAllOutEpInterrupt           0x08005946   Section        0  stm32f4xx_ll_usb.o(i.USB_ReadDevAllOutEpInterrupt)
    i.USB_ReadDevInEPInterrupt               0x08005954   Section        0  stm32f4xx_ll_usb.o(i.USB_ReadDevInEPInterrupt)
    i.USB_ReadDevOutEPInterrupt              0x08005972   Section        0  stm32f4xx_ll_usb.o(i.USB_ReadDevOutEPInterrupt)
    i.USB_ReadInterrupts                     0x08005982   Section        0  stm32f4xx_ll_usb.o(i.USB_ReadInterrupts)
    i.USB_ReadPacket                         0x0800598a   Section        0  stm32f4xx_ll_usb.o(i.USB_ReadPacket)
    i.USB_SetDevAddress                      0x080059aa   Section        0  stm32f4xx_ll_usb.o(i.USB_SetDevAddress)
    i.USB_WritePacket                        0x080059cc   Section        0  stm32f4xx_ll_usb.o(i.USB_WritePacket)
    i.UsageFault_Handler                     0x080059f4   Section        0  stm32f4xx_it.o(i.UsageFault_Handler)
    i.__ARM_fpclassifyf                      0x080059f6   Section        0  fpclassifyf.o(i.__ARM_fpclassifyf)
    i.__hardfp_powf                          0x08005a1c   Section        0  powf.o(i.__hardfp_powf)
    i.__mathlib_flt_divzero                  0x08006080   Section        0  funder.o(i.__mathlib_flt_divzero)
    i.__mathlib_flt_infnan2                  0x08006094   Section        0  funder.o(i.__mathlib_flt_infnan2)
    i.__mathlib_flt_invalid                  0x0800609c   Section        0  funder.o(i.__mathlib_flt_invalid)
    i.__mathlib_flt_overflow                 0x080060ac   Section        0  funder.o(i.__mathlib_flt_overflow)
    i.__mathlib_flt_underflow                0x080060bc   Section        0  funder.o(i.__mathlib_flt_underflow)
    i.__scatterload_copy                     0x080060cc   Section       14  handlers.o(i.__scatterload_copy)
    i.__scatterload_null                     0x080060da   Section        2  handlers.o(i.__scatterload_null)
    i.__scatterload_zeroinit                 0x080060dc   Section       14  handlers.o(i.__scatterload_zeroinit)
    i.__set_errno                            0x080060ec   Section        0  errno.o(i.__set_errno)
    i.adc_env_detector                       0x080060f8   Section        0  waveplayer.o(i.adc_env_detector)
    i.assert_failed                          0x08006164   Section        0  main.o(i.assert_failed)
    i.cFreq                                  0x08006166   Section        0  audiounits.o(i.cFreq)
    cFreq                                    0x08006167   Thumb Code    10  audiounits.o(i.cFreq)
    i.cStep                                  0x08006170   Section        0  audiounits.o(i.cStep)
    cStep                                    0x08006171   Thumb Code    78  audiounits.o(i.cStep)
    i.fillBufferWithInputProcess             0x080061c0   Section        0  waveplayer.o(i.fillBufferWithInputProcess)
    i.getADC_Raw                             0x08006290   Section        0  waveplayer.o(i.getADC_Raw)
    i.highpass                               0x08006398   Section        0  waveplayer.o(i.highpass)
    i.highpass2                              0x080063c4   Section        0  waveplayer.o(i.highpass2)
    i.initScalars                            0x080063f0   Section        0  waveplayer.o(i.initScalars)
    i.interpolateDelay                       0x0800644c   Section        0  waveplayer.o(i.interpolateDelay)
    i.interpolateFeedback                    0x080064d4   Section        0  waveplayer.o(i.interpolateFeedback)
    i.main                                   0x0800658c   Section        0  main.o(i.main)
    i.myProcess                              0x080065dc   Section        0  waveplayer.o(i.myProcess)
    i.nextOut                                0x0800679c   Section        0  waveplayer.o(i.nextOut)
    i.phasorFreq                             0x08006800   Section        0  audiounits.o(i.phasorFreq)
    phasorFreq                               0x08006801   Thumb Code    16  audiounits.o(i.phasorFreq)
    i.phasorStep                             0x08006810   Section        0  audiounits.o(i.phasorStep)
    phasorStep                               0x08006811   Thumb Code    36  audiounits.o(i.phasorStep)
    i.readExternalADC                        0x08006834   Section        0  waveplayer.o(i.readExternalADC)
    i.setDelay                               0x0800689c   Section        0  waveplayer.o(i.setDelay)
    i.setRamp                                0x080068ec   Section        0  waveplayer.o(i.setRamp)
    i.tCycleInit                             0x08006944   Section        0  audiounits.o(i.tCycleInit)
    i.tPhasorInit                            0x08006968   Section        0  audiounits.o(i.tPhasorInit)
    i.thresholdCheck                         0x08006990   Section        0  waveplayer.o(i.thresholdCheck)
    i.tick                                   0x080069cc   Section        0  waveplayer.o(i.tick)
    i.updatePhase                            0x08006a50   Section        0  waveplayer.o(i.updatePhase)
    i.wavetableSynth                         0x08006a80   Section        0  waveplayer.o(i.wavetableSynth)
    i.whiteNoise                             0x08006ae0   Section        0  waveplayer.o(i.whiteNoise)
    .constdata                               0x08006b1c   Section     8192  waveplayer.o(.constdata)
    .constdata                               0x08008b1c   Section       16  stm32f4xx_hal_rcc.o(.constdata)
    .constdata                               0x08008b2c   Section      320  powf.o(.constdata)
    table                                    0x08008b2c   Data         128  powf.o(.constdata)
    powersof2to1over16top                    0x08008bac   Data          64  powf.o(.constdata)
    powersof2to1over16bot                    0x08008bec   Data          64  powf.o(.constdata)
    powersof2to1over16all                    0x08008c2c   Data          64  powf.o(.constdata)
    .data                                    0x20000000   Section      184  waveplayer.o(.data)
    .data                                    0x200000b8   Section       20  system_stm32f4xx.o(.data)
    .data                                    0x200000cc   Section        1  usbd_ctlreq.o(.data)
    cfgidx                                   0x200000cc   Data           1  usbd_ctlreq.o(.data)
    .data                                    0x200000d0   Section        4  stm32f4xx_hal.o(.data)
    uwTick                                   0x200000d0   Data           4  stm32f4xx_hal.o(.data)
    .data                                    0x200000d4   Section        4  errno.o(.data)
    _errno                                   0x200000d4   Data           4  errno.o(.data)
    .bss                                     0x200000d8   Section       64  usart.o(.bss)
    .bss                                     0x20000118   Section       12  rng.o(.bss)
    .bss                                     0x20000124   Section       60  tim.o(.bss)
    .bss                                     0x20000160   Section       20  main.o(.bss)
    .bss                                     0x20000174   Section       20  main.o(.bss)
    .bss                                     0x20000188   Section      176  spi.o(.bss)
    .bss                                     0x20000238   Section       60  i2c.o(.bss)
    .bss                                     0x20000274   Section      228  i2s.o(.bss)
    .bss                                     0x20000358   Section      948  usbd_conf.o(.bss)
    .bss                                     0x2000070c   Section       68  adc.o(.bss)
    .bss                                     0x20000750   Section    66656  waveplayer.o(.bss)
    STACK                                    0x20010bb0   Section     1024  startup_stm32f405xx.o(STACK)

    Global Symbols

    Symbol Name                              Value     Ov Type        Size  Object(Section)

    BuildAttributes$$THM_ISAv4$E$P$D$K$B$S$7EM$VFPi3$EXTD16$VFPS$VFMA$PE$A:L22UL41UL21$X:L11$S22US41US21$IEEE1$IW$USESV6$~STKCKD$USESV7$~SHL$OTIME$ROPI$IEEEX$EBA8$MICROLIB$REQ8$PRES8$EABIv2 0x00000000   Number         0  anon$$obj.o ABSOLUTE
    __ARM_use_no_argv                        0x00000000   Number         0  main.o ABSOLUTE
    __cpp_initialize__aeabi_                  - Undefined Weak Reference
    __cxa_finalize                            - Undefined Weak Reference
    __decompress                              - Undefined Weak Reference
    _clock_init                               - Undefined Weak Reference
    _microlib_exit                            - Undefined Weak Reference
    __Vectors_Size                           0x00000188   Number         0  startup_stm32f405xx.o ABSOLUTE
    __Vectors                                0x08000000   Data           4  startup_stm32f405xx.o(RESET)
    __Vectors_End                            0x08000188   Data           0  startup_stm32f405xx.o(RESET)
    __main                                   0x08000189   Thumb Code     0  entry.o(.ARM.Collect$$$$00000000)
    _main_stk                                0x08000189   Thumb Code     0  entry2.o(.ARM.Collect$$$$00000001)
    _main_scatterload                        0x0800018d   Thumb Code     0  entry5.o(.ARM.Collect$$$$00000004)
    __main_after_scatterload                 0x08000191   Thumb Code     0  entry5.o(.ARM.Collect$$$$00000004)
    _main_clock                              0x08000191   Thumb Code     0  entry7b.o(.ARM.Collect$$$$00000008)
    _main_cpp_init                           0x08000191   Thumb Code     0  entry8b.o(.ARM.Collect$$$$0000000A)
    _main_init                               0x08000191   Thumb Code     0  entry9a.o(.ARM.Collect$$$$0000000B)
    __rt_final_cpp                           0x08000199   Thumb Code     0  entry10a.o(.ARM.Collect$$$$0000000D)
    __rt_final_exit                          0x08000199   Thumb Code     0  entry11a.o(.ARM.Collect$$$$0000000F)
    Reset_Handler                            0x0800019d   Thumb Code     8  startup_stm32f405xx.o(.text)
    HardFault_Handler                        0x080001a7   Thumb Code     2  startup_stm32f405xx.o(.text)
    SVC_Handler                              0x080001af   Thumb Code     2  startup_stm32f405xx.o(.text)
    PendSV_Handler                           0x080001b3   Thumb Code     2  startup_stm32f405xx.o(.text)
    CAN1_RX0_IRQHandler                      0x080001b7   Thumb Code     0  startup_stm32f405xx.o(.text)
    CAN1_RX1_IRQHandler                      0x080001b7   Thumb Code     0  startup_stm32f405xx.o(.text)
    CAN1_SCE_IRQHandler                      0x080001b7   Thumb Code     0  startup_stm32f405xx.o(.text)
    CAN1_TX_IRQHandler                       0x080001b7   Thumb Code     0  startup_stm32f405xx.o(.text)
    CAN2_RX0_IRQHandler                      0x080001b7   Thumb Code     0  startup_stm32f405xx.o(.text)
    CAN2_RX1_IRQHandler                      0x080001b7   Thumb Code     0  startup_stm32f405xx.o(.text)
    CAN2_SCE_IRQHandler                      0x080001b7   Thumb Code     0  startup_stm32f405xx.o(.text)
    CAN2_TX_IRQHandler                       0x080001b7   Thumb Code     0  startup_stm32f405xx.o(.text)
    DMA1_Stream1_IRQHandler                  0x080001b7   Thumb Code     0  startup_stm32f405xx.o(.text)
    DMA1_Stream2_IRQHandler                  0x080001b7   Thumb Code     0  startup_stm32f405xx.o(.text)
    DMA1_Stream3_IRQHandler                  0x080001b7   Thumb Code     0  startup_stm32f405xx.o(.text)
    DMA1_Stream4_IRQHandler                  0x080001b7   Thumb Code     0  startup_stm32f405xx.o(.text)
    DMA1_Stream5_IRQHandler                  0x080001b7   Thumb Code     0  startup_stm32f405xx.o(.text)
    DMA1_Stream6_IRQHandler                  0x080001b7   Thumb Code     0  startup_stm32f405xx.o(.text)
    DMA2_Stream0_IRQHandler                  0x080001b7   Thumb Code     0  startup_stm32f405xx.o(.text)
    DMA2_Stream1_IRQHandler                  0x080001b7   Thumb Code     0  startup_stm32f405xx.o(.text)
    DMA2_Stream2_IRQHandler                  0x080001b7   Thumb Code     0  startup_stm32f405xx.o(.text)
    DMA2_Stream3_IRQHandler                  0x080001b7   Thumb Code     0  startup_stm32f405xx.o(.text)
    DMA2_Stream4_IRQHandler                  0x080001b7   Thumb Code     0  startup_stm32f405xx.o(.text)
    DMA2_Stream5_IRQHandler                  0x080001b7   Thumb Code     0  startup_stm32f405xx.o(.text)
    DMA2_Stream6_IRQHandler                  0x080001b7   Thumb Code     0  startup_stm32f405xx.o(.text)
    DMA2_Stream7_IRQHandler                  0x080001b7   Thumb Code     0  startup_stm32f405xx.o(.text)
    EXTI0_IRQHandler                         0x080001b7   Thumb Code     0  startup_stm32f405xx.o(.text)
    EXTI15_10_IRQHandler                     0x080001b7   Thumb Code     0  startup_stm32f405xx.o(.text)
    EXTI1_IRQHandler                         0x080001b7   Thumb Code     0  startup_stm32f405xx.o(.text)
    EXTI2_IRQHandler                         0x080001b7   Thumb Code     0  startup_stm32f405xx.o(.text)
    EXTI3_IRQHandler                         0x080001b7   Thumb Code     0  startup_stm32f405xx.o(.text)
    EXTI4_IRQHandler                         0x080001b7   Thumb Code     0  startup_stm32f405xx.o(.text)
    EXTI9_5_IRQHandler                       0x080001b7   Thumb Code     0  startup_stm32f405xx.o(.text)
    FLASH_IRQHandler                         0x080001b7   Thumb Code     0  startup_stm32f405xx.o(.text)
    FMC_IRQHandler                           0x080001b7   Thumb Code     0  startup_stm32f405xx.o(.text)
    FPU_IRQHandler                           0x080001b7   Thumb Code     0  startup_stm32f405xx.o(.text)
    I2C2_ER_IRQHandler                       0x080001b7   Thumb Code     0  startup_stm32f405xx.o(.text)
    I2C2_EV_IRQHandler                       0x080001b7   Thumb Code     0  startup_stm32f405xx.o(.text)
    I2C3_ER_IRQHandler                       0x080001b7   Thumb Code     0  startup_stm32f405xx.o(.text)
    I2C3_EV_IRQHandler                       0x080001b7   Thumb Code     0  startup_stm32f405xx.o(.text)
    OTG_FS_WKUP_IRQHandler                   0x080001b7   Thumb Code     0  startup_stm32f405xx.o(.text)
    OTG_HS_EP1_IN_IRQHandler                 0x080001b7   Thumb Code     0  startup_stm32f405xx.o(.text)
    OTG_HS_EP1_OUT_IRQHandler                0x080001b7   Thumb Code     0  startup_stm32f405xx.o(.text)
    OTG_HS_IRQHandler                        0x080001b7   Thumb Code     0  startup_stm32f405xx.o(.text)
    OTG_HS_WKUP_IRQHandler                   0x080001b7   Thumb Code     0  startup_stm32f405xx.o(.text)
    PVD_IRQHandler                           0x080001b7   Thumb Code     0  startup_stm32f405xx.o(.text)
    RTC_Alarm_IRQHandler                     0x080001b7   Thumb Code     0  startup_stm32f405xx.o(.text)
    RTC_WKUP_IRQHandler                      0x080001b7   Thumb Code     0  startup_stm32f405xx.o(.text)
    SDIO_IRQHandler                          0x080001b7   Thumb Code     0  startup_stm32f405xx.o(.text)
    SPI3_IRQHandler                          0x080001b7   Thumb Code     0  startup_stm32f405xx.o(.text)
    TAMP_STAMP_IRQHandler                    0x080001b7   Thumb Code     0  startup_stm32f405xx.o(.text)
    TIM2_IRQHandler                          0x080001b7   Thumb Code     0  startup_stm32f405xx.o(.text)
    TIM3_IRQHandler                          0x080001b7   Thumb Code     0  startup_stm32f405xx.o(.text)
    TIM4_IRQHandler                          0x080001b7   Thumb Code     0  startup_stm32f405xx.o(.text)
    TIM5_IRQHandler                          0x080001b7   Thumb Code     0  startup_stm32f405xx.o(.text)
    TIM6_DAC_IRQHandler                      0x080001b7   Thumb Code     0  startup_stm32f405xx.o(.text)
    TIM7_IRQHandler                          0x080001b7   Thumb Code     0  startup_stm32f405xx.o(.text)
    TIM8_BRK_TIM12_IRQHandler                0x080001b7   Thumb Code     0  startup_stm32f405xx.o(.text)
    TIM8_CC_IRQHandler                       0x080001b7   Thumb Code     0  startup_stm32f405xx.o(.text)
    TIM8_TRG_COM_TIM14_IRQHandler            0x080001b7   Thumb Code     0  startup_stm32f405xx.o(.text)
    TIM8_UP_TIM13_IRQHandler                 0x080001b7   Thumb Code     0  startup_stm32f405xx.o(.text)
    UART4_IRQHandler                         0x080001b7   Thumb Code     0  startup_stm32f405xx.o(.text)
    USART1_IRQHandler                        0x080001b7   Thumb Code     0  startup_stm32f405xx.o(.text)
    USART2_IRQHandler                        0x080001b7   Thumb Code     0  startup_stm32f405xx.o(.text)
    USART3_IRQHandler                        0x080001b7   Thumb Code     0  startup_stm32f405xx.o(.text)
    USART6_IRQHandler                        0x080001b7   Thumb Code     0  startup_stm32f405xx.o(.text)
    WWDG_IRQHandler                          0x080001b7   Thumb Code     0  startup_stm32f405xx.o(.text)
    __I$use$fp                               0x080001c1   Thumb Code     0  iusefp.o(.text)
    __fp_status                              0x080001c1   Thumb Code     4  fpstat.o(.text)
    __ieee_status                            0x080001c1   Thumb Code     0  fpstat.o(.text)
    __scatterload                            0x080001c5   Thumb Code    28  init.o(.text)
    __scatterload_rt2                        0x080001c5   Thumb Code     0  init.o(.text)
    ADC_IRQHandler                           0x080001e9   Thumb Code     6  stm32f4xx_it.o(i.ADC_IRQHandler)
    AudioCodec_init                          0x080001f5   Thumb Code   266  waveplayer.o(i.AudioCodec_init)
    BusFault_Handler                         0x08000309   Thumb Code     2  stm32f4xx_it.o(i.BusFault_Handler)
    DMA1_Stream0_IRQHandler                  0x0800030d   Thumb Code     6  stm32f4xx_it.o(i.DMA1_Stream0_IRQHandler)
    DMA1_Stream7_IRQHandler                  0x08000319   Thumb Code     6  stm32f4xx_it.o(i.DMA1_Stream7_IRQHandler)
    DebugMon_Handler                         0x0800034d   Thumb Code     2  stm32f4xx_it.o(i.DebugMon_Handler)
    FastTanh2Like4Term                       0x0800034f   Thumb Code    62  waveplayer.o(i.FastTanh2Like4Term)
    HAL_ADCEx_InjectedConvCpltCallback       0x0800038d   Thumb Code     2  stm32f4xx_hal_adc_ex.o(i.HAL_ADCEx_InjectedConvCpltCallback)
    HAL_ADC_ConvCpltCallback                 0x0800038f   Thumb Code     2  stm32f4xx_hal_adc.o(i.HAL_ADC_ConvCpltCallback)
    HAL_ADC_ErrorCallback                    0x08000391   Thumb Code     2  stm32f4xx_hal_adc.o(i.HAL_ADC_ErrorCallback)
    HAL_ADC_IRQHandler                       0x08000395   Thumb Code   346  stm32f4xx_hal_adc.o(i.HAL_ADC_IRQHandler)
    HAL_ADC_LevelOutOfWindowCallback         0x08000529   Thumb Code     2  stm32f4xx_hal_adc.o(i.HAL_ADC_LevelOutOfWindowCallback)
    HAL_DMA_IRQHandler                       0x0800052d   Thumb Code  3940  stm32f4xx_hal_dma.o(i.HAL_DMA_IRQHandler)
    HAL_DMA_Init                             0x08001499   Thumb Code   566  stm32f4xx_hal_dma.o(i.HAL_DMA_Init)
    HAL_DMA_Start_IT                         0x08001715   Thumb Code   144  stm32f4xx_hal_dma.o(i.HAL_DMA_Start_IT)
    HAL_Delay                                0x080017dd   Thumb Code    22  stm32f4xx_hal.o(i.HAL_Delay)
    HAL_GPIO_Init                            0x080017f5   Thumb Code   644  stm32f4xx_hal_gpio.o(i.HAL_GPIO_Init)
    HAL_GPIO_WritePin                        0x08001afd   Thumb Code    46  stm32f4xx_hal_gpio.o(i.HAL_GPIO_WritePin)
    HAL_GetTick                              0x08001b69   Thumb Code     6  stm32f4xx_hal.o(i.HAL_GetTick)
    HAL_I2C_ER_IRQHandler                    0x08001b75   Thumb Code   232  stm32f4xx_hal_i2c.o(i.HAL_I2C_ER_IRQHandler)
    HAL_I2C_EV_IRQHandler                    0x08001c61   Thumb Code   380  stm32f4xx_hal_i2c.o(i.HAL_I2C_EV_IRQHandler)
    HAL_I2C_ErrorCallback                    0x08001de1   Thumb Code     2  stm32f4xx_hal_i2c.o(i.HAL_I2C_ErrorCallback)
    HAL_I2C_Init                             0x08001de5   Thumb Code   432  stm32f4xx_hal_i2c.o(i.HAL_I2C_Init)
    HAL_I2C_MasterRxCpltCallback             0x08001fe5   Thumb Code     2  stm32f4xx_hal_i2c.o(i.HAL_I2C_MasterRxCpltCallback)
    HAL_I2C_MasterTxCpltCallback             0x08001fe7   Thumb Code     2  stm32f4xx_hal_i2c.o(i.HAL_I2C_MasterTxCpltCallback)
    HAL_I2C_Master_Transmit                  0x08001fe9   Thumb Code   210  stm32f4xx_hal_i2c.o(i.HAL_I2C_Master_Transmit)
    HAL_I2C_MemRxCpltCallback                0x080020c5   Thumb Code     2  stm32f4xx_hal_i2c.o(i.HAL_I2C_MemRxCpltCallback)
    HAL_I2C_MemTxCpltCallback                0x080020c7   Thumb Code     2  stm32f4xx_hal_i2c.o(i.HAL_I2C_MemTxCpltCallback)
    HAL_I2C_MspInit                          0x080020c9   Thumb Code    94  i2c.o(i.HAL_I2C_MspInit)
    HAL_I2C_SlaveRxCpltCallback              0x08002135   Thumb Code     2  stm32f4xx_hal_i2c.o(i.HAL_I2C_SlaveRxCpltCallback)
    HAL_I2C_SlaveTxCpltCallback              0x08002137   Thumb Code     2  stm32f4xx_hal_i2c.o(i.HAL_I2C_SlaveTxCpltCallback)
    HAL_I2SEx_TransmitReceive_DMA            0x08002139   Thumb Code   444  stm32f4xx_hal_i2s_ex.o(i.HAL_I2SEx_TransmitReceive_DMA)
    HAL_I2S_ErrorCallback                    0x08002311   Thumb Code     2  stm32f4xx_hal_i2s.o(i.HAL_I2S_ErrorCallback)
    HAL_I2S_Init                             0x08002315   Thumb Code   522  stm32f4xx_hal_i2s_ex.o(i.HAL_I2S_Init)
    HAL_I2S_MspInit                          0x08002569   Thumb Code   222  i2s.o(i.HAL_I2S_MspInit)
    HAL_I2S_RxCpltCallback                   0x08002665   Thumb Code     2  waveplayer.o(i.HAL_I2S_RxCpltCallback)
    HAL_I2S_RxHalfCpltCallback               0x08002667   Thumb Code     2  waveplayer.o(i.HAL_I2S_RxHalfCpltCallback)
    HAL_I2S_TxCpltCallback                   0x08002669   Thumb Code     6  waveplayer.o(i.HAL_I2S_TxCpltCallback)
    HAL_I2S_TxHalfCpltCallback               0x0800266f   Thumb Code     6  waveplayer.o(i.HAL_I2S_TxHalfCpltCallback)
    HAL_IncTick                              0x08002675   Thumb Code    10  stm32f4xx_hal.o(i.HAL_IncTick)
    HAL_Init                                 0x08002685   Thumb Code    48  stm32f4xx_hal.o(i.HAL_Init)
    HAL_InitTick                             0x080026b9   Thumb Code    34  stm32f4xx_hal.o(i.HAL_InitTick)
    HAL_MspInit                              0x080026db   Thumb Code    84  stm32f4xx_hal_msp.o(i.HAL_MspInit)
    HAL_NVIC_EnableIRQ                       0x08002731   Thumb Code    36  stm32f4xx_hal_cortex.o(i.HAL_NVIC_EnableIRQ)
    HAL_NVIC_SetPriority                     0x08002791   Thumb Code    94  stm32f4xx_hal_cortex.o(i.HAL_NVIC_SetPriority)
    HAL_NVIC_SetPriorityGrouping             0x08002831   Thumb Code    58  stm32f4xx_hal_cortex.o(i.HAL_NVIC_SetPriorityGrouping)
    HAL_PCD_ConnectCallback                  0x080028b1   Thumb Code     8  usbd_conf.o(i.HAL_PCD_ConnectCallback)
    HAL_PCD_DataInStageCallback              0x080028b9   Thumb Code    18  usbd_conf.o(i.HAL_PCD_DataInStageCallback)
    HAL_PCD_DataOutStageCallback             0x080028cb   Thumb Code    20  usbd_conf.o(i.HAL_PCD_DataOutStageCallback)
    HAL_PCD_DisconnectCallback               0x080028df   Thumb Code     8  usbd_conf.o(i.HAL_PCD_DisconnectCallback)
    HAL_PCD_EP_ClrStall                      0x080028e7   Thumb Code    80  stm32f4xx_hal_pcd.o(i.HAL_PCD_EP_ClrStall)
    HAL_PCD_EP_Open                          0x08002937   Thumb Code    84  stm32f4xx_hal_pcd.o(i.HAL_PCD_EP_Open)
    HAL_PCD_EP_Receive                       0x0800298d   Thumb Code    94  stm32f4xx_hal_pcd.o(i.HAL_PCD_EP_Receive)
    HAL_PCD_EP_SetStall                      0x080029eb   Thumb Code    96  stm32f4xx_hal_pcd.o(i.HAL_PCD_EP_SetStall)
    HAL_PCD_EP_Transmit                      0x08002a4b   Thumb Code    86  stm32f4xx_hal_pcd.o(i.HAL_PCD_EP_Transmit)
    HAL_PCD_IRQHandler                       0x08002aa1   Thumb Code   996  stm32f4xx_hal_pcd.o(i.HAL_PCD_IRQHandler)
    HAL_PCD_ISOINIncompleteCallback          0x08002e85   Thumb Code     8  usbd_conf.o(i.HAL_PCD_ISOINIncompleteCallback)
    HAL_PCD_ISOOUTIncompleteCallback         0x08002e8d   Thumb Code     8  usbd_conf.o(i.HAL_PCD_ISOOUTIncompleteCallback)
    HAL_PCD_ResetCallback                    0x08002e95   Thumb Code    32  usbd_conf.o(i.HAL_PCD_ResetCallback)
    HAL_PCD_ResumeCallback                   0x08002eb5   Thumb Code     8  usbd_conf.o(i.HAL_PCD_ResumeCallback)
    HAL_PCD_SOFCallback                      0x08002ebd   Thumb Code     8  usbd_conf.o(i.HAL_PCD_SOFCallback)
    HAL_PCD_SetAddress                       0x08002ec5   Thumb Code    36  stm32f4xx_hal_pcd.o(i.HAL_PCD_SetAddress)
    HAL_PCD_SetupStageCallback               0x08002ee9   Thumb Code    14  usbd_conf.o(i.HAL_PCD_SetupStageCallback)
    HAL_PCD_SuspendCallback                  0x08002ef9   Thumb Code    44  usbd_conf.o(i.HAL_PCD_SuspendCallback)
    HAL_RCC_CSSCallback                      0x08002f29   Thumb Code     2  stm32f4xx_hal_rcc.o(i.HAL_RCC_CSSCallback)
    HAL_RCC_ClockConfig                      0x08002f2d   Thumb Code   798  stm32f4xx_hal_rcc.o(i.HAL_RCC_ClockConfig)
    HAL_RCC_GetHCLKFreq                      0x0800328d   Thumb Code    38  stm32f4xx_hal_rcc.o(i.HAL_RCC_GetHCLKFreq)
    HAL_RCC_GetPCLK1Freq                     0x080032c1   Thumb Code    36  stm32f4xx_hal_rcc.o(i.HAL_RCC_GetPCLK1Freq)
    HAL_RCC_GetSysClockFreq                  0x080032ed   Thumb Code   104  stm32f4xx_hal_rcc.o(i.HAL_RCC_GetSysClockFreq)
    HAL_RCC_NMI_IRQHandler                   0x0800335d   Thumb Code    24  stm32f4xx_hal_rcc.o(i.HAL_RCC_NMI_IRQHandler)
    HAL_RCC_OscConfig                        0x08003379   Thumb Code  1126  stm32f4xx_hal_rcc.o(i.HAL_RCC_OscConfig)
    HAL_RNG_ErrorCallback                    0x080037df   Thumb Code     2  stm32f4xx_hal_rng.o(i.HAL_RNG_ErrorCallback)
    HAL_RNG_GenerateRandomNumber             0x080037e1   Thumb Code   106  stm32f4xx_hal_rng.o(i.HAL_RNG_GenerateRandomNumber)
    HAL_RNG_IRQHandler                       0x0800384b   Thumb Code    82  stm32f4xx_hal_rng.o(i.HAL_RNG_IRQHandler)
    HAL_RNG_Init                             0x0800389d   Thumb Code    62  stm32f4xx_hal_rng.o(i.HAL_RNG_Init)
    HAL_RNG_MspInit                          0x080038dd   Thumb Code    42  rng.o(i.HAL_RNG_MspInit)
    HAL_RNG_ReadyDataCallback                0x08003911   Thumb Code     2  stm32f4xx_hal_rng.o(i.HAL_RNG_ReadyDataCallback)
    HAL_SPI_ErrorCallback                    0x08003913   Thumb Code     2  stm32f4xx_hal_spi.o(i.HAL_SPI_ErrorCallback)
    HAL_SPI_IRQHandler                       0x08003915   Thumb Code   188  stm32f4xx_hal_spi.o(i.HAL_SPI_IRQHandler)
    HAL_SPI_Init                             0x080039d1   Thumb Code   360  stm32f4xx_hal_spi.o(i.HAL_SPI_Init)
    HAL_SPI_MspInit                          0x08003b71   Thumb Code   160  spi.o(i.HAL_SPI_MspInit)
    HAL_SPI_TransmitReceive                  0x08003c29   Thumb Code   708  stm32f4xx_hal_spi.o(i.HAL_SPI_TransmitReceive)
    HAL_SYSTICK_Callback                     0x08003f25   Thumb Code     2  stm32f4xx_hal_cortex.o(i.HAL_SYSTICK_Callback)
    HAL_SYSTICK_Config                       0x08003f27   Thumb Code    40  stm32f4xx_hal_cortex.o(i.HAL_SYSTICK_Config)
    HAL_SYSTICK_IRQHandler                   0x08003f4f   Thumb Code     8  stm32f4xx_hal_cortex.o(i.HAL_SYSTICK_IRQHandler)
    HAL_TIMEx_BreakCallback                  0x08003f57   Thumb Code     2  stm32f4xx_hal_tim_ex.o(i.HAL_TIMEx_BreakCallback)
    HAL_TIMEx_CommutationCallback            0x08003f59   Thumb Code     2  stm32f4xx_hal_tim_ex.o(i.HAL_TIMEx_CommutationCallback)
    HAL_TIM_IC_CaptureCallback               0x08003f5b   Thumb Code     2  stm32f4xx_hal_tim.o(i.HAL_TIM_IC_CaptureCallback)
    HAL_TIM_IRQHandler                       0x08003f5d   Thumb Code   358  stm32f4xx_hal_tim.o(i.HAL_TIM_IRQHandler)
    HAL_TIM_OC_DelayElapsedCallback          0x080040c3   Thumb Code     2  stm32f4xx_hal_tim.o(i.HAL_TIM_OC_DelayElapsedCallback)
    HAL_TIM_PWM_PulseFinishedCallback        0x080040c5   Thumb Code     2  stm32f4xx_hal_tim.o(i.HAL_TIM_PWM_PulseFinishedCallback)
    HAL_TIM_PeriodElapsedCallback            0x080040c7   Thumb Code     2  stm32f4xx_hal_tim.o(i.HAL_TIM_PeriodElapsedCallback)
    HAL_TIM_TriggerCallback                  0x080040c9   Thumb Code     2  stm32f4xx_hal_tim.o(i.HAL_TIM_TriggerCallback)
    HAL_UART_ErrorCallback                   0x080040cb   Thumb Code     2  stm32f4xx_hal_uart.o(i.HAL_UART_ErrorCallback)
    HAL_UART_IRQHandler                      0x080040cd   Thumb Code   266  stm32f4xx_hal_uart.o(i.HAL_UART_IRQHandler)
    HAL_UART_RxCpltCallback                  0x080041d7   Thumb Code     2  stm32f4xx_hal_uart.o(i.HAL_UART_RxCpltCallback)
    HAL_UART_TxCpltCallback                  0x080041d9   Thumb Code     2  stm32f4xx_hal_uart.o(i.HAL_UART_TxCpltCallback)
    HASH_RNG_IRQHandler                      0x080041dd   Thumb Code     6  stm32f4xx_it.o(i.HASH_RNG_IRQHandler)
    I2C1_ER_IRQHandler                       0x080041e9   Thumb Code     6  stm32f4xx_it.o(i.I2C1_ER_IRQHandler)
    I2C1_EV_IRQHandler                       0x080041f5   Thumb Code     6  stm32f4xx_it.o(i.I2C1_EV_IRQHandler)
    I2S_DMAError                             0x08004519   Thumb Code    30  stm32f4xx_hal_i2s.o(i.I2S_DMAError)
    I2S_DMARxCplt                            0x08004539   Thumb Code    94  stm32f4xx_hal_i2s_ex.o(i.I2S_DMARxCplt)
    I2S_DMARxHalfCplt                        0x080045a1   Thumb Code    10  stm32f4xx_hal_i2s.o(i.I2S_DMARxHalfCplt)
    I2S_DMATxCplt                            0x080045ad   Thumb Code    92  stm32f4xx_hal_i2s_ex.o(i.I2S_DMATxCplt)
    I2S_DMATxHalfCplt                        0x08004611   Thumb Code    10  stm32f4xx_hal_i2s.o(i.I2S_DMATxHalfCplt)
    I2S_GetInputClock                        0x0800461d   Thumb Code    66  stm32f4xx_hal_i2s_ex.o(i.I2S_GetInputClock)
    KSprocess                                0x08004675   Thumb Code    66  waveplayer.o(i.KSprocess)
    MX_DMA_Init                              0x080046c1   Thumb Code    56  dma.o(i.MX_DMA_Init)
    MX_GPIO_Init                             0x080046fd   Thumb Code   276  gpio.o(i.MX_GPIO_Init)
    MX_I2C1_Init                             0x08004821   Thumb Code    34  i2c.o(i.MX_I2C1_Init)
    MX_I2S3_Init                             0x08004851   Thumb Code    36  i2s.o(i.MX_I2S3_Init)
    MX_RNG_Init                              0x0800487d   Thumb Code    12  rng.o(i.MX_RNG_Init)
    MX_SPI1_Init                             0x08004891   Thumb Code    40  spi.o(i.MX_SPI1_Init)
    MX_SPI2_Init                             0x080048c1   Thumb Code    40  spi.o(i.MX_SPI2_Init)
    MemManage_Handler                        0x080048f1   Thumb Code     2  stm32f4xx_it.o(i.MemManage_Handler)
    MtoF                                     0x080048f5   Thumb Code    36  waveplayer.o(i.MtoF)
    NMI_Handler                              0x08004925   Thumb Code     4  stm32f4xx_it.o(i.NMI_Handler)
    OTG_FS_IRQHandler                        0x08004949   Thumb Code     6  stm32f4xx_it.o(i.OTG_FS_IRQHandler)
    RCC_IRQHandler                           0x080049eb   Thumb Code     2  stm32f4xx_it.o(i.RCC_IRQHandler)
    SPI1_IRQHandler                          0x080049ed   Thumb Code     6  stm32f4xx_it.o(i.SPI1_IRQHandler)
    SPI2_IRQHandler                          0x080049f9   Thumb Code     6  stm32f4xx_it.o(i.SPI2_IRQHandler)
    StartAudio                               0x08004aa5   Thumb Code    60  waveplayer.o(i.StartAudio)
    SysTick_Handler                          0x08004af9   Thumb Code    14  stm32f4xx_it.o(i.SysTick_Handler)
    SystemClock_Config                       0x08004b09   Thumb Code   106  main.o(i.SystemClock_Config)
    SystemInit                               0x08004b7d   Thumb Code    66  system_stm32f4xx.o(i.SystemInit)
    TIM1_BRK_TIM9_IRQHandler                 0x08004bd1   Thumb Code     6  stm32f4xx_it.o(i.TIM1_BRK_TIM9_IRQHandler)
    TIM1_CC_IRQHandler                       0x08004bdd   Thumb Code     6  stm32f4xx_it.o(i.TIM1_CC_IRQHandler)
    TIM1_TRG_COM_TIM11_IRQHandler            0x08004be9   Thumb Code     6  stm32f4xx_it.o(i.TIM1_TRG_COM_TIM11_IRQHandler)
    TIM1_UP_TIM10_IRQHandler                 0x08004bf5   Thumb Code     6  stm32f4xx_it.o(i.TIM1_UP_TIM10_IRQHandler)
    UART5_IRQHandler                         0x08004c01   Thumb Code     6  stm32f4xx_it.o(i.UART5_IRQHandler)
    USBD_ClrClassConfig                      0x08004d1b   Thumb Code    14  usbd_core.o(i.USBD_ClrClassConfig)
    USBD_CtlContinueRx                       0x08004d29   Thumb Code    16  usbd_ioreq.o(i.USBD_CtlContinueRx)
    USBD_CtlContinueSendData                 0x08004d39   Thumb Code    16  usbd_ioreq.o(i.USBD_CtlContinueSendData)
    USBD_CtlError                            0x08004d49   Thumb Code    22  usbd_ctlreq.o(i.USBD_CtlError)
    USBD_CtlReceiveStatus                    0x08004d5f   Thumb Code    22  usbd_ioreq.o(i.USBD_CtlReceiveStatus)
    USBD_CtlSendData                         0x08004d75   Thumb Code    26  usbd_ioreq.o(i.USBD_CtlSendData)
    USBD_CtlSendStatus                       0x08004d8f   Thumb Code    22  usbd_ioreq.o(i.USBD_CtlSendStatus)
    USBD_LL_ClearStallEP                     0x08004e85   Thumb Code    14  usbd_conf.o(i.USBD_LL_ClearStallEP)
    USBD_LL_DataInStage                      0x08004e93   Thumb Code   170  usbd_core.o(i.USBD_LL_DataInStage)
    USBD_LL_DataOutStage                     0x08004f3d   Thumb Code   106  usbd_core.o(i.USBD_LL_DataOutStage)
    USBD_LL_DevConnected                     0x08004fa7   Thumb Code     4  usbd_core.o(i.USBD_LL_DevConnected)
    USBD_LL_DevDisconnected                  0x08004fab   Thumb Code    22  usbd_core.o(i.USBD_LL_DevDisconnected)
    USBD_LL_IsStallEP                        0x08004fc1   Thumb Code    32  usbd_conf.o(i.USBD_LL_IsStallEP)
    USBD_LL_IsoINIncomplete                  0x08004fe1   Thumb Code     4  usbd_core.o(i.USBD_LL_IsoINIncomplete)
    USBD_LL_IsoOUTIncomplete                 0x08004fe5   Thumb Code     4  usbd_core.o(i.USBD_LL_IsoOUTIncomplete)
    USBD_LL_OpenEP                           0x08004fe9   Thumb Code    20  usbd_conf.o(i.USBD_LL_OpenEP)
    USBD_LL_PrepareReceive                   0x08004ffd   Thumb Code    14  usbd_conf.o(i.USBD_LL_PrepareReceive)
    USBD_LL_Reset                            0x0800500b   Thumb Code    62  usbd_core.o(i.USBD_LL_Reset)
    USBD_LL_Resume                           0x08005049   Thumb Code    12  usbd_core.o(i.USBD_LL_Resume)
    USBD_LL_SOF                              0x08005055   Thumb Code    24  usbd_core.o(i.USBD_LL_SOF)
    USBD_LL_SetSpeed                         0x0800506d   Thumb Code     6  usbd_core.o(i.USBD_LL_SetSpeed)
    USBD_LL_SetUSBAddress                    0x08005073   Thumb Code    14  usbd_conf.o(i.USBD_LL_SetUSBAddress)
    USBD_LL_SetupStage                       0x08005081   Thumb Code    90  usbd_core.o(i.USBD_LL_SetupStage)
    USBD_LL_StallEP                          0x080050db   Thumb Code    14  usbd_conf.o(i.USBD_LL_StallEP)
    USBD_LL_Suspend                          0x080050e9   Thumb Code    18  usbd_core.o(i.USBD_LL_Suspend)
    USBD_LL_Transmit                         0x080050fb   Thumb Code    14  usbd_conf.o(i.USBD_LL_Transmit)
    USBD_ParseSetupRequest                   0x08005109   Thumb Code    40  usbd_ctlreq.o(i.USBD_ParseSetupRequest)
    USBD_SetClassConfig                      0x08005131   Thumb Code    22  usbd_core.o(i.USBD_SetClassConfig)
    USBD_StdDevReq                           0x080051bd   Thumb Code   242  usbd_ctlreq.o(i.USBD_StdDevReq)
    USBD_StdEPReq                            0x080052af   Thumb Code   220  usbd_ctlreq.o(i.USBD_StdEPReq)
    USBD_StdItfReq                           0x0800538b   Thumb Code    52  usbd_ctlreq.o(i.USBD_StdItfReq)
    USB_ActivateEndpoint                     0x080053c1   Thumb Code   122  stm32f4xx_ll_usb.o(i.USB_ActivateEndpoint)
    USB_ActivateSetup                        0x08005441   Thumb Code    52  stm32f4xx_ll_usb.o(i.USB_ActivateSetup)
    USB_EP0StartXfer                         0x08005475   Thumb Code   316  stm32f4xx_ll_usb.o(i.USB_EP0StartXfer)
    USB_EP0_OutStart                         0x080055b5   Thumb Code    62  stm32f4xx_ll_usb.o(i.USB_EP0_OutStart)
    USB_EPClearStall                         0x080055f3   Thumb Code   100  stm32f4xx_ll_usb.o(i.USB_EPClearStall)
    USB_EPSetStall                           0x08005657   Thumb Code    94  stm32f4xx_ll_usb.o(i.USB_EPSetStall)
    USB_EPStartXfer                          0x080056b5   Thumb Code   534  stm32f4xx_ll_usb.o(i.USB_EPStartXfer)
    USB_FlushTxFifo                          0x080058d1   Thumb Code    32  stm32f4xx_ll_usb.o(i.USB_FlushTxFifo)
    USB_GetDevSpeed                          0x080058f5   Thumb Code    60  stm32f4xx_ll_usb.o(i.USB_GetDevSpeed)
    USB_GetMode                              0x08005931   Thumb Code     8  stm32f4xx_ll_usb.o(i.USB_GetMode)
    USB_ReadDevAllInEpInterrupt              0x08005939   Thumb Code    14  stm32f4xx_ll_usb.o(i.USB_ReadDevAllInEpInterrupt)
    USB_ReadDevAllOutEpInterrupt             0x08005947   Thumb Code    14  stm32f4xx_ll_usb.o(i.USB_ReadDevAllOutEpInterrupt)
    USB_ReadDevInEPInterrupt                 0x08005955   Thumb Code    30  stm32f4xx_ll_usb.o(i.USB_ReadDevInEPInterrupt)
    USB_ReadDevOutEPInterrupt                0x08005973   Thumb Code    16  stm32f4xx_ll_usb.o(i.USB_ReadDevOutEPInterrupt)
    USB_ReadInterrupts                       0x08005983   Thumb Code     8  stm32f4xx_ll_usb.o(i.USB_ReadInterrupts)
    USB_ReadPacket                           0x0800598b   Thumb Code    32  stm32f4xx_ll_usb.o(i.USB_ReadPacket)
    USB_SetDevAddress                        0x080059ab   Thumb Code    34  stm32f4xx_ll_usb.o(i.USB_SetDevAddress)
    USB_WritePacket                          0x080059cd   Thumb Code    40  stm32f4xx_ll_usb.o(i.USB_WritePacket)
    UsageFault_Handler                       0x080059f5   Thumb Code     2  stm32f4xx_it.o(i.UsageFault_Handler)
    __ARM_fpclassifyf                        0x080059f7   Thumb Code    38  fpclassifyf.o(i.__ARM_fpclassifyf)
    __hardfp_powf                            0x08005a1d   Thumb Code  1606  powf.o(i.__hardfp_powf)
    __mathlib_powf                           0x08005a1d   Thumb Code     0  powf.o(i.__hardfp_powf)
    __mathlib_flt_divzero                    0x08006081   Thumb Code    14  funder.o(i.__mathlib_flt_divzero)
    __mathlib_flt_infnan2                    0x08006095   Thumb Code     6  funder.o(i.__mathlib_flt_infnan2)
    __mathlib_flt_invalid                    0x0800609d   Thumb Code    10  funder.o(i.__mathlib_flt_invalid)
    __mathlib_flt_overflow                   0x080060ad   Thumb Code    10  funder.o(i.__mathlib_flt_overflow)
    __mathlib_flt_underflow                  0x080060bd   Thumb Code    10  funder.o(i.__mathlib_flt_underflow)
    __scatterload_copy                       0x080060cd   Thumb Code    14  handlers.o(i.__scatterload_copy)
    __scatterload_null                       0x080060db   Thumb Code     2  handlers.o(i.__scatterload_null)
    __scatterload_zeroinit                   0x080060dd   Thumb Code    14  handlers.o(i.__scatterload_zeroinit)
    __set_errno                              0x080060ed   Thumb Code     6  errno.o(i.__set_errno)
    adc_env_detector                         0x080060f9   Thumb Code    92  waveplayer.o(i.adc_env_detector)
    assert_failed                            0x08006165   Thumb Code     2  main.o(i.assert_failed)
    fillBufferWithInputProcess               0x080061c1   Thumb Code   192  waveplayer.o(i.fillBufferWithInputProcess)
    getADC_Raw                               0x08006291   Thumb Code   236  waveplayer.o(i.getADC_Raw)
    highpass                                 0x08006399   Thumb Code    40  waveplayer.o(i.highpass)
    highpass2                                0x080063c5   Thumb Code    40  waveplayer.o(i.highpass2)
    initScalars                              0x080063f1   Thumb Code    70  waveplayer.o(i.initScalars)
    interpolateDelay                         0x0800644d   Thumb Code   110  waveplayer.o(i.interpolateDelay)
    interpolateFeedback                      0x080064d5   Thumb Code   148  waveplayer.o(i.interpolateFeedback)
    main                                     0x0800658d   Thumb Code    74  main.o(i.main)
    myProcess                                0x080065dd   Thumb Code   396  waveplayer.o(i.myProcess)
    nextOut                                  0x0800679d   Thumb Code    92  waveplayer.o(i.nextOut)
    readExternalADC                          0x08006835   Thumb Code    86  waveplayer.o(i.readExternalADC)
    setDelay                                 0x0800689d   Thumb Code    76  waveplayer.o(i.setDelay)
    setRamp                                  0x080068ed   Thumb Code    74  waveplayer.o(i.setRamp)
    tCycleInit                               0x08006945   Thumb Code    26  audiounits.o(i.tCycleInit)
    tPhasorInit                              0x08006969   Thumb Code    28  audiounits.o(i.tPhasorInit)
    thresholdCheck                           0x08006991   Thumb Code    50  waveplayer.o(i.thresholdCheck)
    tick                                     0x080069cd   Thumb Code   124  waveplayer.o(i.tick)
    updatePhase                              0x08006a51   Thumb Code    42  waveplayer.o(i.updatePhase)
    wavetableSynth                           0x08006a81   Thumb Code    82  waveplayer.o(i.wavetableSynth)
    whiteNoise                               0x08006ae1   Thumb Code    44  waveplayer.o(i.whiteNoise)
    sinewave                                 0x08006b1c   Data        8192  waveplayer.o(.constdata)
    APBAHBPrescTable                         0x08008b1c   Data          16  stm32f4xx_hal_rcc.o(.constdata)
    Region$$Table$$Base                      0x08008c6c   Number         0  anon$$obj.o(Region$$Table)
    Region$$Table$$Limit                     0x08008c8c   Number         0  anon$$obj.o(Region$$Table)
    myStatus                                 0x20000000   Data           1  waveplayer.o(.data)
    i2cDataSize                              0x20000002   Data           2  waveplayer.o(.data)
    myI2cData                                0x20000004   Data           2  waveplayer.o(.data)
    ADC_in                                   0x20000006   Data           2  waveplayer.o(.data)
    dirParamInc                              0x20000008   Data           3  waveplayer.o(.data)
    I2Ctimeout                               0x2000000c   Data           4  waveplayer.o(.data)
    feedbacksamp                             0x20000010   Data           4  waveplayer.o(.data)
    env_detector_thresh                      0x20000014   Data           4  waveplayer.o(.data)
    newFreq                                  0x20000018   Data           4  waveplayer.o(.data)
    newDelay                                 0x2000001c   Data           4  waveplayer.o(.data)
    newFeedback                              0x20000020   Data           4  waveplayer.o(.data)
    gainBoost                                0x20000024   Data           4  waveplayer.o(.data)
    m_input1                                 0x20000028   Data           4  waveplayer.o(.data)
    m_output0                                0x2000002c   Data           4  waveplayer.o(.data)
    AudioGateVal                             0x20000030   Data           4  waveplayer.o(.data)
    myRandomNumber                           0x20000034   Data           4  waveplayer.o(.data)
    phasor                                   0x20000038   Data           4  waveplayer.o(.data)
    phaseInc                                 0x2000003c   Data           4  waveplayer.o(.data)
    whichknob                                0x20000040   Data           4  waveplayer.o(.data)
    xs                                       0x20000044   Data           4  waveplayer.o(.data)
    ys                                       0x20000048   Data           4  waveplayer.o(.data)
    R                                        0x2000004c   Data           4  waveplayer.o(.data)
    y                                        0x20000050   Data           4  waveplayer.o(.data)
    xs2                                      0x20000054   Data           4  waveplayer.o(.data)
    ys2                                      0x20000058   Data           4  waveplayer.o(.data)
    R2                                       0x2000005c   Data           4  waveplayer.o(.data)
    y2                                       0x20000060   Data           4  waveplayer.o(.data)
    doNextOut                                0x20000064   Data           4  waveplayer.o(.data)
    inPoint                                  0x20000068   Data           4  waveplayer.o(.data)
    length                                   0x2000006c   Data           4  waveplayer.o(.data)
    testTemp                                 0x20000070   Data           4  waveplayer.o(.data)
    pinkb0                                   0x20000074   Data           4  waveplayer.o(.data)
    pinkb1                                   0x20000078   Data           4  waveplayer.o(.data)
    pinkb2                                   0x2000007c   Data           4  waveplayer.o(.data)
    nextOutput                               0x20000080   Data           4  waveplayer.o(.data)
    outPoint                                 0x20000084   Data           4  waveplayer.o(.data)
    delay                                    0x20000088   Data           4  waveplayer.o(.data)
    alpha                                    0x2000008c   Data           4  waveplayer.o(.data)
    omAlpha                                  0x20000090   Data           4  waveplayer.o(.data)
    FeedbackLookup                           0x20000094   Data          20  waveplayer.o(.data)
    DelayLookup                              0x200000a8   Data          16  waveplayer.o(.data)
    SystemCoreClock                          0x200000b8   Data           4  system_stm32f4xx.o(.data)
    AHBPrescTable                            0x200000bc   Data          16  system_stm32f4xx.o(.data)
    huart5                                   0x200000d8   Data          64  usart.o(.bss)
    hrng                                     0x20000118   Data          12  rng.o(.bss)
    htim1                                    0x20000124   Data          60  tim.o(.bss)
    ADC_values                               0x20000160   Data          20  main.o(.bss)
    ADC_LastRead                             0x20000174   Data          20  main.o(.bss)
    hspi1                                    0x20000188   Data          88  spi.o(.bss)
    hspi2                                    0x200001e0   Data          88  spi.o(.bss)
    hi2c1                                    0x20000238   Data          60  i2c.o(.bss)
    hi2s3                                    0x20000274   Data          68  i2s.o(.bss)
    hdma_spi3_tx                             0x200002b8   Data          80  i2s.o(.bss)
    hdma_i2s3_ext_rx                         0x20000308   Data          80  i2s.o(.bss)
    hpcd_USB_OTG_FS                          0x20000358   Data         948  usbd_conf.o(.bss)
    hadc3                                    0x2000070c   Data          68  adc.o(.bss)
    envOutput                                0x20000750   Data          12  waveplayer.o(.bss)
    sin1                                     0x2000075c   Data          36  waveplayer.o(.bss)
    mParamInc                                0x20000780   Data          12  waveplayer.o(.bss)
    destParamValue                           0x2000078c   Data          12  waveplayer.o(.bss)
    currParamValue                           0x20000798   Data          12  waveplayer.o(.bss)
    delayed_samples                          0x200007a4   Data       65536  waveplayer.o(.bss)
    Send_Buffer                              0x200107a4   Data         512  waveplayer.o(.bss)
    Receive_Buffer                           0x200109a4   Data         512  waveplayer.o(.bss)
    scalar                                   0x20010ba4   Data          12  waveplayer.o(.bss)
    __initial_sp                             0x20010fb0   Data           0  startup_stm32f405xx.o(STACK)



==============================================================================

Memory Map of the image

  Image Entry point : 0x08000189

  Load Region LR_IROM1 (Base: 0x08000000, Size: 0x00008d64, Max: 0x00100000, ABSOLUTE)

    Execution Region ER_IROM1 (Base: 0x08000000, Size: 0x00008c8c, Max: 0x00100000, ABSOLUTE)

    Base Addr    Size         Type   Attr      Idx    E Section Name        Object

    0x08000000   0x00000188   Data   RO            3    RESET               startup_stm32f405xx.o
    0x08000188   0x00000000   Code   RO         5748  * .ARM.Collect$$$$00000000  mc_w.l(entry.o)
    0x08000188   0x00000004   Code   RO         5799    .ARM.Collect$$$$00000001  mc_w.l(entry2.o)
    0x0800018c   0x00000004   Code   RO         5802    .ARM.Collect$$$$00000004  mc_w.l(entry5.o)
    0x08000190   0x00000000   Code   RO         5804    .ARM.Collect$$$$00000008  mc_w.l(entry7b.o)
    0x08000190   0x00000000   Code   RO         5806    .ARM.Collect$$$$0000000A  mc_w.l(entry8b.o)
    0x08000190   0x00000008   Code   RO         5807    .ARM.Collect$$$$0000000B  mc_w.l(entry9a.o)
    0x08000198   0x00000000   Code   RO         5809    .ARM.Collect$$$$0000000D  mc_w.l(entry10a.o)
    0x08000198   0x00000000   Code   RO         5811    .ARM.Collect$$$$0000000F  mc_w.l(entry11a.o)
    0x08000198   0x00000004   Code   RO         5800    .ARM.Collect$$$$00002712  mc_w.l(entry2.o)
    0x0800019c   0x00000024   Code   RO            4    .text               startup_stm32f405xx.o
    0x080001c0   0x00000000   Code   RO         5822    .text               mc_w.l(iusefp.o)
    0x080001c0   0x00000004   Code   RO         5823    .text               mf_w.l(fpstat.o)
    0x080001c4   0x00000024   Code   RO         5825    .text               mc_w.l(init.o)
    0x080001e8   0x0000000c   Code   RO          415    i.ADC_IRQHandler    stm32f4xx_it.o
    0x080001f4   0x00000114   Code   RO         1139    i.AudioCodec_init   waveplayer.o
    0x08000308   0x00000002   Code   RO          416    i.BusFault_Handler  stm32f4xx_it.o
    0x0800030a   0x00000002   PAD
    0x0800030c   0x0000000c   Code   RO          417    i.DMA1_Stream0_IRQHandler  stm32f4xx_it.o
    0x08000318   0x0000000c   Code   RO          418    i.DMA1_Stream7_IRQHandler  stm32f4xx_it.o
    0x08000324   0x00000028   Code   RO         2420    i.DMA_SetConfig     stm32f4xx_hal_dma.o
    0x0800034c   0x00000002   Code   RO          419    i.DebugMon_Handler  stm32f4xx_it.o
    0x0800034e   0x0000003e   Code   RO         1142    i.FastTanh2Like4Term  waveplayer.o
    0x0800038c   0x00000002   Code   RO         5636    i.HAL_ADCEx_InjectedConvCpltCallback  stm32f4xx_hal_adc_ex.o
    0x0800038e   0x00000002   Code   RO         3246    i.HAL_ADC_ConvCpltCallback  stm32f4xx_hal_adc.o
    0x08000390   0x00000002   Code   RO         3249    i.HAL_ADC_ErrorCallback  stm32f4xx_hal_adc.o
    0x08000392   0x00000002   PAD
    0x08000394   0x00000194   Code   RO         3253    i.HAL_ADC_IRQHandler  stm32f4xx_hal_adc.o
    0x08000528   0x00000002   Code   RO         3255    i.HAL_ADC_LevelOutOfWindowCallback  stm32f4xx_hal_adc.o
    0x0800052a   0x00000002   PAD
    0x0800052c   0x00000f6c   Code   RO         2425    i.HAL_DMA_IRQHandler  stm32f4xx_hal_dma.o
    0x08001498   0x0000027c   Code   RO         2426    i.HAL_DMA_Init      stm32f4xx_hal_dma.o
    0x08001714   0x000000c8   Code   RO         2429    i.HAL_DMA_Start_IT  stm32f4xx_hal_dma.o
    0x080017dc   0x00000016   Code   RO         3823    i.HAL_Delay         stm32f4xx_hal.o
    0x080017f2   0x00000002   PAD
    0x080017f4   0x00000308   Code   RO         4073    i.HAL_GPIO_Init     stm32f4xx_hal_gpio.o
    0x08001afc   0x0000006c   Code   RO         4077    i.HAL_GPIO_WritePin  stm32f4xx_hal_gpio.o
    0x08001b68   0x0000000c   Code   RO         3829    i.HAL_GetTick       stm32f4xx_hal.o
    0x08001b74   0x000000ec   Code   RO         4308    i.HAL_I2C_ER_IRQHandler  stm32f4xx_hal_i2c.o
    0x08001c60   0x00000180   Code   RO         4309    i.HAL_I2C_EV_IRQHandler  stm32f4xx_hal_i2c.o
    0x08001de0   0x00000002   Code   RO         4310    i.HAL_I2C_ErrorCallback  stm32f4xx_hal_i2c.o
    0x08001de2   0x00000002   PAD
    0x08001de4   0x00000200   Code   RO         4313    i.HAL_I2C_Init      stm32f4xx_hal_i2c.o
    0x08001fe4   0x00000002   Code   RO         4315    i.HAL_I2C_MasterRxCpltCallback  stm32f4xx_hal_i2c.o
    0x08001fe6   0x00000002   Code   RO         4316    i.HAL_I2C_MasterTxCpltCallback  stm32f4xx_hal_i2c.o
    0x08001fe8   0x000000dc   Code   RO         4320    i.HAL_I2C_Master_Transmit  stm32f4xx_hal_i2c.o
    0x080020c4   0x00000002   Code   RO         4323    i.HAL_I2C_MemRxCpltCallback  stm32f4xx_hal_i2c.o
    0x080020c6   0x00000002   Code   RO         4324    i.HAL_I2C_MemTxCpltCallback  stm32f4xx_hal_i2c.o
    0x080020c8   0x0000006c   Code   RO          709    i.HAL_I2C_MspInit   i2c.o
    0x08002134   0x00000002   Code   RO         4333    i.HAL_I2C_SlaveRxCpltCallback  stm32f4xx_hal_i2c.o
    0x08002136   0x00000002   Code   RO         4334    i.HAL_I2C_SlaveTxCpltCallback  stm32f4xx_hal_i2c.o
    0x08002138   0x000001d8   Code   RO         3981    i.HAL_I2SEx_TransmitReceive_DMA  stm32f4xx_hal_i2s_ex.o
    0x08002310   0x00000002   Code   RO         2621    i.HAL_I2S_ErrorCallback  stm32f4xx_hal_i2s.o
    0x08002312   0x00000002   PAD
    0x08002314   0x00000254   Code   RO         3987    i.HAL_I2S_Init      stm32f4xx_hal_i2s_ex.o
    0x08002568   0x000000fc   Code   RO          775    i.HAL_I2S_MspInit   i2s.o
    0x08002664   0x00000002   Code   RO         1143    i.HAL_I2S_RxCpltCallback  waveplayer.o
    0x08002666   0x00000002   Code   RO         1144    i.HAL_I2S_RxHalfCpltCallback  waveplayer.o
    0x08002668   0x00000006   Code   RO         1145    i.HAL_I2S_TxCpltCallback  waveplayer.o
    0x0800266e   0x00000006   Code   RO         1146    i.HAL_I2S_TxHalfCpltCallback  waveplayer.o
    0x08002674   0x00000010   Code   RO         3830    i.HAL_IncTick       stm32f4xx_hal.o
    0x08002684   0x00000034   Code   RO         3831    i.HAL_Init          stm32f4xx_hal.o
    0x080026b8   0x00000022   Code   RO         3832    i.HAL_InitTick      stm32f4xx_hal.o
    0x080026da   0x00000054   Code   RO          337    i.HAL_MspInit       stm32f4xx_hal_msp.o
    0x0800272e   0x00000002   PAD
    0x08002730   0x00000060   Code   RO         4138    i.HAL_NVIC_EnableIRQ  stm32f4xx_hal_cortex.o
    0x08002790   0x000000a0   Code   RO         4144    i.HAL_NVIC_SetPriority  stm32f4xx_hal_cortex.o
    0x08002830   0x00000080   Code   RO         4145    i.HAL_NVIC_SetPriorityGrouping  stm32f4xx_hal_cortex.o
    0x080028b0   0x00000008   Code   RO          884    i.HAL_PCD_ConnectCallback  usbd_conf.o
    0x080028b8   0x00000012   Code   RO          885    i.HAL_PCD_DataInStageCallback  usbd_conf.o
    0x080028ca   0x00000014   Code   RO          886    i.HAL_PCD_DataOutStageCallback  usbd_conf.o
    0x080028de   0x00000008   Code   RO          887    i.HAL_PCD_DisconnectCallback  usbd_conf.o
    0x080028e6   0x00000050   Code   RO         2215    i.HAL_PCD_EP_ClrStall  stm32f4xx_hal_pcd.o
    0x08002936   0x00000054   Code   RO         2218    i.HAL_PCD_EP_Open   stm32f4xx_hal_pcd.o
    0x0800298a   0x00000002   PAD
    0x0800298c   0x0000005e   Code   RO         2219    i.HAL_PCD_EP_Receive  stm32f4xx_hal_pcd.o
    0x080029ea   0x00000060   Code   RO         2220    i.HAL_PCD_EP_SetStall  stm32f4xx_hal_pcd.o
    0x08002a4a   0x00000056   Code   RO         2221    i.HAL_PCD_EP_Transmit  stm32f4xx_hal_pcd.o
    0x08002aa0   0x000003e4   Code   RO         2223    i.HAL_PCD_IRQHandler  stm32f4xx_hal_pcd.o
    0x08002e84   0x00000008   Code   RO          888    i.HAL_PCD_ISOINIncompleteCallback  usbd_conf.o
    0x08002e8c   0x00000008   Code   RO          889    i.HAL_PCD_ISOOUTIncompleteCallback  usbd_conf.o
    0x08002e94   0x00000020   Code   RO          892    i.HAL_PCD_ResetCallback  usbd_conf.o
    0x08002eb4   0x00000008   Code   RO          893    i.HAL_PCD_ResumeCallback  usbd_conf.o
    0x08002ebc   0x00000008   Code   RO          894    i.HAL_PCD_SOFCallback  usbd_conf.o
    0x08002ec4   0x00000024   Code   RO         2232    i.HAL_PCD_SetAddress  stm32f4xx_hal_pcd.o
    0x08002ee8   0x0000000e   Code   RO          895    i.HAL_PCD_SetupStageCallback  usbd_conf.o
    0x08002ef6   0x00000002   PAD
    0x08002ef8   0x00000030   Code   RO          896    i.HAL_PCD_SuspendCallback  usbd_conf.o
    0x08002f28   0x00000002   Code   RO         3711    i.HAL_RCC_CSSCallback  stm32f4xx_hal_rcc.o
    0x08002f2a   0x00000002   PAD
    0x08002f2c   0x00000360   Code   RO         3712    i.HAL_RCC_ClockConfig  stm32f4xx_hal_rcc.o
    0x0800328c   0x00000034   Code   RO         3717    i.HAL_RCC_GetHCLKFreq  stm32f4xx_hal_rcc.o
    0x080032c0   0x0000002c   Code   RO         3719    i.HAL_RCC_GetPCLK1Freq  stm32f4xx_hal_rcc.o
    0x080032ec   0x00000070   Code   RO         3721    i.HAL_RCC_GetSysClockFreq  stm32f4xx_hal_rcc.o
    0x0800335c   0x0000001c   Code   RO         3723    i.HAL_RCC_NMI_IRQHandler  stm32f4xx_hal_rcc.o
    0x08003378   0x00000466   Code   RO         3724    i.HAL_RCC_OscConfig  stm32f4xx_hal_rcc.o
    0x080037de   0x00000002   Code   RO         2867    i.HAL_RNG_ErrorCallback  stm32f4xx_hal_rng.o
    0x080037e0   0x0000006a   Code   RO         2868    i.HAL_RNG_GenerateRandomNumber  stm32f4xx_hal_rng.o
    0x0800384a   0x00000052   Code   RO         2873    i.HAL_RNG_IRQHandler  stm32f4xx_hal_rng.o
    0x0800389c   0x0000003e   Code   RO         2874    i.HAL_RNG_Init      stm32f4xx_hal_rng.o
    0x080038da   0x00000002   PAD
    0x080038dc   0x00000034   Code   RO          243    i.HAL_RNG_MspInit   rng.o
    0x08003910   0x00000002   Code   RO         2878    i.HAL_RNG_ReadyDataCallback  stm32f4xx_hal_rng.o
    0x08003912   0x00000002   Code   RO         4613    i.HAL_SPI_ErrorCallback  stm32f4xx_hal_spi.o
    0x08003914   0x000000bc   Code   RO         4616    i.HAL_SPI_IRQHandler  stm32f4xx_hal_spi.o
    0x080039d0   0x000001a0   Code   RO         4617    i.HAL_SPI_Init      stm32f4xx_hal_spi.o
    0x08003b70   0x000000b8   Code   RO          661    i.HAL_SPI_MspInit   spi.o
    0x08003c28   0x000002fc   Code   RO         4626    i.HAL_SPI_TransmitReceive  stm32f4xx_hal_spi.o
    0x08003f24   0x00000002   Code   RO         4148    i.HAL_SYSTICK_Callback  stm32f4xx_hal_cortex.o
    0x08003f26   0x00000028   Code   RO         4149    i.HAL_SYSTICK_Config  stm32f4xx_hal_cortex.o
    0x08003f4e   0x00000008   Code   RO         4150    i.HAL_SYSTICK_IRQHandler  stm32f4xx_hal_cortex.o
    0x08003f56   0x00000002   Code   RO         1936    i.HAL_TIMEx_BreakCallback  stm32f4xx_hal_tim_ex.o
    0x08003f58   0x00000002   Code   RO         1937    i.HAL_TIMEx_CommutationCallback  stm32f4xx_hal_tim_ex.o
    0x08003f5a   0x00000002   Code   RO         4884    i.HAL_TIM_IC_CaptureCallback  stm32f4xx_hal_tim.o
    0x08003f5c   0x00000166   Code   RO         4897    i.HAL_TIM_IRQHandler  stm32f4xx_hal_tim.o
    0x080040c2   0x00000002   Code   RO         4900    i.HAL_TIM_OC_DelayElapsedCallback  stm32f4xx_hal_tim.o
    0x080040c4   0x00000002   Code   RO         4927    i.HAL_TIM_PWM_PulseFinishedCallback  stm32f4xx_hal_tim.o
    0x080040c6   0x00000002   Code   RO         4934    i.HAL_TIM_PeriodElapsedCallback  stm32f4xx_hal_tim.o
    0x080040c8   0x00000002   Code   RO         4938    i.HAL_TIM_TriggerCallback  stm32f4xx_hal_tim.o
    0x080040ca   0x00000002   Code   RO         2974    i.HAL_UART_ErrorCallback  stm32f4xx_hal_uart.o
    0x080040cc   0x0000010a   Code   RO         2977    i.HAL_UART_IRQHandler  stm32f4xx_hal_uart.o
    0x080041d6   0x00000002   Code   RO         2984    i.HAL_UART_RxCpltCallback  stm32f4xx_hal_uart.o
    0x080041d8   0x00000002   Code   RO         2989    i.HAL_UART_TxCpltCallback  stm32f4xx_hal_uart.o
    0x080041da   0x00000002   PAD
    0x080041dc   0x0000000c   Code   RO          420    i.HASH_RNG_IRQHandler  stm32f4xx_it.o
    0x080041e8   0x0000000c   Code   RO          421    i.I2C1_ER_IRQHandler  stm32f4xx_it.o
    0x080041f4   0x0000000c   Code   RO          422    i.I2C1_EV_IRQHandler  stm32f4xx_it.o
    0x08004200   0x000000a4   Code   RO         4348    i.I2C_MasterReceive_BTF  stm32f4xx_hal_i2c.o
    0x080042a4   0x00000088   Code   RO         4349    i.I2C_MasterReceive_RXNE  stm32f4xx_hal_i2c.o
    0x0800432c   0x00000074   Code   RO         4351    i.I2C_MasterRequestWrite  stm32f4xx_hal_i2c.o
    0x080043a0   0x00000064   Code   RO         4352    i.I2C_MasterTransmit_BTF  stm32f4xx_hal_i2c.o
    0x08004404   0x0000008a   Code   RO         4355    i.I2C_WaitOnFlagUntilTimeout  stm32f4xx_hal_i2c.o
    0x0800448e   0x00000002   PAD
    0x08004490   0x00000088   Code   RO         4356    i.I2C_WaitOnMasterAddressFlagUntilTimeout  stm32f4xx_hal_i2c.o
    0x08004518   0x0000001e   Code   RO         2638    i.I2S_DMAError      stm32f4xx_hal_i2s.o
    0x08004536   0x00000002   PAD
    0x08004538   0x00000068   Code   RO         3989    i.I2S_DMARxCplt     stm32f4xx_hal_i2s_ex.o
    0x080045a0   0x0000000a   Code   RO         2639    i.I2S_DMARxHalfCplt  stm32f4xx_hal_i2s.o
    0x080045aa   0x00000002   PAD
    0x080045ac   0x00000064   Code   RO         3990    i.I2S_DMATxCplt     stm32f4xx_hal_i2s_ex.o
    0x08004610   0x0000000a   Code   RO         2640    i.I2S_DMATxHalfCplt  stm32f4xx_hal_i2s.o
    0x0800461a   0x00000002   PAD
    0x0800461c   0x00000058   Code   RO         3991    i.I2S_GetInputClock  stm32f4xx_hal_i2s_ex.o
    0x08004674   0x0000004c   Code   RO         1147    i.KSprocess         waveplayer.o
    0x080046c0   0x0000003c   Code   RO         1115    i.MX_DMA_Init       dma.o
    0x080046fc   0x00000124   Code   RO          750    i.MX_GPIO_Init      gpio.o
    0x08004820   0x00000030   Code   RO          710    i.MX_I2C1_Init      i2c.o
    0x08004850   0x0000002c   Code   RO          776    i.MX_I2S3_Init      i2s.o
    0x0800487c   0x00000014   Code   RO          244    i.MX_RNG_Init       rng.o
    0x08004890   0x00000030   Code   RO          662    i.MX_SPI1_Init      spi.o
    0x080048c0   0x00000030   Code   RO          663    i.MX_SPI2_Init      spi.o
    0x080048f0   0x00000002   Code   RO          423    i.MemManage_Handler  stm32f4xx_it.o
    0x080048f2   0x00000002   PAD
    0x080048f4   0x00000030   Code   RO         1148    i.MtoF              waveplayer.o
    0x08004924   0x00000004   Code   RO          424    i.NMI_Handler       stm32f4xx_it.o
    0x08004928   0x00000020   Code   RO         4151    i.NVIC_SetPriority  stm32f4xx_hal_cortex.o
    0x08004948   0x0000000c   Code   RO          425    i.OTG_FS_IRQHandler  stm32f4xx_it.o
    0x08004954   0x00000096   Code   RO         2237    i.PCD_WriteEmptyTxFifo  stm32f4xx_hal_pcd.o
    0x080049ea   0x00000002   Code   RO          426    i.RCC_IRQHandler    stm32f4xx_it.o
    0x080049ec   0x0000000c   Code   RO          427    i.SPI1_IRQHandler   stm32f4xx_it.o
    0x080049f8   0x0000000c   Code   RO          428    i.SPI2_IRQHandler   stm32f4xx_it.o
    0x08004a04   0x0000009e   Code   RO         4648    i.SPI_WaitOnFlagUntilTimeout  stm32f4xx_hal_spi.o
    0x08004aa2   0x00000002   PAD
    0x08004aa4   0x00000054   Code   RO         1150    i.StartAudio        waveplayer.o
    0x08004af8   0x0000000e   Code   RO          429    i.SysTick_Handler   stm32f4xx_it.o
    0x08004b06   0x00000002   PAD
    0x08004b08   0x00000074   Code   RO          563    i.SystemClock_Config  main.o
    0x08004b7c   0x00000054   Code   RO         1532    i.SystemInit        system_stm32f4xx.o
    0x08004bd0   0x0000000c   Code   RO          430    i.TIM1_BRK_TIM9_IRQHandler  stm32f4xx_it.o
    0x08004bdc   0x0000000c   Code   RO          431    i.TIM1_CC_IRQHandler  stm32f4xx_it.o
    0x08004be8   0x0000000c   Code   RO          432    i.TIM1_TRG_COM_TIM11_IRQHandler  stm32f4xx_it.o
    0x08004bf4   0x0000000c   Code   RO          433    i.TIM1_UP_TIM10_IRQHandler  stm32f4xx_it.o
    0x08004c00   0x0000000c   Code   RO          434    i.UART5_IRQHandler  stm32f4xx_it.o
    0x08004c0c   0x000000a8   Code   RO         2996    i.UART_Receive_IT   stm32f4xx_hal_uart.o
    0x08004cb4   0x00000066   Code   RO         2998    i.UART_Transmit_IT  stm32f4xx_hal_uart.o
    0x08004d1a   0x0000000e   Code   RO         1733    i.USBD_ClrClassConfig  usbd_core.o
    0x08004d28   0x00000010   Code   RO         1673    i.USBD_CtlContinueRx  usbd_ioreq.o
    0x08004d38   0x00000010   Code   RO         1674    i.USBD_CtlContinueSendData  usbd_ioreq.o
    0x08004d48   0x00000016   Code   RO         1871    i.USBD_CtlError     usbd_ctlreq.o
    0x08004d5e   0x00000016   Code   RO         1676    i.USBD_CtlReceiveStatus  usbd_ioreq.o
    0x08004d74   0x0000001a   Code   RO         1677    i.USBD_CtlSendData  usbd_ioreq.o
    0x08004d8e   0x00000016   Code   RO         1678    i.USBD_CtlSendStatus  usbd_ioreq.o
    0x08004da4   0x000000e0   Code   RO         1872    i.USBD_GetDescriptor  usbd_ctlreq.o
    0x08004e84   0x0000000e   Code   RO          897    i.USBD_LL_ClearStallEP  usbd_conf.o
    0x08004e92   0x000000aa   Code   RO         1736    i.USBD_LL_DataInStage  usbd_core.o
    0x08004f3c   0x0000006a   Code   RO         1737    i.USBD_LL_DataOutStage  usbd_core.o
    0x08004fa6   0x00000004   Code   RO         1738    i.USBD_LL_DevConnected  usbd_core.o
    0x08004faa   0x00000016   Code   RO         1739    i.USBD_LL_DevDisconnected  usbd_core.o
    0x08004fc0   0x00000020   Code   RO          904    i.USBD_LL_IsStallEP  usbd_conf.o
    0x08004fe0   0x00000004   Code   RO         1740    i.USBD_LL_IsoINIncomplete  usbd_core.o
    0x08004fe4   0x00000004   Code   RO         1741    i.USBD_LL_IsoOUTIncomplete  usbd_core.o
    0x08004fe8   0x00000014   Code   RO          905    i.USBD_LL_OpenEP    usbd_conf.o
    0x08004ffc   0x0000000e   Code   RO          906    i.USBD_LL_PrepareReceive  usbd_conf.o
    0x0800500a   0x0000003e   Code   RO         1742    i.USBD_LL_Reset     usbd_core.o
    0x08005048   0x0000000c   Code   RO         1743    i.USBD_LL_Resume    usbd_core.o
    0x08005054   0x00000018   Code   RO         1744    i.USBD_LL_SOF       usbd_core.o
    0x0800506c   0x00000006   Code   RO         1745    i.USBD_LL_SetSpeed  usbd_core.o
    0x08005072   0x0000000e   Code   RO          907    i.USBD_LL_SetUSBAddress  usbd_conf.o
    0x08005080   0x0000005a   Code   RO         1746    i.USBD_LL_SetupStage  usbd_core.o
    0x080050da   0x0000000e   Code   RO          908    i.USBD_LL_StallEP   usbd_conf.o
    0x080050e8   0x00000012   Code   RO         1747    i.USBD_LL_Suspend   usbd_core.o
    0x080050fa   0x0000000e   Code   RO          911    i.USBD_LL_Transmit  usbd_conf.o
    0x08005108   0x00000028   Code   RO         1874    i.USBD_ParseSetupRequest  usbd_ctlreq.o
    0x08005130   0x00000016   Code   RO         1750    i.USBD_SetClassConfig  usbd_core.o
    0x08005146   0x00000002   PAD
    0x08005148   0x00000074   Code   RO         1875    i.USBD_SetConfig    usbd_ctlreq.o
    0x080051bc   0x000000f2   Code   RO         1876    i.USBD_StdDevReq    usbd_ctlreq.o
    0x080052ae   0x000000dc   Code   RO         1877    i.USBD_StdEPReq     usbd_ctlreq.o
    0x0800538a   0x00000034   Code   RO         1878    i.USBD_StdItfReq    usbd_ctlreq.o
    0x080053be   0x00000002   PAD
    0x080053c0   0x00000080   Code   RO         3411    i.USB_ActivateEndpoint  stm32f4xx_ll_usb.o
    0x08005440   0x00000034   Code   RO         3412    i.USB_ActivateSetup  stm32f4xx_ll_usb.o
    0x08005474   0x00000140   Code   RO         3424    i.USB_EP0StartXfer  stm32f4xx_ll_usb.o
    0x080055b4   0x0000003e   Code   RO         3425    i.USB_EP0_OutStart  stm32f4xx_ll_usb.o
    0x080055f2   0x00000064   Code   RO         3426    i.USB_EPClearStall  stm32f4xx_ll_usb.o
    0x08005656   0x0000005e   Code   RO         3427    i.USB_EPSetStall    stm32f4xx_ll_usb.o
    0x080056b4   0x0000021c   Code   RO         3428    i.USB_EPStartXfer   stm32f4xx_ll_usb.o
    0x080058d0   0x00000024   Code   RO         3431    i.USB_FlushTxFifo   stm32f4xx_ll_usb.o
    0x080058f4   0x0000003c   Code   RO         3433    i.USB_GetDevSpeed   stm32f4xx_ll_usb.o
    0x08005930   0x00000008   Code   RO         3435    i.USB_GetMode       stm32f4xx_ll_usb.o
    0x08005938   0x0000000e   Code   RO         3442    i.USB_ReadDevAllInEpInterrupt  stm32f4xx_ll_usb.o
    0x08005946   0x0000000e   Code   RO         3443    i.USB_ReadDevAllOutEpInterrupt  stm32f4xx_ll_usb.o
    0x08005954   0x0000001e   Code   RO         3444    i.USB_ReadDevInEPInterrupt  stm32f4xx_ll_usb.o
    0x08005972   0x00000010   Code   RO         3445    i.USB_ReadDevOutEPInterrupt  stm32f4xx_ll_usb.o
    0x08005982   0x00000008   Code   RO         3446    i.USB_ReadInterrupts  stm32f4xx_ll_usb.o
    0x0800598a   0x00000020   Code   RO         3447    i.USB_ReadPacket    stm32f4xx_ll_usb.o
    0x080059aa   0x00000022   Code   RO         3450    i.USB_SetDevAddress  stm32f4xx_ll_usb.o
    0x080059cc   0x00000028   Code   RO         3454    i.USB_WritePacket   stm32f4xx_ll_usb.o
    0x080059f4   0x00000002   Code   RO          435    i.UsageFault_Handler  stm32f4xx_it.o
    0x080059f6   0x00000026   Code   RO         5783    i.__ARM_fpclassifyf  m_wm.l(fpclassifyf.o)
    0x08005a1c   0x00000664   Code   RO         5734    i.__hardfp_powf     m_wm.l(powf.o)
    0x08006080   0x00000014   Code   RO         5785    i.__mathlib_flt_divzero  m_wm.l(funder.o)
    0x08006094   0x00000006   Code   RO         5787    i.__mathlib_flt_infnan2  m_wm.l(funder.o)
    0x0800609a   0x00000002   PAD
    0x0800609c   0x00000010   Code   RO         5788    i.__mathlib_flt_invalid  m_wm.l(funder.o)
    0x080060ac   0x00000010   Code   RO         5789    i.__mathlib_flt_overflow  m_wm.l(funder.o)
    0x080060bc   0x00000010   Code   RO         5791    i.__mathlib_flt_underflow  m_wm.l(funder.o)
    0x080060cc   0x0000000e   Code   RO         5829    i.__scatterload_copy  mc_w.l(handlers.o)
    0x080060da   0x00000002   Code   RO         5830    i.__scatterload_null  mc_w.l(handlers.o)
    0x080060dc   0x0000000e   Code   RO         5831    i.__scatterload_zeroinit  mc_w.l(handlers.o)
    0x080060ea   0x00000002   PAD
    0x080060ec   0x0000000c   Code   RO         5817    i.__set_errno       mc_w.l(errno.o)
    0x080060f8   0x0000006c   Code   RO         1152    i.adc_env_detector  waveplayer.o
    0x08006164   0x00000002   Code   RO          565    i.assert_failed     main.o
    0x08006166   0x0000000a   Code   RO         1425    i.cFreq             audiounits.o
    0x08006170   0x0000004e   Code   RO         1426    i.cStep             audiounits.o
    0x080061be   0x00000002   PAD
    0x080061c0   0x000000d0   Code   RO         1154    i.fillBufferWithInputProcess  waveplayer.o
    0x08006290   0x00000108   Code   RO         1156    i.getADC_Raw        waveplayer.o
    0x08006398   0x0000002c   Code   RO         1157    i.highpass          waveplayer.o
    0x080063c4   0x0000002c   Code   RO         1158    i.highpass2         waveplayer.o
    0x080063f0   0x0000005c   Code   RO         1159    i.initScalars       waveplayer.o
    0x0800644c   0x00000088   Code   RO         1160    i.interpolateDelay  waveplayer.o
    0x080064d4   0x000000b8   Code   RO         1161    i.interpolateFeedback  waveplayer.o
    0x0800658c   0x00000050   Code   RO          566    i.main              main.o
    0x080065dc   0x000001c0   Code   RO         1162    i.myProcess         waveplayer.o
    0x0800679c   0x00000064   Code   RO         1163    i.nextOut           waveplayer.o
    0x08006800   0x00000010   Code   RO         1427    i.phasorFreq        audiounits.o
    0x08006810   0x00000024   Code   RO         1428    i.phasorStep        audiounits.o
    0x08006834   0x00000068   Code   RO         1166    i.readExternalADC   waveplayer.o
    0x0800689c   0x00000050   Code   RO         1169    i.setDelay          waveplayer.o
    0x080068ec   0x00000058   Code   RO         1170    i.setRamp           waveplayer.o
    0x08006944   0x00000024   Code   RO         1434    i.tCycleInit        audiounits.o
    0x08006968   0x00000028   Code   RO         1436    i.tPhasorInit       audiounits.o
    0x08006990   0x0000003c   Code   RO         1172    i.thresholdCheck    waveplayer.o
    0x080069cc   0x00000084   Code   RO         1173    i.tick              waveplayer.o
    0x08006a50   0x00000030   Code   RO         1174    i.updatePhase       waveplayer.o
    0x08006a80   0x00000060   Code   RO         1175    i.wavetableSynth    waveplayer.o
    0x08006ae0   0x0000003c   Code   RO         1176    i.whiteNoise        waveplayer.o
    0x08006b1c   0x00002000   Data   RO         1180    .constdata          waveplayer.o
    0x08008b1c   0x00000010   Data   RO         3725    .constdata          stm32f4xx_hal_rcc.o
    0x08008b2c   0x00000140   Data   RO         5737    .constdata          m_wm.l(powf.o)
    0x08008c6c   0x00000020   Data   RO         5827    Region$$Table       anon$$obj.o


    Execution Region RW_IRAM1 (Base: 0x20000000, Size: 0x00010fb0, Max: 0x00020000, ABSOLUTE)

    Base Addr    Size         Type   Attr      Idx    E Section Name        Object

    0x20000000   0x000000b8   Data   RW         1183    .data               waveplayer.o
    0x200000b8   0x00000014   Data   RW         1533    .data               system_stm32f4xx.o
    0x200000cc   0x00000001   Data   RW         1879    .data               usbd_ctlreq.o
    0x200000cd   0x00000003   PAD
    0x200000d0   0x00000004   Data   RW         3837    .data               stm32f4xx_hal.o
    0x200000d4   0x00000004   Data   RW         5818    .data               mc_w.l(errno.o)
    0x200000d8   0x00000040   Zero   RW           16    .bss                usart.o
    0x20000118   0x0000000c   Zero   RW          245    .bss                rng.o
    0x20000124   0x0000003c   Zero   RW          366    .bss                tim.o
    0x20000160   0x00000014   Zero   RW          567    .bss                main.o
    0x20000174   0x00000014   Zero   RW          568    .bss                main.o
    0x20000188   0x000000b0   Zero   RW          664    .bss                spi.o
    0x20000238   0x0000003c   Zero   RW          711    .bss                i2c.o
    0x20000274   0x000000e4   Zero   RW          777    .bss                i2s.o
    0x20000358   0x000003b4   Zero   RW          912    .bss                usbd_conf.o
    0x2000070c   0x00000044   Zero   RW         1076    .bss                adc.o
    0x20000750   0x00010460   Zero   RW         1177    .bss                waveplayer.o
    0x20010bb0   0x00000400   Zero   RW            1    STACK               startup_stm32f405xx.o


==============================================================================

Image component sizes


      Code (inc. data)   RO Data    RW Data    ZI Data      Debug   Object Name

         0          0          0          0         68        280   adc.o
       216         22          0          0          0       4431   audiounits.o
        60          4          0          0          0        938   dma.o
       292         16          0          0          0       1219   gpio.o
       156         28          0          0         60       1901   i2c.o
       296         38          0          0        228       2111   i2s.o
       198         16          0          0         40       3128   main.o
        72         18          0          0         12       1763   rng.o
       280         40          0          0        176       2558   spi.o
        36          8        392          0       1024       1040   startup_stm32f405xx.o
       136         16          0          4          0       4778   stm32f4xx_hal.o
       410         58          0          0          0       3419   stm32f4xx_hal_adc.o
         2          0          0          0          0       1153   stm32f4xx_hal_adc_ex.o
       466        196          0          0          0      32183   stm32f4xx_hal_cortex.o
      4824        180          0          0          0       5039   stm32f4xx_hal_dma.o
       884        194          0          0          0       2960   stm32f4xx_hal_gpio.o
      2156        116          0          0          0      15955   stm32f4xx_hal_i2c.o
        52          0          0          0          0       3207   stm32f4xx_hal_i2s.o
      1360        142          0          0          0       5787   stm32f4xx_hal_i2s_ex.o
        84          0          0          0          0        614   stm32f4xx_hal_msp.o
      1622          0          0          0          0       9059   stm32f4xx_hal_pcd.o
      2228        176         16          0          0       7699   stm32f4xx_hal_rcc.o
       254          0          0          0          0       4323   stm32f4xx_hal_rng.o
      1528        112          0          0          0       5918   stm32f4xx_hal_spi.o
       368          0          0          0          0       5446   stm32f4xx_hal_tim.o
         4          0          0          0          0       1794   stm32f4xx_hal_tim_ex.o
       542          0          0          0          0       5395   stm32f4xx_hal_uart.o
       196         84          0          0          0      11551   stm32f4xx_it.o
      1588         20          0          0          0      15204   stm32f4xx_ll_usb.o
        84         18          0         20          0       1605   system_stm32f4xx.o
         0          0          0          0         60        280   tim.o
         0          0          0          0         64     384313   usart.o
         0          0          0          0          0       4452   usb_device.o
       302          4          0          0        948      12599   usbd_conf.o
       558          0          0          0          0      11200   usbd_core.o
       916         30          0          1          0       7811   usbd_ctlreq.o
       102          0          0          0          0       4332   usbd_ioreq.o
      2858        358       8192        184      66656      25270   waveplayer.o

    ----------------------------------------------------------------------
     25174       1894       8632        212      69336     612715   Object Totals
         0          0         32          0          0          0   (incl. Generated)
        44          0          0          3          0          0   (incl. Padding)

    ----------------------------------------------------------------------

      Code (inc. data)   RO Data    RW Data    ZI Data      Debug   Library Member Name

        38          0          0          0          0        116   fpclassifyf.o
        74         24          0          0          0        580   funder.o
      1636        110        320          0          0        372   powf.o
         0          0          0          0          0          0   entry.o
         0          0          0          0          0          0   entry10a.o
         0          0          0          0          0          0   entry11a.o
         8          4          0          0          0          0   entry2.o
         4          0          0          0          0          0   entry5.o
         0          0          0          0          0          0   entry7b.o
         0          0          0          0          0          0   entry8b.o
         8          4          0          0          0          0   entry9a.o
        12          6          0          4          0         68   errno.o
        30          0          0          0          0          0   handlers.o
        36          8          0          0          0         68   init.o
         0          0          0          0          0          0   iusefp.o
         4          0          0          0          0         68   fpstat.o

    ----------------------------------------------------------------------
      1854        156        320          4          0       1272   Library Totals
         4          0          0          0          0          0   (incl. Padding)

    ----------------------------------------------------------------------

      Code (inc. data)   RO Data    RW Data    ZI Data      Debug   Library Name

      1748        134        320          0          0       1068   m_wm.l
        98         22          0          4          0        136   mc_w.l
         4          0          0          0          0         68   mf_w.l

    ----------------------------------------------------------------------
      1854        156        320          4          0       1272   Library Totals

    ----------------------------------------------------------------------

==============================================================================


      Code (inc. data)   RO Data    RW Data    ZI Data      Debug   

     27028       2050       8952        216      69336     593239   Grand Totals
     27028       2050       8952        216      69336     593239   ELF Image Totals
     27028       2050       8952        216          0          0   ROM Totals

==============================================================================

    Total RO  Size (Code + RO Data)                35980 (  35.14kB)
    Total RW  Size (RW Data + ZI Data)             69552 (  67.92kB)
    Total ROM Size (Code + RO Data + RW Data)      36196 (  35.35kB)

==============================================================================

